Component: ARM Compiler 5.06 update 4 (build 422) Tool: armlink [4d35d2]

==============================================================================

Section Cross References

    startup_stm32f10x_md.o(STACK) refers (Special) to heapauxi.o(.text) for __use_two_region_memory
    startup_stm32f10x_md.o(HEAP) refers (Special) to heapauxi.o(.text) for __use_two_region_memory
    startup_stm32f10x_md.o(RESET) refers (Special) to heapauxi.o(.text) for __use_two_region_memory
    startup_stm32f10x_md.o(RESET) refers to startup_stm32f10x_md.o(STACK) for __initial_sp
    startup_stm32f10x_md.o(RESET) refers to startup_stm32f10x_md.o(.text) for Reset_Handler
    startup_stm32f10x_md.o(RESET) refers to stm32f10x_it.o(i.NMI_Handler) for NMI_Handler
    startup_stm32f10x_md.o(RESET) refers to stm32f10x_it.o(i.HardFault_Handler) for HardFault_Handler
    startup_stm32f10x_md.o(RESET) refers to stm32f10x_it.o(i.MemManage_Handler) for MemManage_Handler
    startup_stm32f10x_md.o(RESET) refers to stm32f10x_it.o(i.BusFault_Handler) for BusFault_Handler
    startup_stm32f10x_md.o(RESET) refers to stm32f10x_it.o(i.UsageFault_Handler) for UsageFault_Handler
    startup_stm32f10x_md.o(RESET) refers to stm32f10x_it.o(i.SVC_Handler) for SVC_Handler
    startup_stm32f10x_md.o(RESET) refers to stm32f10x_it.o(i.DebugMon_Handler) for DebugMon_Handler
    startup_stm32f10x_md.o(RESET) refers to stm32f10x_it.o(i.PendSV_Handler) for PendSV_Handler
    startup_stm32f10x_md.o(RESET) refers to stm32f10x_it.o(i.SysTick_Handler) for SysTick_Handler
    startup_stm32f10x_md.o(RESET) refers to usart.o(i.USART2_IRQHandler) for USART2_IRQHandler
    startup_stm32f10x_md.o(RESET) refers to key.o(i.EXTI15_10_IRQHandler) for EXTI15_10_IRQHandler
    startup_stm32f10x_md.o(.text) refers (Special) to heapauxi.o(.text) for __use_two_region_memory
    startup_stm32f10x_md.o(.text) refers to system_stm32f10x.o(i.SystemInit) for SystemInit
    startup_stm32f10x_md.o(.text) refers to __main.o(!!!main) for __main
    startup_stm32f10x_md.o(.text) refers to startup_stm32f10x_md.o(HEAP) for Heap_Mem
    startup_stm32f10x_md.o(.text) refers to startup_stm32f10x_md.o(STACK) for Stack_Mem
    system_stm32f10x.o(i.SetSysClock) refers to system_stm32f10x.o(i.SetSysClockTo72) for SetSysClockTo72
    system_stm32f10x.o(i.SystemCoreClockUpdate) refers to system_stm32f10x.o(.data) for SystemCoreClock
    system_stm32f10x.o(i.SystemInit) refers to system_stm32f10x.o(i.SetSysClock) for SetSysClock
    stm32f10x_adc.o(i.ADC_DeInit) refers to stm32f10x_rcc.o(i.RCC_APB2PeriphResetCmd) for RCC_APB2PeriphResetCmd
    stm32f10x_bkp.o(i.BKP_DeInit) refers to stm32f10x_rcc.o(i.RCC_BackupResetCmd) for RCC_BackupResetCmd
    stm32f10x_can.o(i.CAN_DeInit) refers to stm32f10x_rcc.o(i.RCC_APB1PeriphResetCmd) for RCC_APB1PeriphResetCmd
    stm32f10x_can.o(i.CAN_GetITStatus) refers to stm32f10x_can.o(i.CheckITStatus) for CheckITStatus
    stm32f10x_cec.o(i.CEC_DeInit) refers to stm32f10x_rcc.o(i.RCC_APB1PeriphResetCmd) for RCC_APB1PeriphResetCmd
    stm32f10x_dac.o(i.DAC_DeInit) refers to stm32f10x_rcc.o(i.RCC_APB1PeriphResetCmd) for RCC_APB1PeriphResetCmd
    stm32f10x_flash.o(i.FLASH_EnableWriteProtection) refers to stm32f10x_flash.o(i.FLASH_WaitForLastOperation) for FLASH_WaitForLastOperation
    stm32f10x_flash.o(i.FLASH_EraseAllBank1Pages) refers to stm32f10x_flash.o(i.FLASH_WaitForLastBank1Operation) for FLASH_WaitForLastBank1Operation
    stm32f10x_flash.o(i.FLASH_EraseAllPages) refers to stm32f10x_flash.o(i.FLASH_WaitForLastOperation) for FLASH_WaitForLastOperation
    stm32f10x_flash.o(i.FLASH_EraseOptionBytes) refers to stm32f10x_flash.o(i.FLASH_GetReadOutProtectionStatus) for FLASH_GetReadOutProtectionStatus
    stm32f10x_flash.o(i.FLASH_EraseOptionBytes) refers to stm32f10x_flash.o(i.FLASH_WaitForLastOperation) for FLASH_WaitForLastOperation
    stm32f10x_flash.o(i.FLASH_ErasePage) refers to stm32f10x_flash.o(i.FLASH_WaitForLastOperation) for FLASH_WaitForLastOperation
    stm32f10x_flash.o(i.FLASH_ProgramHalfWord) refers to stm32f10x_flash.o(i.FLASH_WaitForLastOperation) for FLASH_WaitForLastOperation
    stm32f10x_flash.o(i.FLASH_ProgramOptionByteData) refers to stm32f10x_flash.o(i.FLASH_WaitForLastOperation) for FLASH_WaitForLastOperation
    stm32f10x_flash.o(i.FLASH_ProgramWord) refers to stm32f10x_flash.o(i.FLASH_WaitForLastOperation) for FLASH_WaitForLastOperation
    stm32f10x_flash.o(i.FLASH_ReadOutProtection) refers to stm32f10x_flash.o(i.FLASH_WaitForLastOperation) for FLASH_WaitForLastOperation
    stm32f10x_flash.o(i.FLASH_UserOptionByteConfig) refers to stm32f10x_flash.o(i.FLASH_WaitForLastOperation) for FLASH_WaitForLastOperation
    stm32f10x_flash.o(i.FLASH_WaitForLastBank1Operation) refers to stm32f10x_flash.o(i.FLASH_GetBank1Status) for FLASH_GetBank1Status
    stm32f10x_flash.o(i.FLASH_WaitForLastOperation) refers to stm32f10x_flash.o(i.FLASH_GetBank1Status) for FLASH_GetBank1Status
[...]
    .text                                    0x080001a0   Section       64  startup_stm32f10x_md.o(.text)
    .text                                    0x080001e0   Section        2  use_no_semi_2.o(.text)
    .text                                    0x080001e4   Section        0  noretval__2printf.o(.text)
    .text                                    0x080001fc   Section        0  __printf_flags_wp.o(.text)
    .text                                    0x08000334   Section        0  heapauxi.o(.text)
    .text                                    0x0800033a   Section        2  use_no_semi.o(.text)
    .text                                    0x0800033c   Section        0  _printf_fp_dec.o(.text)
    _fp_digits                               0x0800033f   Thumb Code   428  _printf_fp_dec.o(.text)
    .text                                    0x08000758   Section        0  _printf_char_file.o(.text)
    .text                                    0x0800077c   Section        8  rt_locale_intlibspace.o(.text)
    .text                                    0x08000784   Section      138  lludiv10.o(.text)
    .text                                    0x08000810   Section        0  _printf_char_common.o(.text)
    _printf_input_char                       0x08000811   Thumb Code    10  _printf_char_common.o(.text)
    .text                                    0x08000840   Section        0  _printf_fp_infnan.o(.text)
    .text                                    0x080008c0   Section        0  bigflt0.o(.text)
    .text                                    0x0800099c   Section        0  ferror.o(.text)
    .text                                    0x080009a4   Section        8  libspace.o(.text)
    .text                                    0x080009ac   Section       74  sys_stackheap_outer.o(.text)
    .text                                    0x080009f6   Section        0  exit.o(.text)
    .text                                    0x08000a08   Section      128  strcmpv7m.o(.text)
    CL$$btod_d2e                             0x08000a88   Section       62  btod.o(CL$$btod_d2e)
    CL$$btod_d2e_denorm_low                  0x08000ac6   Section       70  btod.o(CL$$btod_d2e_denorm_low)
    CL$$btod_d2e_norm_op1                    0x08000b0c   Section       96  btod.o(CL$$btod_d2e_norm_op1)
    CL$$btod_div_common                      0x08000b6c   Section      824  btod.o(CL$$btod_div_common)
    CL$$btod_e2e                             0x08000ea4   Section      198  btod.o(CL$$btod_e2e)
    CL$$btod_ediv                            0x08000f6a   Section       40  btod.o(CL$$btod_ediv)
    CL$$btod_emul                            0x08000f92   Section       40  btod.o(CL$$btod_emul)
    CL$$btod_mult_common                     0x08000fba   Section      580  btod.o(CL$$btod_mult_common)
    i.ADC_Cmd                                0x080011fe   Section        0  stm32f10x_adc.o(i.ADC_Cmd)
    i.ADC_GetCalibrationStatus               0x08001214   Section        0  stm32f10x_adc.o(i.ADC_GetCalibrationStatus)
    i.ADC_GetConversionValue                 0x08001228   Section        0  stm32f10x_adc.o(i.ADC_GetConversionValue)
    i.ADC_GetFlagStatus                      0x08001230   Section        0  stm32f10x_adc.o(i.ADC_GetFlagStatus)
    i.ADC_GetResetCalibrationStatus          0x08001242   Section        0  stm32f10x_adc.o(i.ADC_GetResetCalibrationStatus)
    i.ADC_Init                               0x08001258   Section        0  stm32f10x_adc.o(i.ADC_Init)
    i.ADC_RegularChannelConfig               0x080012a8   Section        0  stm32f10x_adc.o(i.ADC_RegularChannelConfig)
    i.ADC_ResetCalibration                   0x08001360   Section        0  stm32f10x_adc.o(i.ADC_ResetCalibration)
    i.ADC_SoftwareStartConvCmd               0x0800136a   Section        0  stm32f10x_adc.o(i.ADC_SoftwareStartConvCmd)
    i.ADC_StartCalibration                   0x08001380   Section        0  stm32f10x_adc.o(i.ADC_StartCalibration)
    i.AD_GetValue                            0x0800138c   Section        0  adc_v.o(i.AD_GetValue)
    i.AD_Init                                0x08001408   Section        0  adc_v.o(i.AD_Init)
    i.Avoidance                              0x080014a8   Section        0  avoidance.o(i.Avoidance)
    i.BEEP_Blink                             0x0800163c   Section        0  led.o(i.BEEP_Blink)
    i.BusFault_Handler                       0x08001664   Section        0  stm32f10x_it.o(i.BusFault_Handler)
    i.CarBack                                0x08001668   Section        0  pwm.o(i.CarBack)
    i.DebugMon_Handler                       0x080016f0   Section        0  stm32f10x_it.o(i.DebugMon_Handler)
    i.EXTI15_10_IRQHandler                   0x080016f4   Section        0  key.o(i.EXTI15_10_IRQHandler)
    i.EXTI_ClearITPendingBit                 0x08001744   Section        0  stm32f10x_exti.o(i.EXTI_ClearITPendingBit)
    i.EXTI_GetITStatus                       0x08001750   Section        0  stm32f10x_exti.o(i.EXTI_GetITStatus)
    i.EXTI_Init                              0x08001778   Section        0  stm32f10x_exti.o(i.EXTI_Init)
    i.Encoder_Init                           0x0800180c   Section        0  encoder.o(i.Encoder_Init)
    i.GPIO_EXTILineConfig                    0x080018dc   Section        0  stm32f10x_gpio.o(i.GPIO_EXTILineConfig)
    i.GPIO_Init                              0x0800191c   Section        0  stm32f10x_gpio.o(i.GPIO_Init)
    i.GPIO_ResetBits                         0x08001a32   Section        0  stm32f10x_gpio.o(i.GPIO_ResetBits)
    i.GPIO_SetBits                           0x08001a36   Section        0  stm32f10x_gpio.o(i.GPIO_SetBits)
    i.GPIO_StructInit                        0x08001a3a   Section        0  stm32f10x_gpio.o(i.GPIO_StructInit)
    i.GPIO_WriteBit                          0x08001a4a   Section        0  stm32f10x_gpio.o(i.GPIO_WriteBit)
    i.GUIRuning                              0x08001a54   Section        0  gui.o(i.GUIRuning)
    i.GetAvoidanceFlag                       0x08001b70   Section        0  gui.o(i.GetAvoidanceFlag)
    i.GetSpeed                               0x08001b7c   Section        0  encoder.o(i.GetSpeed)
    i.GetStopFlag                            0x08001bb4   Section        0  pwm.o(i.GetStopFlag)
    i.GetVisionDuoji                         0x08001bc0   Section        0  usart.o(i.GetVisionDuoji)
    i.GetVisionMotor                         0x08001bf8   Section        0  usart.o(i.GetVisionMotor)
    i.Get_KEY1_Flag                          0x08001c24   Section        0  key.o(i.Get_KEY1_Flag)
    i.HardFault_Handler                      0x08001c30   Section        0  stm32f10x_it.o(i.HardFault_Handler)
    i.LED_Init                               0x08001c34   Section        0  led.o(i.LED_Init)
    i.LableDowm                              0x08001c90   Section        0  gui.o(i.LableDowm)
    i.LableEnter                             0x08001cb0   Section        0  gui.o(i.LableEnter)
    i.LableUp                                0x08001d7c   Section        0  gui.o(i.LableUp)
    i.MemManage_Handler                      0x08001d9c   Section        0  stm32f10x_it.o(i.MemManage_Handler)
    i.MotorControl                           0x08001da0   Section        0  pid.o(i.MotorControl)
    i.NMI_Handler                            0x08001dc4   Section        0  stm32f10x_it.o(i.NMI_Handler)
    i.NVIC_Init                              0x08001dc8   Section        0  misc.o(i.NVIC_Init)
    i.NVIC_PriorityGroupConfig               0x08001e38   Section        0  misc.o(i.NVIC_PriorityGroupConfig)
    i.OLED_Clear                             0x08001e4c   Section        0  oled.o(i.OLED_Clear)
    i.OLED_I2C_Init                          0x08001e78   Section        0  oled.o(i.OLED_I2C_Init)
    i.OLED_I2C_SendByte                      0x08001ec8   Section        0  oled.o(i.OLED_I2C_SendByte)
    i.OLED_I2C_Start                         0x08001f1c   Section        0  oled.o(i.OLED_I2C_Start)
    i.OLED_I2C_Stop                          0x08001f50   Section        0  oled.o(i.OLED_I2C_Stop)
    i.OLED_Init                              0x08001f78   Section        0  oled.o(i.OLED_Init)
    i.OLED_Pow                               0x08002026   Section        0  oled.o(i.OLED_Pow)
    i.OLED_SetCursor                         0x0800203a   Section        0  oled.o(i.OLED_SetCursor)
    i.OLED_ShowChar                          0x0800205c   Section        0  oled.o(i.OLED_ShowChar)
    i.OLED_ShowNum                           0x080020d0   Section        0  oled.o(i.OLED_ShowNum)
    i.OLED_ShowString                        0x08002114   Section        0  oled.o(i.OLED_ShowString)
    i.OLED_WriteCommand                      0x0800213c   Section        0  oled.o(i.OLED_WriteCommand)
    i.OLED_WriteData                         0x0800215c   Section        0  oled.o(i.OLED_WriteData)
    i.PendSV_Handler                         0x0800217c   Section        0  stm32f10x_it.o(i.PendSV_Handler)
    i.RCC_ADCCLKConfig                       0x08002180   Section        0  stm32f10x_rcc.o(i.RCC_ADCCLKConfig)
    i.RCC_APB1PeriphClockCmd                 0x08002198   Section        0  stm32f10x_rcc.o(i.RCC_APB1PeriphClockCmd)
    i.RCC_APB2PeriphClockCmd                 0x080021b8   Section        0  stm32f10x_rcc.o(i.RCC_APB2PeriphClockCmd)
    i.RCC_GetClocksFreq                      0x080021d8   Section        0  stm32f10x_rcc.o(i.RCC_GetClocksFreq)
    i.SVC_Handler                            0x080022ac   Section        0  stm32f10x_it.o(i.SVC_Handler)
    i.SearchMax                              0x080022ae   Section        0  avoidance.o(i.SearchMax)
    i.SetDesired                             0x080022da   Section        0  pid.o(i.SetDesired)
    i.SetDuoji1                              0x080022ec   Section        0  pwm.o(i.SetDuoji1)
    i.SetDuoji2                              0x08002314   Section        0  pwm.o(i.SetDuoji2)
    i.SetMotor1                              0x0800233c   Section        0  pwm.o(i.SetMotor1)
    i.SetMotor2                              0x0800236c   Section        0  pwm.o(i.SetMotor2)
    i.SetSysClock                            0x0800239c   Section        0  system_stm32f10x.o(i.SetSysClock)
    SetSysClock                              0x0800239d   Thumb Code     8  system_stm32f10x.o(i.SetSysClock)
    i.SetSysClockTo72                        0x080023a4   Section        0  system_stm32f10x.o(i.SetSysClockTo72)
    SetSysClockTo72                          0x080023a5   Thumb Code   214  system_stm32f10x.o(i.SetSysClockTo72)
    i.SysTick_Handler                        0x08002484   Section        0  stm32f10x_it.o(i.SysTick_Handler)
    i.SystemInit                             0x08002488   Section        0  system_stm32f10x.o(i.SystemInit)
    i.TI1_Config                             0x080024e8   Section        0  stm32f10x_tim.o(i.TI1_Config)
    TI1_Config                               0x080024e9   Thumb Code   108  stm32f10x_tim.o(i.TI1_Config)
    i.TI2_Config                             0x08002568   Section        0  stm32f10x_tim.o(i.TI2_Config)
    TI2_Config                               0x08002569   Thumb Code   130  stm32f10x_tim.o(i.TI2_Config)
    i.TI3_Config                             0x08002600   Section        0  stm32f10x_tim.o(i.TI3_Config)
    TI3_Config                               0x08002601   Thumb Code   122  stm32f10x_tim.o(i.TI3_Config)
    i.TI4_Config                             0x08002690   Section        0  stm32f10x_tim.o(i.TI4_Config)
    TI4_Config                               0x08002691   Thumb Code   130  stm32f10x_tim.o(i.TI4_Config)
    i.TIM_ARRPreloadConfig                   0x08002728   Section        0  stm32f10x_tim.o(i.TIM_ARRPreloadConfig)
    i.TIM_Cmd                                0x08002740   Section        0  stm32f10x_tim.o(i.TIM_Cmd)
    i.TIM_CtrlPWMOutputs                     0x08002758   Section        0  stm32f10x_tim.o(i.TIM_CtrlPWMOutputs)
    i.TIM_EncoderInterfaceConfig             0x08002776   Section        0  stm32f10x_tim.o(i.TIM_EncoderInterfaceConfig)
    i.TIM_GetCapture2                        0x080027b8   Section        0  stm32f10x_tim.o(i.TIM_GetCapture2)
    i.TIM_GetCounter                         0x080027be   Section        0  stm32f10x_tim.o(i.TIM_GetCounter)
    i.TIM_ICInit                             0x080027c4   Section        0  stm32f10x_tim.o(i.TIM_ICInit)
    i.TIM_ICStructInit                       0x08002870   Section        0  stm32f10x_tim.o(i.TIM_ICStructInit)
    i.TIM_InternalClockConfig                0x08002882   Section        0  stm32f10x_tim.o(i.TIM_InternalClockConfig)
    i.TIM_OC1Init                            0x08002890   Section        0  stm32f10x_tim.o(i.TIM_OC1Init)
    i.TIM_OC1PreloadConfig                   0x08002928   Section        0  stm32f10x_tim.o(i.TIM_OC1PreloadConfig)
    i.TIM_OC2Init                            0x0800293c   Section        0  stm32f10x_tim.o(i.TIM_OC2Init)
    i.TIM_OC2PreloadConfig                   0x080029e0   Section        0  stm32f10x_tim.o(i.TIM_OC2PreloadConfig)
    i.TIM_OC3Init                            0x080029fc   Section        0  stm32f10x_tim.o(i.TIM_OC3Init)
    i.TIM_OC3PreloadConfig                   0x08002a9c   Section        0  stm32f10x_tim.o(i.TIM_OC3PreloadConfig)
    i.TIM_OC4Init                            0x08002ab0   Section        0  stm32f10x_tim.o(i.TIM_OC4Init)
    i.TIM_OC4PreloadConfig                   0x08002b2c   Section        0  stm32f10x_tim.o(i.TIM_OC4PreloadConfig)
    i.TIM_OCStructInit                       0x08002b46   Section        0  stm32f10x_tim.o(i.TIM_OCStructInit)
    i.TIM_PWMIConfig                         0x08002b5a   Section        0  stm32f10x_tim.o(i.TIM_PWMIConfig)
    i.TIM_SelectInputTrigger                 0x08002bd6   Section        0  stm32f10x_tim.o(i.TIM_SelectInputTrigger)
    i.TIM_SelectSlaveMode                    0x08002be8   Section        0  stm32f10x_tim.o(i.TIM_SelectSlaveMode)
    i.TIM_SetCompare1                        0x08002bfa   Section        0  stm32f10x_tim.o(i.TIM_SetCompare1)
    i.TIM_SetCompare2                        0x08002bfe   Section        0  stm32f10x_tim.o(i.TIM_SetCompare2)
    i.TIM_SetCompare3                        0x08002c02   Section        0  stm32f10x_tim.o(i.TIM_SetCompare3)
    i.TIM_SetCompare4                        0x08002c06   Section        0  stm32f10x_tim.o(i.TIM_SetCompare4)
    i.TIM_SetIC1Prescaler                    0x08002c0c   Section        0  stm32f10x_tim.o(i.TIM_SetIC1Prescaler)
    i.TIM_SetIC2Prescaler                    0x08002c1e   Section        0  stm32f10x_tim.o(i.TIM_SetIC2Prescaler)
    i.TIM_SetIC3Prescaler                    0x08002c38   Section        0  stm32f10x_tim.o(i.TIM_SetIC3Prescaler)
    i.TIM_SetIC4Prescaler                    0x08002c4a   Section        0  stm32f10x_tim.o(i.TIM_SetIC4Prescaler)
    i.TIM_TimeBaseInit                       0x08002c64   Section        0  stm32f10x_tim.o(i.TIM_TimeBaseInit)
    i.TIM_TimeBaseStructInit                 0x08002d08   Section        0  stm32f10x_tim.o(i.TIM_TimeBaseStructInit)
    i.USART2_IRQHandler                      0x08002d1c   Section        0  usart.o(i.USART2_IRQHandler)
    i.USART_ClearITPendingBit                0x08002dd4   Section        0  stm32f10x_usart.o(i.USART_ClearITPendingBit)
    i.USART_Cmd                              0x08002df2   Section        0  stm32f10x_usart.o(i.USART_Cmd)
    i.USART_GetITStatus                      0x08002e0a   Section        0  stm32f10x_usart.o(i.USART_GetITStatus)
    i.USART_ITConfig                         0x08002e5e   Section        0  stm32f10x_usart.o(i.USART_ITConfig)
    i.USART_Init                             0x08002ea8   Section        0  stm32f10x_usart.o(i.USART_Init)
    i.USART_ReceiveData                      0x08002f80   Section        0  stm32f10x_usart.o(i.USART_ReceiveData)
    i.UsageFault_Handler                     0x08002f8a   Section        0  stm32f10x_it.o(i.UsageFault_Handler)
    i.__ARM_fpclassify                       0x08002f8e   Section        0  fpclassify.o(i.__ARM_fpclassify)
    i._is_digit                              0x08002fb6   Section        0  __printf_wp.o(i._is_digit)
    i._sys_exit                              0x08002fc4   Section        0  usart.o(i._sys_exit)
    i.carrunOK                               0x08002fc8   Section        0  pwm.o(i.carrunOK)
    i.carstop                                0x08002fd4   Section        0  pwm.o(i.carstop)
    i.csb_Init                               0x08002ff8   Section        0  csb.o(i.csb_Init)
    i.csb_distance                           0x080030b0   Section        0  csb.o(i.csb_distance)
    i.delay_ms                               0x08003108   Section        0  delay.o(i.delay_ms)
    i.delay_us                               0x08003120   Section        0  delay.o(i.delay_us)
    i.exit_init                              0x0800314e   Section        0  key.o(i.exit_init)
    i.fputc                                  0x080031a0   Section        0  usart.o(i.fputc)
    i.key_init                               0x080031bc   Section        0  key.o(i.key_init)
    i.main                                   0x080031f4   Section        0  main.o(i.main)
    i.pidUpdate                              0x0800330c   Section        0  pid.o(i.pidUpdate)
    i.pid_runing                             0x080033b4   Section        0  pid.o(i.pid_runing)
    i.pwm_init                               0x080034bc   Section        0  pwm.o(i.pwm_init)
    i.uart_init                              0x080035e8   Section        0  usart.o(i.uart_init)
    locale$$code                             0x0800368c   Section       44  lc_numeric_c.o(locale$$code)
    x$fpl$d2f                                0x080036b8   Section       98  d2f.o(x$fpl$d2f)
    x$fpl$dmul                               0x0800371c   Section      340  dmul.o(x$fpl$dmul)
    x$fpl$dnaninf                            0x08003870   Section      156  dnaninf.o(x$fpl$dnaninf)
    x$fpl$dretinf                            0x0800390c   Section       12  dretinf.o(x$fpl$dretinf)
    x$fpl$f2d                                0x08003918   Section       86  f2d.o(x$fpl$f2d)
    x$fpl$fadd                               0x08003970   Section      196  faddsub_clz.o(x$fpl$fadd)
    _fadd1                                   0x0800397f   Thumb Code     0  faddsub_clz.o(x$fpl$fadd)
    x$fpl$fcmpinf                            0x08003a34   Section       24  fcmpi.o(x$fpl$fcmpinf)
    x$fpl$fdiv                               0x08003a4c   Section      388  fdiv.o(x$fpl$fdiv)
    _fdiv1                                   0x08003a4d   Thumb Code     0  fdiv.o(x$fpl$fdiv)
    x$fpl$feqf                               0x08003bd0   Section      104  feqf.o(x$fpl$feqf)
    x$fpl$ffix                               0x08003c38   Section       54  ffix.o(x$fpl$ffix)
    x$fpl$ffixu                              0x08003c70   Section       62  ffixu.o(x$fpl$ffixu)
    x$fpl$fflt                               0x08003cb0   Section       48  fflt_clz.o(x$fpl$fflt)
    x$fpl$ffltu                              0x08003ce0   Section       38  fflt_clz.o(x$fpl$ffltu)
    x$fpl$fleqf                              0x08003d08   Section      104  fleqf.o(x$fpl$fleqf)
    x$fpl$fmul                               0x08003d70   Section      258  fmul.o(x$fpl$fmul)
    x$fpl$fnaninf                            0x08003e72   Section      140  fnaninf.o(x$fpl$fnaninf)
    x$fpl$fretinf                            0x08003efe   Section       10  fretinf.o(x$fpl$fretinf)
    x$fpl$frleqf                             0x08003f08   Section       98  frleqf.o(x$fpl$frleqf)
    x$fpl$fsub                               0x08003f6c   Section      234  faddsub_clz.o(x$fpl$fsub)
    _fsub1                                   0x08003f7b   Thumb Code     0  faddsub_clz.o(x$fpl$fsub)
    x$fpl$printf1                            0x08004056   Section        4  printf1.o(x$fpl$printf1)
    .constdata                               0x0800405a   Section     1520  oled.o(.constdata)
    x$fpl$usenofp                            0x0800405a   Section        0  usenofp.o(x$fpl$usenofp)
    .constdata                               0x0800464a   Section       17  __printf_flags_wp.o(.constdata)
    maptable                                 0x0800464a   Data          17  __printf_flags_wp.o(.constdata)
    .constdata                               0x0800465c   Section      148  bigflt0.o(.constdata)
    tenpwrs_x                                0x0800465c   Data          60  bigflt0.o(.constdata)
    tenpwrs_i                                0x08004698   Data          64  bigflt0.o(.constdata)
    locale$$data                             0x08004710   Section       28  lc_numeric_c.o(locale$$data)
    __lcnum_c_name                           0x08004714   Data           2  lc_numeric_c.o(locale$$data)
    __lcnum_c_start                          0x0800471c   Data           0  lc_numeric_c.o(locale$$data)
    __lcnum_c_point                          0x08004728   Data           0  lc_numeric_c.o(locale$$data)
    __lcnum_c_thousands                      0x0800472a   Data           0  lc_numeric_c.o(locale$$data)
    __lcnum_c_grouping                       0x0800472b   Data           0  lc_numeric_c.o(locale$$data)
    __lcnum_c_end                            0x0800472c   Data           0  lc_numeric_c.o(locale$$data)
    .data                                    0x20000000   Section       20  stm32f10x_rcc.o(.data)
    APBAHBPrescTable                         0x20000000   Data          16  stm32f10x_rcc.o(.data)
    ADCPrescTable                            0x20000010   Data           4  stm32f10x_rcc.o(.data)
    .data                                    0x20000014   Section        2  gui.o(.data)
    LineNum                                  0x20000014   Data           1  gui.o(.data)
    .data                                    0x20000016   Section        2  pwm.o(.data)
    .data                                    0x20000018   Section        8  csb.o(.data)
    .data                                    0x20000020   Section        4  adc_v.o(.data)
    .data                                    0x20000024   Section        1  key.o(.data)
    .data                                    0x20000028   Section        9  usart.o(.data)
    RxState                                  0x2000002f   Data           1  usart.o(.data)
    pRxPacket                                0x20000030   Data           1  usart.o(.data)
    .data                                    0x20000034   Section       16  pid.o(.data)
    .data                                    0x20000044   Section        8  avoidance.o(.data)
    DistanceNum                              0x20000044   Data           2  avoidance.o(.data)
    angle                                    0x20000046   Data           2  avoidance.o(.data)
    numleft                                  0x20000048   Data           2  avoidance.o(.data)
    numright                                 0x2000004a   Data           2  avoidance.o(.data)
    .bss                                     0x2000004c   Section      300  usart.o(.bss)
    .bss                                     0x20000178   Section      120  pid.o(.bss)
    .bss                                     0x200001f0   Section     2400  avoidance.o(.bss)
    .bss                                     0x20000b50   Section       96  libspace.o(.bss)
    HEAP                                     0x20000bb0   Section      512  startup_stm32f10x_md.o(HEAP)
    Heap_Mem                                 0x20000bb0   Data         512  startup_stm32f10x_md.o(HEAP)
    STACK                                    0x20000db0   Section     1024  startup_stm32f10x_md.o(STACK)
    Stack_Mem                                0x20000db0   Data        1024  startup_stm32f10x_md.o(STACK)
    __initial_sp                             0x200011b0   Data           0  startup_stm32f10x_md.o(STACK)

    Global Symbols

    Symbol Name                              Value     Ov Type        Size  Object(Section)

    BuildAttributes$$THM_ISAv4$P$D$K$B$S$PE$A:L22UL41UL21$X:L11$S22US41US21$IEEE1$IW$USESV6$~STKCKD$USESV7$~SHL$OTIME$ROPI$IEEEX$EBA8$UX$STANDARDLIB$REQ8$PRES8$EABIv2 0x00000000   Number         0  anon$$obj.o ABSOLUTE
    __ARM_use_no_argv                        0x00000000   Number         0  main.o ABSOLUTE
    _printf_flags                            0x00000000   Number         0  printf_stubs.o ABSOLUTE
    _printf_return_value                     0x00000000   Number         0  printf_stubs.o ABSOLUTE
    _printf_sizespec                         0x00000000   Number         0  printf_stubs.o ABSOLUTE
    _printf_widthprec                        0x00000000   Number         0  printf_stubs.o ABSOLUTE
    __ARM_exceptions_init                     - Undefined Weak Reference
    __alloca_initialize                       - Undefined Weak Reference
    __arm_preinit_                            - Undefined Weak Reference
    __cpp_initialize__aeabi_                  - Undefined Weak Reference
    __cxa_finalize                            - Undefined Weak Reference
    __sigvec_lookup                           - Undefined Weak Reference
    _atexit_init                              - Undefined Weak Reference
    _call_atexit_fns                          - Undefined Weak Reference
    _clock_init                               - Undefined Weak Reference
    _fp_trap_init                             - Undefined Weak Reference
    _fp_trap_shutdown                         - Undefined Weak Reference
    _get_lc_collate                           - Undefined Weak Reference
    _get_lc_ctype                             - Undefined Weak Reference
    _get_lc_monetary                          - Undefined Weak Reference
    _get_lc_time                              - Undefined Weak Reference
    _getenv_init                              - Undefined Weak Reference
    _handle_redirection                       - Undefined Weak Reference
    _init_alloc                               - Undefined Weak Reference
    _init_user_alloc                          - Undefined Weak Reference
    _initio                                   - Undefined Weak Reference
    _mutex_acquire                            - Undefined Weak Reference
    _mutex_release                            - Undefined Weak Reference
    _printf_truncate_signed                   - Undefined Weak Reference
    _printf_truncate_unsigned                 - Undefined Weak Reference
    _rand_init                                - Undefined Weak Reference
    _signal_finish                            - Undefined Weak Reference
    _signal_init                              - Undefined Weak Reference
    _terminate_alloc                          - Undefined Weak Reference
    _terminate_user_alloc                     - Undefined Weak Reference
    _terminateio                              - Undefined Weak Reference
    __Vectors_Size                           0x000000ec   Number         0  startup_stm32f10x_md.o ABSOLUTE
    __Vectors                                0x08000000   Data           4  startup_stm32f10x_md.o(RESET)
    __Vectors_End                            0x080000ec   Data           0  startup_stm32f10x_md.o(RESET)
    __main                                   0x080000ed   Thumb Code     8  __main.o(!!!main)
    __scatterload                            0x080000f5   Thumb Code     0  __scatter.o(!!!scatter)
    __scatterload_rt2                        0x080000f5   Thumb Code    44  __scatter.o(!!!scatter)
    __scatterload_rt2_thumb_only             0x080000f5   Thumb Code     0  __scatter.o(!!!scatter)
    __scatterload_null                       0x08000103   Thumb Code     0  __scatter.o(!!!scatter)
    __scatterload_copy                       0x08000129   Thumb Code    26  __scatter_copy.o(!!handler_copy)
    __scatterload_zeroinit                   0x08000145   Thumb Code    28  __scatter_zi.o(!!handler_zi)
    _printf_f                                0x08000161   Thumb Code     0  _printf_f.o(.ARM.Collect$$_printf_percent$$00000003)
    _printf_percent                          0x08000161   Thumb Code     0  _printf_percent.o(.ARM.Collect$$_printf_percent$$00000000)
    _printf_percent_end                      0x08000167   Thumb Code     0  _printf_percent_end.o(.ARM.Collect$$_printf_percent$$00000017)
    __rt_lib_init                            0x0800016b   Thumb Code     0  libinit.o(.ARM.Collect$$libinit$$00000000)
    __rt_lib_init_fp_1                       0x0800016d   Thumb Code     0  libinit2.o(.ARM.Collect$$libinit$$00000002)
    __rt_lib_init_heap_1                     0x0800016d   Thumb Code     0  libinit2.o(.ARM.Collect$$libinit$$0000000A)
    __rt_lib_init_lc_common                  0x0800016d   Thumb Code     0  libinit2.o(.ARM.Collect$$libinit$$0000000F)
    __rt_lib_init_preinit_1                  0x0800016d   Thumb Code     0  libinit2.o(.ARM.Collect$$libinit$$00000004)
    __rt_lib_init_rand_1                     0x0800016d   Thumb Code     0  libinit2.o(.ARM.Collect$$libinit$$0000000E)
    __rt_lib_init_user_alloc_1               0x0800016d   Thumb Code     0  libinit2.o(.ARM.Collect$$libinit$$0000000C)
    __rt_lib_init_lc_collate_1               0x08000173   Thumb Code     0  libinit2.o(.ARM.Collect$$libinit$$00000011)
    __rt_lib_init_lc_ctype_1                 0x08000173   Thumb Code     0  libinit2.o(.ARM.Collect$$libinit$$00000013)
    __rt_lib_init_lc_monetary_1              0x08000173   Thumb Code     0  libinit2.o(.ARM.Collect$$libinit$$00000015)
    __rt_lib_init_lc_numeric_2               0x08000173   Thumb Code     0  libinit2.o(.ARM.Collect$$libinit$$00000016)
    __rt_lib_init_alloca_1                   0x0800017d   Thumb Code     0  libinit2.o(.ARM.Collect$$libinit$$0000002E)
    __rt_lib_init_argv_1                     0x0800017d   Thumb Code     0  libinit2.o(.ARM.Collect$$libinit$$0000002C)
    __rt_lib_init_atexit_1                   0x0800017d   Thumb Code     0  libinit2.o(.ARM.Collect$$libinit$$0000001B)
    __rt_lib_init_clock_1                    0x0800017d   Thumb Code     0  libinit2.o(.ARM.Collect$$libinit$$00000021)
    __rt_lib_init_cpp_1                      0x0800017d   Thumb Code     0  libinit2.o(.ARM.Collect$$libinit$$00000032)
    __rt_lib_init_exceptions_1               0x0800017d   Thumb Code     0  libinit2.o(.ARM.Collect$$libinit$$00000030)
    __rt_lib_init_fp_trap_1                  0x0800017d   Thumb Code     0  libinit2.o(.ARM.Collect$$libinit$$0000001F)
    __rt_lib_init_getenv_1                   0x0800017d   Thumb Code     0  libinit2.o(.ARM.Collect$$libinit$$00000023)
    __rt_lib_init_lc_numeric_1               0x0800017d   Thumb Code     0  libinit2.o(.ARM.Collect$$libinit$$00000017)
    __rt_lib_init_lc_time_1                  0x0800017d   Thumb Code     0  libinit2.o(.ARM.Collect$$libinit$$00000019)
    __rt_lib_init_return                     0x0800017d   Thumb Code     0  libinit2.o(.ARM.Collect$$libinit$$00000033)
    __rt_lib_init_signal_1                   0x0800017d   Thumb Code     0  libinit2.o(.ARM.Collect$$libinit$$0000001D)
    __rt_lib_init_stdio_1                    0x0800017d   Thumb Code     0  libinit2.o(.ARM.Collect$$libinit$$00000025)
    __rt_lib_shutdown                        0x0800017f   Thumb Code     0  libshutdown.o(.ARM.Collect$$libshutdown$$00000000)
    __rt_lib_shutdown_cpp_1                  0x08000181   Thumb Code     0  libshutdown2.o(.ARM.Collect$$libshutdown$$00000002)
    __rt_lib_shutdown_fp_trap_1              0x08000181   Thumb Code     0  libshutdown2.o(.ARM.Collect$$libshutdown$$00000007)
    __rt_lib_shutdown_heap_1                 0x08000181   Thumb Code     0  libshutdown2.o(.ARM.Collect$$libshutdown$$0000000F)
    __rt_lib_shutdown_return                 0x08000181   Thumb Code     0  libshutdown2.o(.ARM.Collect$$libshutdown$$00000010)
    __rt_lib_shutdown_signal_1               0x08000181   Thumb Code     0  libshutdown2.o(.ARM.Collect$$libshutdown$$0000000A)
    __rt_lib_shutdown_stdio_1                0x08000181   Thumb Code     0  libshutdown2.o(.ARM.Collect$$libshutdown$$00000004)
    __rt_lib_shutdown_user_alloc_1           0x08000181   Thumb Code     0  libshutdown2.o(.ARM.Collect$$libshutdown$$0000000C)
    __rt_entry                               0x08000183   Thumb Code     0  __rtentry.o(.ARM.Collect$$rtentry$$00000000)
    __rt_entry_presh_1                       0x08000183   Thumb Code     0  __rtentry2.o(.ARM.Collect$$rtentry$$00000002)
    __rt_entry_sh                            0x08000183   Thumb Code     0  __rtentry4.o(.ARM.Collect$$rtentry$$00000004)
    __rt_entry_li                            0x08000189   Thumb Code     0  __rtentry2.o(.ARM.Collect$$rtentry$$0000000A)
    __rt_entry_postsh_1                      0x08000189   Thumb Code     0  __rtentry2.o(.ARM.Collect$$rtentry$$00000009)
    __rt_entry_main                          0x0800018d   Thumb Code     0  __rtentry2.o(.ARM.Collect$$rtentry$$0000000D)
    __rt_entry_postli_1                      0x0800018d   Thumb Code     0  __rtentry2.o(.ARM.Collect$$rtentry$$0000000C)
    __rt_exit                                0x08000195   Thumb Code     0  rtexit.o(.ARM.Collect$$rtexit$$00000000)
    __rt_exit_ls                             0x08000197   Thumb Code     0  rtexit2.o(.ARM.Collect$$rtexit$$00000003)
    __rt_exit_prels_1                        0x08000197   Thumb Code     0  rtexit2.o(.ARM.Collect$$rtexit$$00000002)
    __rt_exit_exit                           0x0800019b   Thumb Code     0  rtexit2.o(.ARM.Collect$$rtexit$$00000004)
    Reset_Handler                            0x080001a1   Thumb Code     8  startup_stm32f10x_md.o(.text)
    ADC1_2_IRQHandler                        0x080001bb   Thumb Code     0  startup_stm32f10x_md.o(.text)
    CAN1_RX1_IRQHandler                      0x080001bb   Thumb Code     0  startup_stm32f10x_md.o(.text)
    CAN1_SCE_IRQHandler                      0x080001bb   Thumb Code     0  startup_stm32f10x_md.o(.text)
    DMA1_Channel1_IRQHandler                 0x080001bb   Thumb Code     0  startup_stm32f10x_md.o(.text)
    DMA1_Channel2_IRQHandler                 0x080001bb   Thumb Code     0  startup_stm32f10x_md.o(.text)
    DMA1_Channel3_IRQHandler                 0x080001bb   Thumb Code     0  startup_stm32f10x_md.o(.text)
    DMA1_Channel4_IRQHandler                 0x080001bb   Thumb Code     0  startup_stm32f10x_md.o(.text)
    DMA1_Channel5_IRQHandler                 0x080001bb   Thumb Code     0  startup_stm32f10x_md.o(.text)
    DMA1_Channel6_IRQHandler                 0x080001bb   Thumb Code     0  startup_stm32f10x_md.o(.text)
    DMA1_Channel7_IRQHandler                 0x080001bb   Thumb Code     0  startup_stm32f10x_md.o(.text)
    EXTI0_IRQHandler                         0x080001bb   Thumb Code     0  startup_stm32f10x_md.o(.text)
    EXTI1_IRQHandler                         0x080001bb   Thumb Code     0  startup_stm32f10x_md.o(.text)
    EXTI2_IRQHandler                         0x080001bb   Thumb Code     0  startup_stm32f10x_md.o(.text)
    EXTI3_IRQHandler                         0x080001bb   Thumb Code     0  startup_stm32f10x_md.o(.text)
    EXTI4_IRQHandler                         0x080001bb   Thumb Code     0  startup_stm32f10x_md.o(.text)
    EXTI9_5_IRQHandler                       0x080001bb   Thumb Code     0  startup_stm32f10x_md.o(.text)
    FLASH_IRQHandler                         0x080001bb   Thumb Code     0  startup_stm32f10x_md.o(.text)
    I2C1_ER_IRQHandler                       0x080001bb   Thumb Code     0  startup_stm32f10x_md.o(.text)
    I2C1_EV_IRQHandler                       0x080001bb   Thumb Code     0  startup_stm32f10x_md.o(.text)
    I2C2_ER_IRQHandler                       0x080001bb   Thumb Code     0  startup_stm32f10x_md.o(.text)
    I2C2_EV_IRQHandler                       0x080001bb   Thumb Code     0  startup_stm32f10x_md.o(.text)
    PVD_IRQHandler                           0x080001bb   Thumb Code     0  startup_stm32f10x_md.o(.text)
    RCC_IRQHandler                           0x080001bb   Thumb Code     0  startup_stm32f10x_md.o(.text)
    RTCAlarm_IRQHandler                      0x080001bb   Thumb Code     0  startup_stm32f10x_md.o(.text)
    RTC_IRQHandler                           0x080001bb   Thumb Code     0  startup_stm32f10x_md.o(.text)
    SPI1_IRQHandler                          0x080001bb   Thumb Code     0  startup_stm32f10x_md.o(.text)
    SPI2_IRQHandler                          0x080001bb   Thumb Code     0  startup_stm32f10x_md.o(.text)
    TAMPER_IRQHandler                        0x080001bb   Thumb Code     0  startup_stm32f10x_md.o(.text)
    TIM1_BRK_IRQHandler                      0x080001bb   Thumb Code     0  startup_stm32f10x_md.o(.text)
    TIM1_CC_IRQHandler                       0x080001bb   Thumb Code     0  startup_stm32f10x_md.o(.text)
    TIM1_TRG_COM_IRQHandler                  0x080001bb   Thumb Code     0  startup_stm32f10x_md.o(.text)
    TIM1_UP_IRQHandler                       0x080001bb   Thumb Code     0  startup_stm32f10x_md.o(.text)
    TIM2_IRQHandler                          0x080001bb   Thumb Code     0  startup_stm32f10x_md.o(.text)
    TIM3_IRQHandler                          0x080001bb   Thumb Code     0  startup_stm32f10x_md.o(.text)
    TIM4_IRQHandler                          0x080001bb   Thumb Code     0  startup_stm32f10x_md.o(.text)
    USART1_IRQHandler                        0x080001bb   Thumb Code     0  startup_stm32f10x_md.o(.text)
    USART3_IRQHandler                        0x080001bb   Thumb Code     0  startup_stm32f10x_md.o(.text)
    USBWakeUp_IRQHandler                     0x080001bb   Thumb Code     0  startup_stm32f10x_md.o(.text)
    USB_HP_CAN1_TX_IRQHandler                0x080001bb   Thumb Code     0  startup_stm32f10x_md.o(.text)
    USB_LP_CAN1_RX0_IRQHandler               0x080001bb   Thumb Code     0  startup_stm32f10x_md.o(.text)
    WWDG_IRQHandler                          0x080001bb   Thumb Code     0  startup_stm32f10x_md.o(.text)
    __user_initial_stackheap                 0x080001bd   Thumb Code     0  startup_stm32f10x_md.o(.text)
    __use_no_semihosting                     0x080001e1   Thumb Code     2  use_no_semi_2.o(.text)
    __2printf                                0x080001e5   Thumb Code    20  noretval__2printf.o(.text)
    __printf                                 0x080001fd   Thumb Code   308  __printf_flags_wp.o(.text)
    __use_two_region_memory                  0x08000335   Thumb Code     2  heapauxi.o(.text)
    __rt_heap_escrow$2region                 0x08000337   Thumb Code     2  heapauxi.o(.text)
    __rt_heap_expand$2region                 0x08000339   Thumb Code     2  heapauxi.o(.text)
    __I$use$semihosting                      0x0800033b   Thumb Code     0  use_no_semi.o(.text)
    __use_no_semihosting_swi                 0x0800033b   Thumb Code     2  use_no_semi.o(.text)
    __lib_sel_fp_printf                      0x0800033d   Thumb Code     2  _printf_fp_dec.o(.text)
    _printf_fp_dec_real                      0x080004eb   Thumb Code   620  _printf_fp_dec.o(.text)
    _printf_char_file                        0x08000759   Thumb Code    32  _printf_char_file.o(.text)
    __rt_locale                              0x0800077d   Thumb Code     8  rt_locale_intlibspace.o(.text)
    _ll_udiv10                               0x08000785   Thumb Code   138  lludiv10.o(.text)
    _printf_char_common                      0x0800081b   Thumb Code    32  _printf_char_common.o(.text)
    _printf_fp_infnan                        0x08000841   Thumb Code   112  _printf_fp_infnan.o(.text)
    _btod_etento                             0x080008c1   Thumb Code   216  bigflt0.o(.text)
    ferror                                   0x0800099d   Thumb Code     8  ferror.o(.text)
    __user_libspace                          0x080009a5   Thumb Code     8  libspace.o(.text)
    __user_perproc_libspace                  0x080009a5   Thumb Code     0  libspace.o(.text)
    __user_perthread_libspace                0x080009a5   Thumb Code     0  libspace.o(.text)
    __user_setup_stackheap                   0x080009ad   Thumb Code    74  sys_stackheap_outer.o(.text)
    exit                                     0x080009f7   Thumb Code    18  exit.o(.text)
    strcmp                                   0x08000a09   Thumb Code   128  strcmpv7m.o(.text)
    _btod_d2e                                0x08000a89   Thumb Code    62  btod.o(CL$$btod_d2e)
    _d2e_denorm_low                          0x08000ac7   Thumb Code    70  btod.o(CL$$btod_d2e_denorm_low)
    _d2e_norm_op1                            0x08000b0d   Thumb Code    96  btod.o(CL$$btod_d2e_norm_op1)
    __btod_div_common                        0x08000b6d   Thumb Code   696  btod.o(CL$$btod_div_common)
    _e2e                                     0x08000ea5   Thumb Code   198  btod.o(CL$$btod_e2e)
    _btod_ediv                               0x08000f6b   Thumb Code    40  btod.o(CL$$btod_ediv)
    _btod_emul                               0x08000f93   Thumb Code    40  btod.o(CL$$btod_emul)
    __btod_mult_common                       0x08000fbb   Thumb Code   580  btod.o(CL$$btod_mult_common)
    ADC_Cmd                                  0x080011ff   Thumb Code    22  stm32f10x_adc.o(i.ADC_Cmd)
    ADC_GetCalibrationStatus                 0x08001215   Thumb Code    20  stm32f10x_adc.o(i.ADC_GetCalibrationStatus)
    ADC_GetConversionValue                   0x08001229   Thumb Code     8  stm32f10x_adc.o(i.ADC_GetConversionValue)
    ADC_GetFlagStatus                        0x08001231   Thumb Code    18  stm32f10x_adc.o(i.ADC_GetFlagStatus)
    ADC_GetResetCalibrationStatus            0x08001243   Thumb Code    20  stm32f10x_adc.o(i.ADC_GetResetCalibrationStatus)
    ADC_Init                                 0x08001259   Thumb Code    70  stm32f10x_adc.o(i.ADC_Init)
    ADC_RegularChannelConfig                 0x080012a9   Thumb Code   184  stm32f10x_adc.o(i.ADC_RegularChannelConfig)
    ADC_ResetCalibration                     0x08001361   Thumb Code    10  stm32f10x_adc.o(i.ADC_ResetCalibration)
    ADC_SoftwareStartConvCmd                 0x0800136b   Thumb Code    22  stm32f10x_adc.o(i.ADC_SoftwareStartConvCmd)
    ADC_StartCalibration                     0x08001381   Thumb Code    10  stm32f10x_adc.o(i.ADC_StartCalibration)
    AD_GetValue                              0x0800138d   Thumb Code    98  adc_v.o(i.AD_GetValue)
    AD_Init                                  0x08001409   Thumb Code   150  adc_v.o(i.AD_Init)
    Avoidance                                0x080014a9   Thumb Code   370  avoidance.o(i.Avoidance)
    BEEP_Blink                               0x0800163d   Thumb Code    30  led.o(i.BEEP_Blink)
    BusFault_Handler                         0x08001665   Thumb Code     4  stm32f10x_it.o(i.BusFault_Handler)
    CarBack                                  0x08001669   Thumb Code   122  pwm.o(i.CarBack)
    DebugMon_Handler                         0x080016f1   Thumb Code     2  stm32f10x_it.o(i.DebugMon_Handler)
    EXTI15_10_IRQHandler                     0x080016f5   Thumb Code    68  key.o(i.EXTI15_10_IRQHandler)
    EXTI_ClearITPendingBit                   0x08001745   Thumb Code     6  stm32f10x_exti.o(i.EXTI_ClearITPendingBit)
    EXTI_GetITStatus                         0x08001751   Thumb Code    34  stm32f10x_exti.o(i.EXTI_GetITStatus)
    EXTI_Init                                0x08001779   Thumb Code   142  stm32f10x_exti.o(i.EXTI_Init)
    Encoder_Init                             0x0800180d   Thumb Code   198  encoder.o(i.Encoder_Init)
    GPIO_EXTILineConfig                      0x080018dd   Thumb Code    60  stm32f10x_gpio.o(i.GPIO_EXTILineConfig)
    GPIO_Init                                0x0800191d   Thumb Code   278  stm32f10x_gpio.o(i.GPIO_Init)
    GPIO_ResetBits                           0x08001a33   Thumb Code     4  stm32f10x_gpio.o(i.GPIO_ResetBits)
    GPIO_SetBits                             0x08001a37   Thumb Code     4  stm32f10x_gpio.o(i.GPIO_SetBits)
    GPIO_StructInit                          0x08001a3b   Thumb Code    16  stm32f10x_gpio.o(i.GPIO_StructInit)
    GPIO_WriteBit                            0x08001a4b   Thumb Code    10  stm32f10x_gpio.o(i.GPIO_WriteBit)
    GUIRuning                                0x08001a55   Thumb Code   212  gui.o(i.GUIRuning)
    GetAvoidanceFlag                         0x08001b71   Thumb Code     6  gui.o(i.GetAvoidanceFlag)
    GetSpeed                                 0x08001b7d   Thumb Code    52  encoder.o(i.GetSpeed)
    GetStopFlag                              0x08001bb5   Thumb Code     6  pwm.o(i.GetStopFlag)
    GetVisionDuoji                           0x08001bc1   Thumb Code    52  usart.o(i.GetVisionDuoji)
    GetVisionMotor                           0x08001bf9   Thumb Code    38  usart.o(i.GetVisionMotor)
    Get_KEY1_Flag                            0x08001c25   Thumb Code     6  key.o(i.Get_KEY1_Flag)
    HardFault_Handler                        0x08001c31   Thumb Code     4  stm32f10x_it.o(i.HardFault_Handler)
    LED_Init                                 0x08001c35   Thumb Code    82  led.o(i.LED_Init)
    LableDowm                                0x08001c91   Thumb Code    28  gui.o(i.LableDowm)
    LableEnter                               0x08001cb1   Thumb Code   152  gui.o(i.LableEnter)
    LableUp                                  0x08001d7d   Thumb Code    28  gui.o(i.LableUp)
    MemManage_Handler                        0x08001d9d   Thumb Code     4  stm32f10x_it.o(i.MemManage_Handler)
    MotorControl                             0x08001da1   Thumb Code    36  pid.o(i.MotorControl)
    NMI_Handler                              0x08001dc5   Thumb Code     2  stm32f10x_it.o(i.NMI_Handler)
    NVIC_Init                                0x08001dc9   Thumb Code   100  misc.o(i.NVIC_Init)
    NVIC_PriorityGroupConfig                 0x08001e39   Thumb Code    10  misc.o(i.NVIC_PriorityGroupConfig)
    OLED_Clear                               0x08001e4d   Thumb Code    42  oled.o(i.OLED_Clear)
    OLED_I2C_Init                            0x08001e79   Thumb Code    76  oled.o(i.OLED_I2C_Init)
    OLED_I2C_SendByte                        0x08001ec9   Thumb Code    80  oled.o(i.OLED_I2C_SendByte)
    OLED_I2C_Start                           0x08001f1d   Thumb Code    48  oled.o(i.OLED_I2C_Start)
    OLED_I2C_Stop                            0x08001f51   Thumb Code    36  oled.o(i.OLED_I2C_Stop)
    OLED_Init                                0x08001f79   Thumb Code   174  oled.o(i.OLED_Init)
    OLED_Pow                                 0x08002027   Thumb Code    20  oled.o(i.OLED_Pow)
    OLED_SetCursor                           0x0800203b   Thumb Code    34  oled.o(i.OLED_SetCursor)
    OLED_ShowChar                            0x0800205d   Thumb Code   110  oled.o(i.OLED_ShowChar)
    OLED_ShowNum                             0x080020d1   Thumb Code    68  oled.o(i.OLED_ShowNum)
    OLED_ShowString                          0x08002115   Thumb Code    40  oled.o(i.OLED_ShowString)
    OLED_WriteCommand                        0x0800213d   Thumb Code    32  oled.o(i.OLED_WriteCommand)
    OLED_WriteData                           0x0800215d   Thumb Code    32  oled.o(i.OLED_WriteData)
    PendSV_Handler                           0x0800217d   Thumb Code     2  stm32f10x_it.o(i.PendSV_Handler)
    RCC_ADCCLKConfig                         0x08002181   Thumb Code    18  stm32f10x_rcc.o(i.RCC_ADCCLKConfig)
    RCC_APB1PeriphClockCmd                   0x08002199   Thumb Code    26  stm32f10x_rcc.o(i.RCC_APB1PeriphClockCmd)
    RCC_APB2PeriphClockCmd                   0x080021b9   Thumb Code    26  stm32f10x_rcc.o(i.RCC_APB2PeriphClockCmd)
    RCC_GetClocksFreq                        0x080021d9   Thumb Code   192  stm32f10x_rcc.o(i.RCC_GetClocksFreq)
    SVC_Handler                              0x080022ad   Thumb Code     2  stm32f10x_it.o(i.SVC_Handler)
    SearchMax                                0x080022af   Thumb Code    44  avoidance.o(i.SearchMax)
    SetDesired                               0x080022db   Thumb Code    16  pid.o(i.SetDesired)
    SetDuoji1                                0x080022ed   Thumb Code    36  pwm.o(i.SetDuoji1)
    SetDuoji2                                0x08002315   Thumb Code    36  pwm.o(i.SetDuoji2)
    SetMotor1                                0x0800233d   Thumb Code    42  pwm.o(i.SetMotor1)
    SetMotor2                                0x0800236d   Thumb Code    42  pwm.o(i.SetMotor2)
    SysTick_Handler                          0x08002485   Thumb Code     2  stm32f10x_it.o(i.SysTick_Handler)
    SystemInit                               0x08002489   Thumb Code    78  system_stm32f10x.o(i.SystemInit)
    TIM_ARRPreloadConfig                     0x08002729   Thumb Code    24  stm32f10x_tim.o(i.TIM_ARRPreloadConfig)
    TIM_Cmd                                  0x08002741   Thumb Code    24  stm32f10x_tim.o(i.TIM_Cmd)
    TIM_CtrlPWMOutputs                       0x08002759   Thumb Code    30  stm32f10x_tim.o(i.TIM_CtrlPWMOutputs)
    TIM_EncoderInterfaceConfig               0x08002777   Thumb Code    66  stm32f10x_tim.o(i.TIM_EncoderInterfaceConfig)
    TIM_GetCapture2                          0x080027b9   Thumb Code     6  stm32f10x_tim.o(i.TIM_GetCapture2)
    TIM_GetCounter                           0x080027bf   Thumb Code     6  stm32f10x_tim.o(i.TIM_GetCounter)
    TIM_ICInit                               0x080027c5   Thumb Code   150  stm32f10x_tim.o(i.TIM_ICInit)
    TIM_ICStructInit                         0x08002871   Thumb Code    18  stm32f10x_tim.o(i.TIM_ICStructInit)
    TIM_InternalClockConfig                  0x08002883   Thumb Code    12  stm32f10x_tim.o(i.TIM_InternalClockConfig)
    TIM_OC1Init                              0x08002891   Thumb Code   132  stm32f10x_tim.o(i.TIM_OC1Init)
    TIM_OC1PreloadConfig                     0x08002929   Thumb Code    18  stm32f10x_tim.o(i.TIM_OC1PreloadConfig)
    TIM_OC2Init                              0x0800293d   Thumb Code   154  stm32f10x_tim.o(i.TIM_OC2Init)
    TIM_OC2PreloadConfig                     0x080029e1   Thumb Code    26  stm32f10x_tim.o(i.TIM_OC2PreloadConfig)
    TIM_OC3Init                              0x080029fd   Thumb Code   150  stm32f10x_tim.o(i.TIM_OC3Init)
    TIM_OC3PreloadConfig                     0x08002a9d   Thumb Code    18  stm32f10x_tim.o(i.TIM_OC3PreloadConfig)
    TIM_OC4Init                              0x08002ab1   Thumb Code   114  stm32f10x_tim.o(i.TIM_OC4Init)
    TIM_OC4PreloadConfig                     0x08002b2d   Thumb Code    26  stm32f10x_tim.o(i.TIM_OC4PreloadConfig)
    TIM_OCStructInit                         0x08002b47   Thumb Code    20  stm32f10x_tim.o(i.TIM_OCStructInit)
    TIM_PWMIConfig                           0x08002b5b   Thumb Code   124  stm32f10x_tim.o(i.TIM_PWMIConfig)
    TIM_SelectInputTrigger                   0x08002bd7   Thumb Code    18  stm32f10x_tim.o(i.TIM_SelectInputTrigger)
    TIM_SelectSlaveMode                      0x08002be9   Thumb Code    18  stm32f10x_tim.o(i.TIM_SelectSlaveMode)
    TIM_SetCompare1                          0x08002bfb   Thumb Code     4  stm32f10x_tim.o(i.TIM_SetCompare1)
    TIM_SetCompare2                          0x08002bff   Thumb Code     4  stm32f10x_tim.o(i.TIM_SetCompare2)
    TIM_SetCompare3                          0x08002c03   Thumb Code     4  stm32f10x_tim.o(i.TIM_SetCompare3)
    TIM_SetCompare4                          0x08002c07   Thumb Code     6  stm32f10x_tim.o(i.TIM_SetCompare4)
    TIM_SetIC1Prescaler                      0x08002c0d   Thumb Code    18  stm32f10x_tim.o(i.TIM_SetIC1Prescaler)
    TIM_SetIC2Prescaler                      0x08002c1f   Thumb Code    26  stm32f10x_tim.o(i.TIM_SetIC2Prescaler)
    TIM_SetIC3Prescaler                      0x08002c39   Thumb Code    18  stm32f10x_tim.o(i.TIM_SetIC3Prescaler)
    TIM_SetIC4Prescaler                      0x08002c4b   Thumb Code    26  stm32f10x_tim.o(i.TIM_SetIC4Prescaler)
    TIM_TimeBaseInit                         0x08002c65   Thumb Code   122  stm32f10x_tim.o(i.TIM_TimeBaseInit)
    TIM_TimeBaseStructInit                   0x08002d09   Thumb Code    18  stm32f10x_tim.o(i.TIM_TimeBaseStructInit)
    USART2_IRQHandler                        0x08002d1d   Thumb Code   162  usart.o(i.USART2_IRQHandler)
    USART_ClearITPendingBit                  0x08002dd5   Thumb Code    30  stm32f10x_usart.o(i.USART_ClearITPendingBit)
    USART_Cmd                                0x08002df3   Thumb Code    24  stm32f10x_usart.o(i.USART_Cmd)
    USART_GetITStatus                        0x08002e0b   Thumb Code    84  stm32f10x_usart.o(i.USART_GetITStatus)
    USART_ITConfig                           0x08002e5f   Thumb Code    74  stm32f10x_usart.o(i.USART_ITConfig)
    USART_Init                               0x08002ea9   Thumb Code   210  stm32f10x_usart.o(i.USART_Init)
    USART_ReceiveData                        0x08002f81   Thumb Code    10  stm32f10x_usart.o(i.USART_ReceiveData)
    UsageFault_Handler                       0x08002f8b   Thumb Code     4  stm32f10x_it.o(i.UsageFault_Handler)
    __ARM_fpclassify                         0x08002f8f   Thumb Code    40  fpclassify.o(i.__ARM_fpclassify)
    _is_digit                                0x08002fb7   Thumb Code    14  __printf_wp.o(i._is_digit)
    _sys_exit                                0x08002fc5   Thumb Code     4  usart.o(i._sys_exit)
    carrunOK                                 0x08002fc9   Thumb Code     8  pwm.o(i.carrunOK)
    carstop                                  0x08002fd5   Thumb Code    26  pwm.o(i.carstop)
    csb_Init                                 0x08002ff9   Thumb Code   174  csb.o(i.csb_Init)
    csb_distance                             0x080030b1   Thumb Code    68  csb.o(i.csb_distance)
    delay_ms                                 0x08003109   Thumb Code    24  delay.o(i.delay_ms)
    delay_us                                 0x08003121   Thumb Code    46  delay.o(i.delay_us)
    exit_init                                0x0800314f   Thumb Code    82  key.o(i.exit_init)
    fputc                                    0x080031a1   Thumb Code    24  usart.o(i.fputc)
    key_init                                 0x080031bd   Thumb Code    48  key.o(i.key_init)
    main                                     0x080031f5   Thumb Code   242  main.o(i.main)
    pidUpdate                                0x0800330d   Thumb Code   156  pid.o(i.pidUpdate)
    pid_runing                               0x080033b5   Thumb Code   212  pid.o(i.pid_runing)
    pwm_init                                 0x080034bd   Thumb Code   286  pwm.o(i.pwm_init)
    uart_init                                0x080035e9   Thumb Code   154  usart.o(i.uart_init)
    _get_lc_numeric                          0x0800368d   Thumb Code    44  lc_numeric_c.o(locale$$code)
    __aeabi_d2f                              0x080036b9   Thumb Code     0  d2f.o(x$fpl$d2f)
    _d2f                                     0x080036b9   Thumb Code    98  d2f.o(x$fpl$d2f)
    __aeabi_dmul                             0x0800371d   Thumb Code     0  dmul.o(x$fpl$dmul)
    _dmul                                    0x0800371d   Thumb Code   332  dmul.o(x$fpl$dmul)
    __fpl_dnaninf                            0x08003871   Thumb Code   156  dnaninf.o(x$fpl$dnaninf)
    __fpl_dretinf                            0x0800390d   Thumb Code    12  dretinf.o(x$fpl$dretinf)
    __aeabi_f2d                              0x08003919   Thumb Code     0  f2d.o(x$fpl$f2d)
    _f2d                                     0x08003919   Thumb Code    86  f2d.o(x$fpl$f2d)
    __aeabi_fadd                             0x08003971   Thumb Code     0  faddsub_clz.o(x$fpl$fadd)
    _fadd                                    0x08003971   Thumb Code   196  faddsub_clz.o(x$fpl$fadd)
    __fpl_fcmp_Inf                           0x08003a35   Thumb Code    24  fcmpi.o(x$fpl$fcmpinf)
    __aeabi_fdiv                             0x08003a4d   Thumb Code     0  fdiv.o(x$fpl$fdiv)
    _fdiv                                    0x08003a4d   Thumb Code   384  fdiv.o(x$fpl$fdiv)
    __aeabi_cfcmpeq                          0x08003bd1   Thumb Code     0  feqf.o(x$fpl$feqf)
    _fcmpeq                                  0x08003bd1   Thumb Code   104  feqf.o(x$fpl$feqf)
    __aeabi_f2iz                             0x08003c39   Thumb Code     0  ffix.o(x$fpl$ffix)
    _ffix                                    0x08003c39   Thumb Code    54  ffix.o(x$fpl$ffix)
    __aeabi_f2uiz                            0x08003c71   Thumb Code     0  ffixu.o(x$fpl$ffixu)
    _ffixu                                   0x08003c71   Thumb Code    62  ffixu.o(x$fpl$ffixu)
    __aeabi_i2f                              0x08003cb1   Thumb Code     0  fflt_clz.o(x$fpl$fflt)
    _fflt                                    0x08003cb1   Thumb Code    48  fflt_clz.o(x$fpl$fflt)
    __aeabi_ui2f                             0x08003ce1   Thumb Code     0  fflt_clz.o(x$fpl$ffltu)
    _ffltu                                   0x08003ce1   Thumb Code    38  fflt_clz.o(x$fpl$ffltu)
    __aeabi_cfcmple                          0x08003d09   Thumb Code     0  fleqf.o(x$fpl$fleqf)
    _fcmple                                  0x08003d09   Thumb Code   104  fleqf.o(x$fpl$fleqf)
    __fpl_fcmple_InfNaN                      0x08003d5b   Thumb Code     0  fleqf.o(x$fpl$fleqf)
    __aeabi_fmul                             0x08003d71   Thumb Code     0  fmul.o(x$fpl$fmul)
    _fmul                                    0x08003d71   Thumb Code   258  fmul.o(x$fpl$fmul)
    __fpl_fnaninf                            0x08003e73   Thumb Code   140  fnaninf.o(x$fpl$fnaninf)
    __fpl_fretinf                            0x08003eff   Thumb Code    10  fretinf.o(x$fpl$fretinf)
    __aeabi_cfrcmple                         0x08003f09   Thumb Code     0  frleqf.o(x$fpl$frleqf)
    _frcmple                                 0x08003f09   Thumb Code    98  frleqf.o(x$fpl$frleqf)
    __aeabi_fsub                             0x08003f6d   Thumb Code     0  faddsub_clz.o(x$fpl$fsub)
    _fsub                                    0x08003f6d   Thumb Code   234  faddsub_clz.o(x$fpl$fsub)
    _printf_fp_dec                           0x08004057   Thumb Code     4  printf1.o(x$fpl$printf1)
    OLED_F8x16                               0x0800405a   Data        1520  oled.o(.constdata)
    __I$use$fp                               0x0800405a   Number         0  usenofp.o(x$fpl$usenofp)
    Region$$Table$$Base                      0x080046f0   Number         0  anon$$obj.o(Region$$Table)
    Region$$Table$$Limit                     0x08004710   Number         0  anon$$obj.o(Region$$Table)
    AvoidanceFlag                            0x20000015   Data           1  gui.o(.data)
    CarStopFlag                              0x20000016   Data           2  pwm.o(.data)
    distance                                 0x20000018   Data           4  csb.o(.data)
    ccr                                      0x2000001c   Data           4  csb.o(.data)
    ad_v                                     0x20000020   Data           4  adc_v.o(.data)
    KEY_Flag                                 0x20000024   Data           1  key.o(.data)
    __stdout                                 0x20000028   Data           4  usart.o(.data)
    USART_RX_STA                             0x2000002c   Data           2  usart.o(.data)
    Serial_RxFlag                            0x2000002e   Data           1  usart.o(.data)
    des_speed1                               0x20000034   Data           2  pid.o(.data)
    des_speed2                               0x20000036   Data           2  pid.o(.data)
    duoji                                    0x20000038   Data           2  pid.o(.data)
    real_speed1                              0x2000003c   Data           4  pid.o(.data)
    real_speed2                              0x20000040   Data           4  pid.o(.data)
    USART_RX_BUF                             0x2000004c   Data         200  usart.o(.bss)
    Serial_RxPacket                          0x20000114   Data         100  usart.o(.bss)
    left_pid                                 0x20000178   Data          60  pid.o(.bss)
    right_pid                                0x200001b4   Data          60  pid.o(.bss)
    distanceleft                             0x200001f0   Data        1200  avoidance.o(.bss)
    distanceright                            0x200006a0   Data        1200  avoidance.o(.bss)
    __libspace_start                         0x20000b50   Data          96  libspace.o(.bss)
    __temporary_stack_top$libspace           0x20000bb0   Data           0  libspace.o(.bss)



==============================================================================

Memory Map of the image

  Image Entry point : 0x080000ed

  Load Region LR_IROM1 (Base: 0x08000000, Size: 0x00004778, Max: 0x00010000, ABSOLUTE)

    Execution Region ER_IROM1 (Base: 0x08000000, Size: 0x0000472c, Max: 0x00010000, ABSOLUTE)

    Base Addr    Size         Type   Attr      Idx    E Section Name        Object

    0x08000000   0x000000ec   Data   RO            3    RESET               startup_stm32f10x_md.o
    0x080000ec   0x00000008   Code   RO         4603  * !!!main             c_w.l(__main.o)
    0x080000f4   0x00000034   Code   RO         4973    !!!scatter          c_w.l(__scatter.o)
    0x08000128   0x0000001a   Code   RO         4975    !!handler_copy      c_w.l(__scatter_copy.o)
    0x08000142   0x00000002   PAD
    0x08000144   0x0000001c   Code   RO         4977    !!handler_zi        c_w.l(__scatter_zi.o)
    0x08000160   0x00000000   Code   RO         4596    .ARM.Collect$$_printf_percent$$00000000  c_w.l(_printf_percent.o)
    0x08000160   0x00000006   Code   RO         4595    .ARM.Collect$$_printf_percent$$00000003  c_w.l(_printf_f.o)
    0x08000166   0x00000004   Code   RO         4692    .ARM.Collect$$_printf_percent$$00000017  c_w.l(_printf_percent_end.o)
    0x0800016a   0x00000002   Code   RO         4840    .ARM.Collect$$libinit$$00000000  c_w.l(libinit.o)
    0x0800016c   0x00000000   Code   RO         4842    .ARM.Collect$$libinit$$00000002  c_w.l(libinit2.o)
    0x0800016c   0x00000000   Code   RO         4844    .ARM.Collect$$libinit$$00000004  c_w.l(libinit2.o)
    0x0800016c   0x00000000   Code   RO         4847    .ARM.Collect$$libinit$$0000000A  c_w.l(libinit2.o)
    0x0800016c   0x00000000   Code   RO         4849    .ARM.Collect$$libinit$$0000000C  c_w.l(libinit2.o)
    0x0800016c   0x00000000   Code   RO         4851    .ARM.Collect$$libinit$$0000000E  c_w.l(libinit2.o)
    0x0800016c   0x00000006   Code   RO         4852    .ARM.Collect$$libinit$$0000000F  c_w.l(libinit2.o)
    0x08000172   0x00000000   Code   RO         4854    .ARM.Collect$$libinit$$00000011  c_w.l(libinit2.o)
    0x08000172   0x00000000   Code   RO         4856    .ARM.Collect$$libinit$$00000013  c_w.l(libinit2.o)
    0x08000172   0x00000000   Code   RO         4858    .ARM.Collect$$libinit$$00000015  c_w.l(libinit2.o)
    0x08000172   0x0000000a   Code   RO         4859    .ARM.Collect$$libinit$$00000016  c_w.l(libinit2.o)
    0x0800017c   0x00000000   Code   RO         4860    .ARM.Collect$$libinit$$00000017  c_w.l(libinit2.o)
    0x0800017c   0x00000000   Code   RO         4862    .ARM.Collect$$libinit$$00000019  c_w.l(libinit2.o)
    0x0800017c   0x00000000   Code   RO         4864    .ARM.Collect$$libinit$$0000001B  c_w.l(libinit2.o)
    0x0800017c   0x00000000   Code   RO         4866    .ARM.Collect$$libinit$$0000001D  c_w.l(libinit2.o)
    0x0800017c   0x00000000   Code   RO         4868    .ARM.Collect$$libinit$$0000001F  c_w.l(libinit2.o)
    0x0800017c   0x00000000   Code   RO         4870    .ARM.Collect$$libinit$$00000021  c_w.l(libinit2.o)
    0x0800017c   0x00000000   Code   RO         4872    .ARM.Collect$$libinit$$00000023  c_w.l(libinit2.o)
    0x0800017c   0x00000000   Code   RO         4874    .ARM.Collect$$libinit$$00000025  c_w.l(libinit2.o)
    0x0800017c   0x00000000   Code   RO         4878    .ARM.Collect$$libinit$$0000002C  c_w.l(libinit2.o)
    0x0800017c   0x00000000   Code   RO         4880    .ARM.Collect$$libinit$$0000002E  c_w.l(libinit2.o)
    0x0800017c   0x00000000   Code   RO         4882    .ARM.Collect$$libinit$$00000030  c_w.l(libinit2.o)
    0x0800017c   0x00000000   Code   RO         4884    .ARM.Collect$$libinit$$00000032  c_w.l(libinit2.o)
    0x0800017c   0x00000002   Code   RO         4885    .ARM.Collect$$libinit$$00000033  c_w.l(libinit2.o)
    0x0800017e   0x00000002   Code   RO         4933    .ARM.Collect$$libshutdown$$00000000  c_w.l(libshutdown.o)
    0x08000180   0x00000000   Code   RO         4942    .ARM.Collect$$libshutdown$$00000002  c_w.l(libshutdown2.o)
    0x08000180   0x00000000   Code   RO         4944    .ARM.Collect$$libshutdown$$00000004  c_w.l(libshutdown2.o)
    0x08000180   0x00000000   Code   RO         4947    .ARM.Collect$$libshutdown$$00000007  c_w.l(libshutdown2.o)
    0x08000180   0x00000000   Code   RO         4950    .ARM.Collect$$libshutdown$$0000000A  c_w.l(libshutdown2.o)
    0x08000180   0x00000000   Code   RO         4952    .ARM.Collect$$libshutdown$$0000000C  c_w.l(libshutdown2.o)
    0x08000180   0x00000000   Code   RO         4955    .ARM.Collect$$libshutdown$$0000000F  c_w.l(libshutdown2.o)
    0x08000180   0x00000002   Code   RO         4956    .ARM.Collect$$libshutdown$$00000010  c_w.l(libshutdown2.o)
    0x08000182   0x00000000   Code   RO         4681    .ARM.Collect$$rtentry$$00000000  c_w.l(__rtentry.o)
    0x08000182   0x00000000   Code   RO         4746    .ARM.Collect$$rtentry$$00000002  c_w.l(__rtentry2.o)
    0x08000182   0x00000006   Code   RO         4758    .ARM.Collect$$rtentry$$00000004  c_w.l(__rtentry4.o)
    0x08000188   0x00000000   Code   RO         4748    .ARM.Collect$$rtentry$$00000009  c_w.l(__rtentry2.o)
    0x08000188   0x00000004   Code   RO         4749    .ARM.Collect$$rtentry$$0000000A  c_w.l(__rtentry2.o)
    0x0800018c   0x00000000   Code   RO         4751    .ARM.Collect$$rtentry$$0000000C  c_w.l(__rtentry2.o)
    0x0800018c   0x00000008   Code   RO         4752    .ARM.Collect$$rtentry$$0000000D  c_w.l(__rtentry2.o)
    0x08000194   0x00000002   Code   RO         4890    .ARM.Collect$$rtexit$$00000000  c_w.l(rtexit.o)
    0x08000196   0x00000000   Code   RO         4903    .ARM.Collect$$rtexit$$00000002  c_w.l(rtexit2.o)
    0x08000196   0x00000004   Code   RO         4904    .ARM.Collect$$rtexit$$00000003  c_w.l(rtexit2.o)
    0x0800019a   0x00000006   Code   RO         4905    .ARM.Collect$$rtexit$$00000004  c_w.l(rtexit2.o)
    0x080001a0   0x00000040   Code   RO            4    .text               startup_stm32f10x_md.o
    0x080001e0   0x00000002   Code   RO         4538    .text               c_w.l(use_no_semi_2.o)
    0x080001e2   0x00000002   PAD
    0x080001e4   0x00000018   Code   RO         4544    .text               c_w.l(noretval__2printf.o)
    0x080001fc   0x00000138   Code   RO         4585    .text               c_w.l(__printf_flags_wp.o)
    0x08000334   0x00000006   Code   RO         4601    .text               c_w.l(heapauxi.o)
    0x0800033a   0x00000002   Code   RO         4679    .text               c_w.l(use_no_semi.o)
    0x0800033c   0x0000041a   Code   RO         4688    .text               c_w.l(_printf_fp_dec.o)
    0x08000756   0x00000002   PAD
    0x08000758   0x00000024   Code   RO         4690    .text               c_w.l(_printf_char_file.o)
    0x0800077c   0x00000008   Code   RO         4767    .text               c_w.l(rt_locale_intlibspace.o)
    0x08000784   0x0000008a   Code   RO         4774    .text               c_w.l(lludiv10.o)
    0x0800080e   0x00000002   PAD
    0x08000810   0x00000030   Code   RO         4776    .text               c_w.l(_printf_char_common.o)
    0x08000840   0x00000080   Code   RO         4778    .text               c_w.l(_printf_fp_infnan.o)
    0x080008c0   0x000000dc   Code   RO         4780    .text               c_w.l(bigflt0.o)
    0x0800099c   0x00000008   Code   RO         4805    .text               c_w.l(ferror.o)
    0x080009a4   0x00000008   Code   RO         4822    .text               c_w.l(libspace.o)
    0x080009ac   0x0000004a   Code   RO         4825    .text               c_w.l(sys_stackheap_outer.o)
    0x080009f6   0x00000012   Code   RO         4831    .text               c_w.l(exit.o)
    0x08000a08   0x00000080   Code   RO         4833    .text               c_w.l(strcmpv7m.o)
    0x08000a88   0x0000003e   Code   RO         4783    CL$$btod_d2e        c_w.l(btod.o)
    0x08000ac6   0x00000046   Code   RO         4785    CL$$btod_d2e_denorm_low  c_w.l(btod.o)
    0x08000b0c   0x00000060   Code   RO         4784    CL$$btod_d2e_norm_op1  c_w.l(btod.o)
    0x08000b6c   0x00000338   Code   RO         4793    CL$$btod_div_common  c_w.l(btod.o)
    0x08000ea4   0x000000c6   Code   RO         4790    CL$$btod_e2e        c_w.l(btod.o)
    0x08000f6a   0x00000028   Code   RO         4787    CL$$btod_ediv       c_w.l(btod.o)
    0x08000f92   0x00000028   Code   RO         4786    CL$$btod_emul       c_w.l(btod.o)
    0x08000fba   0x00000244   Code   RO         4792    CL$$btod_mult_common  c_w.l(btod.o)
    0x080011fe   0x00000016   Code   RO          202    i.ADC_Cmd           stm32f10x_adc.o
    0x08001214   0x00000014   Code   RO          210    i.ADC_GetCalibrationStatus  stm32f10x_adc.o
    0x08001228   0x00000008   Code   RO          211    i.ADC_GetConversionValue  stm32f10x_adc.o
    0x08001230   0x00000012   Code   RO          213    i.ADC_GetFlagStatus  stm32f10x_adc.o
    0x08001242   0x00000014   Code   RO          216    i.ADC_GetResetCalibrationStatus  stm32f10x_adc.o
    0x08001256   0x00000002   PAD
    0x08001258   0x00000050   Code   RO          220    i.ADC_Init          stm32f10x_adc.o
    0x080012a8   0x000000b8   Code   RO          224    i.ADC_RegularChannelConfig  stm32f10x_adc.o
    0x08001360   0x0000000a   Code   RO          225    i.ADC_ResetCalibration  stm32f10x_adc.o
    0x0800136a   0x00000016   Code   RO          227    i.ADC_SoftwareStartConvCmd  stm32f10x_adc.o
    0x08001380   0x0000000a   Code   RO          229    i.ADC_StartCalibration  stm32f10x_adc.o
    0x0800138a   0x00000002   PAD
    0x0800138c   0x0000007c   Code   RO         3513    i.AD_GetValue       adc_v.o
    0x08001408   0x000000a0   Code   RO         3514    i.AD_Init           adc_v.o
    0x080014a8   0x00000194   Code   RO         4511    i.Avoidance         avoidance.o
    0x0800163c   0x00000028   Code   RO         3537    i.BEEP_Blink        led.o
    0x08001664   0x00000004   Code   RO         3655    i.BusFault_Handler  stm32f10x_it.o
    0x08001668   0x00000088   Code   RO         3391    i.CarBack           pwm.o
    0x080016f0   0x00000002   Code   RO         3656    i.DebugMon_Handler  stm32f10x_it.o
    0x080016f2   0x00000002   PAD
    0x080016f4   0x00000050   Code   RO         3567    i.EXTI15_10_IRQHandler  key.o
    0x08001744   0x0000000c   Code   RO          985    i.EXTI_ClearITPendingBit  stm32f10x_exti.o
    0x08001750   0x00000028   Code   RO          989    i.EXTI_GetITStatus  stm32f10x_exti.o
    0x08001778   0x00000094   Code   RO          990    i.EXTI_Init         stm32f10x_exti.o
    0x0800180c   0x000000d0   Code   RO         3462    i.Encoder_Init      encoder.o
    0x080018dc   0x00000040   Code   RO         1344    i.GPIO_EXTILineConfig  stm32f10x_gpio.o
    0x0800191c   0x00000116   Code   RO         1347    i.GPIO_Init         stm32f10x_gpio.o
    0x08001a32   0x00000004   Code   RO         1354    i.GPIO_ResetBits    stm32f10x_gpio.o
    0x08001a36   0x00000004   Code   RO         1355    i.GPIO_SetBits      stm32f10x_gpio.o
    0x08001a3a   0x00000010   Code   RO         1356    i.GPIO_StructInit   stm32f10x_gpio.o
    0x08001a4a   0x0000000a   Code   RO         1358    i.GPIO_WriteBit     stm32f10x_gpio.o
    0x08001a54   0x0000011c   Code   RO         3223    i.GUIRuning         gui.o
    0x08001b70   0x0000000c   Code   RO         3224    i.GetAvoidanceFlag  gui.o
    0x08001b7c   0x00000038   Code   RO         3463    i.GetSpeed          encoder.o
    0x08001bb4   0x0000000c   Code   RO         3392    i.GetStopFlag       pwm.o
    0x08001bc0   0x00000038   Code   RO         3718    i.GetVisionDuoji    usart.o
    0x08001bf8   0x0000002c   Code   RO         3720    i.GetVisionMotor    usart.o
    0x08001c24   0x0000000c   Code   RO         3568    i.Get_KEY1_Flag     key.o
    0x08001c30   0x00000004   Code   RO         3657    i.HardFault_Handler  stm32f10x_it.o
    0x08001c34   0x0000005c   Code   RO         3540    i.LED_Init          led.o
    0x08001c90   0x00000020   Code   RO         3225    i.LableDowm         gui.o
    0x08001cb0   0x000000cc   Code   RO         3226    i.LableEnter        gui.o
    0x08001d7c   0x00000020   Code   RO         3227    i.LableUp           gui.o
    0x08001d9c   0x00000004   Code   RO         3658    i.MemManage_Handler  stm32f10x_it.o
    0x08001da0   0x00000024   Code   RO         4468    i.MotorControl      pid.o
    0x08001dc4   0x00000002   Code   RO         3659    i.NMI_Handler       stm32f10x_it.o
    0x08001dc6   0x00000002   PAD
    0x08001dc8   0x00000070   Code   RO          137    i.NVIC_Init         misc.o
    0x08001e38   0x00000014   Code   RO          138    i.NVIC_PriorityGroupConfig  misc.o
    0x08001e4c   0x0000002a   Code   RO         3283    i.OLED_Clear        oled.o
    0x08001e76   0x00000002   PAD
    0x08001e78   0x00000050   Code   RO         3284    i.OLED_I2C_Init     oled.o
    0x08001ec8   0x00000054   Code   RO         3285    i.OLED_I2C_SendByte  oled.o
    0x08001f1c   0x00000034   Code   RO         3286    i.OLED_I2C_Start    oled.o
    0x08001f50   0x00000028   Code   RO         3287    i.OLED_I2C_Stop     oled.o
    0x08001f78   0x000000ae   Code   RO         3288    i.OLED_Init         oled.o
    0x08002026   0x00000014   Code   RO         3289    i.OLED_Pow          oled.o
    0x0800203a   0x00000022   Code   RO         3290    i.OLED_SetCursor    oled.o
    0x0800205c   0x00000074   Code   RO         3292    i.OLED_ShowChar     oled.o
    0x080020d0   0x00000044   Code   RO         3294    i.OLED_ShowNum      oled.o
    0x08002114   0x00000028   Code   RO         3296    i.OLED_ShowString   oled.o
    0x0800213c   0x00000020   Code   RO         3297    i.OLED_WriteCommand  oled.o
    0x0800215c   0x00000020   Code   RO         3298    i.OLED_WriteData    oled.o
    0x0800217c   0x00000002   Code   RO         3660    i.PendSV_Handler    stm32f10x_it.o
    0x0800217e   0x00000002   PAD
    0x08002180   0x00000018   Code   RO         1773    i.RCC_ADCCLKConfig  stm32f10x_rcc.o
    0x08002198   0x00000020   Code   RO         1775    i.RCC_APB1PeriphClockCmd  stm32f10x_rcc.o
    0x080021b8   0x00000020   Code   RO         1777    i.RCC_APB2PeriphClockCmd  stm32f10x_rcc.o
    0x080021d8   0x000000d4   Code   RO         1785    i.RCC_GetClocksFreq  stm32f10x_rcc.o
    0x080022ac   0x00000002   Code   RO         3661    i.SVC_Handler       stm32f10x_it.o
    0x080022ae   0x0000002c   Code   RO         4512    i.SearchMax         avoidance.o
    0x080022da   0x00000010   Code   RO         4469    i.SetDesired        pid.o
    0x080022ea   0x00000002   PAD
    0x080022ec   0x00000028   Code   RO         3393    i.SetDuoji1         pwm.o
    0x08002314   0x00000028   Code   RO         3394    i.SetDuoji2         pwm.o
    0x0800233c   0x00000030   Code   RO         3395    i.SetMotor1         pwm.o
    0x0800236c   0x00000030   Code   RO         3396    i.SetMotor2         pwm.o
    0x0800239c   0x00000008   Code   RO           24    i.SetSysClock       system_stm32f10x.o
    0x080023a4   0x000000e0   Code   RO           25    i.SetSysClockTo72   system_stm32f10x.o
    0x08002484   0x00000002   Code   RO         3662    i.SysTick_Handler   stm32f10x_it.o
    0x08002486   0x00000002   PAD
    0x08002488   0x00000060   Code   RO           27    i.SystemInit        system_stm32f10x.o
    0x080024e8   0x00000080   Code   RO         2405    i.TI1_Config        stm32f10x_tim.o
    0x08002568   0x00000098   Code   RO         2406    i.TI2_Config        stm32f10x_tim.o
    0x08002600   0x00000090   Code   RO         2407    i.TI3_Config        stm32f10x_tim.o
    0x08002690   0x00000098   Code   RO         2408    i.TI4_Config        stm32f10x_tim.o
    0x08002728   0x00000018   Code   RO         2409    i.TIM_ARRPreloadConfig  stm32f10x_tim.o
    0x08002740   0x00000018   Code   RO         2421    i.TIM_Cmd           stm32f10x_tim.o
    0x08002758   0x0000001e   Code   RO         2423    i.TIM_CtrlPWMOutputs  stm32f10x_tim.o
    0x08002776   0x00000042   Code   RO         2430    i.TIM_EncoderInterfaceConfig  stm32f10x_tim.o
    0x080027b8   0x00000006   Code   RO         2437    i.TIM_GetCapture2   stm32f10x_tim.o
    0x080027be   0x00000006   Code   RO         2440    i.TIM_GetCounter    stm32f10x_tim.o
    0x080027c4   0x000000ac   Code   RO         2444    i.TIM_ICInit        stm32f10x_tim.o
    0x08002870   0x00000012   Code   RO         2445    i.TIM_ICStructInit  stm32f10x_tim.o
    0x08002882   0x0000000c   Code   RO         2448    i.TIM_InternalClockConfig  stm32f10x_tim.o
    0x0800288e   0x00000002   PAD
    0x08002890   0x00000098   Code   RO         2450    i.TIM_OC1Init       stm32f10x_tim.o
    0x08002928   0x00000012   Code   RO         2453    i.TIM_OC1PreloadConfig  stm32f10x_tim.o
    0x0800293a   0x00000002   PAD
    0x0800293c   0x000000a4   Code   RO         2455    i.TIM_OC2Init       stm32f10x_tim.o
    0x080029e0   0x0000001a   Code   RO         2458    i.TIM_OC2PreloadConfig  stm32f10x_tim.o
    0x080029fa   0x00000002   PAD
    0x080029fc   0x000000a0   Code   RO         2460    i.TIM_OC3Init       stm32f10x_tim.o
    0x08002a9c   0x00000012   Code   RO         2463    i.TIM_OC3PreloadConfig  stm32f10x_tim.o
    0x08002aae   0x00000002   PAD
    0x08002ab0   0x0000007c   Code   RO         2465    i.TIM_OC4Init       stm32f10x_tim.o
    0x08002b2c   0x0000001a   Code   RO         2467    i.TIM_OC4PreloadConfig  stm32f10x_tim.o
    0x08002b46   0x00000014   Code   RO         2468    i.TIM_OCStructInit  stm32f10x_tim.o
    0x08002b5a   0x0000007c   Code   RO         2469    i.TIM_PWMIConfig    stm32f10x_tim.o
    0x08002bd6   0x00000012   Code   RO         2474    i.TIM_SelectInputTrigger  stm32f10x_tim.o
    0x08002be8   0x00000012   Code   RO         2479    i.TIM_SelectSlaveMode  stm32f10x_tim.o
    0x08002bfa   0x00000004   Code   RO         2482    i.TIM_SetCompare1   stm32f10x_tim.o
    0x08002bfe   0x00000004   Code   RO         2483    i.TIM_SetCompare2   stm32f10x_tim.o
    0x08002c02   0x00000004   Code   RO         2484    i.TIM_SetCompare3   stm32f10x_tim.o
    0x08002c06   0x00000006   Code   RO         2485    i.TIM_SetCompare4   stm32f10x_tim.o
    0x08002c0c   0x00000012   Code   RO         2487    i.TIM_SetIC1Prescaler  stm32f10x_tim.o
    0x08002c1e   0x0000001a   Code   RO         2488    i.TIM_SetIC2Prescaler  stm32f10x_tim.o
    0x08002c38   0x00000012   Code   RO         2489    i.TIM_SetIC3Prescaler  stm32f10x_tim.o
    0x08002c4a   0x0000001a   Code   RO         2490    i.TIM_SetIC4Prescaler  stm32f10x_tim.o
    0x08002c64   0x000000a4   Code   RO         2492    i.TIM_TimeBaseInit  stm32f10x_tim.o
    0x08002d08   0x00000012   Code   RO         2493    i.TIM_TimeBaseStructInit  stm32f10x_tim.o
    0x08002d1a   0x00000002   PAD
    0x08002d1c   0x000000b8   Code   RO         3721    i.USART2_IRQHandler  usart.o
    0x08002dd4   0x0000001e   Code   RO         2957    i.USART_ClearITPendingBit  stm32f10x_usart.o
    0x08002df2   0x00000018   Code   RO         2960    i.USART_Cmd         stm32f10x_usart.o
    0x08002e0a   0x00000054   Code   RO         2964    i.USART_GetITStatus  stm32f10x_usart.o
    0x08002e5e   0x0000004a   Code   RO         2966    i.USART_ITConfig    stm32f10x_usart.o
    0x08002ea8   0x000000d8   Code   RO         2967    i.USART_Init        stm32f10x_usart.o
    0x08002f80   0x0000000a   Code   RO         2974    i.USART_ReceiveData  stm32f10x_usart.o
    0x08002f8a   0x00000004   Code   RO         3663    i.UsageFault_Handler  stm32f10x_it.o
    0x08002f8e   0x00000028   Code   RO         4732    i.__ARM_fpclassify  m_ws.l(fpclassify.o)
    0x08002fb6   0x0000000e   Code   RO         4583    i._is_digit         c_w.l(__printf_wp.o)
    0x08002fc4   0x00000004   Code   RO         3722    i._sys_exit         usart.o
    0x08002fc8   0x0000000c   Code   RO         3397    i.carrunOK          pwm.o
    0x08002fd4   0x00000024   Code   RO         3398    i.carstop           pwm.o
    0x08002ff8   0x000000b8   Code   RO         3483    i.csb_Init          csb.o
    0x080030b0   0x00000058   Code   RO         3485    i.csb_distance      csb.o
    0x08003108   0x00000018   Code   RO         3196    i.delay_ms          delay.o
    0x08003120   0x0000002e   Code   RO         3198    i.delay_us          delay.o
    0x0800314e   0x00000052   Code   RO         3569    i.exit_init         key.o
    0x080031a0   0x0000001c   Code   RO         3723    i.fputc             usart.o
    0x080031bc   0x00000038   Code   RO         3570    i.key_init          key.o
    0x080031f4   0x00000118   Code   RO         3600    i.main              main.o
    0x0800330c   0x000000a8   Code   RO         4470    i.pidUpdate         pid.o
    0x080033b4   0x00000108   Code   RO         4472    i.pid_runing        pid.o
    0x080034bc   0x0000012c   Code   RO         3399    i.pwm_init          pwm.o
    0x080035e8   0x000000a4   Code   RO         3724    i.uart_init         usart.o
    0x0800368c   0x0000002c   Code   RO         4810    locale$$code        c_w.l(lc_numeric_c.o)
    0x080036b8   0x00000062   Code   RO         4605    x$fpl$d2f           fz_ws.l(d2f.o)
    0x0800371a   0x00000002   PAD
    0x0800371c   0x00000154   Code   RO         4623    x$fpl$dmul          fz_ws.l(dmul.o)
    0x08003870   0x0000009c   Code   RO         4695    x$fpl$dnaninf       fz_ws.l(dnaninf.o)
    0x0800390c   0x0000000c   Code   RO         4697    x$fpl$dretinf       fz_ws.l(dretinf.o)
    0x08003918   0x00000056   Code   RO         4625    x$fpl$f2d           fz_ws.l(f2d.o)
    0x0800396e   0x00000002   PAD
    0x08003970   0x000000c4   Code   RO         4627    x$fpl$fadd          fz_ws.l(faddsub_clz.o)
    0x08003a34   0x00000018   Code   RO         4699    x$fpl$fcmpinf       fz_ws.l(fcmpi.o)
    0x08003a4c   0x00000184   Code   RO         4634    x$fpl$fdiv          fz_ws.l(fdiv.o)
    0x08003bd0   0x00000068   Code   RO         4637    x$fpl$feqf          fz_ws.l(feqf.o)
    0x08003c38   0x00000036   Code   RO         4639    x$fpl$ffix          fz_ws.l(ffix.o)
    0x08003c6e   0x00000002   PAD
    0x08003c70   0x0000003e   Code   RO         4643    x$fpl$ffixu         fz_ws.l(ffixu.o)
    0x08003cae   0x00000002   PAD
    0x08003cb0   0x00000030   Code   RO         4648    x$fpl$fflt          fz_ws.l(fflt_clz.o)
    0x08003ce0   0x00000026   Code   RO         4647    x$fpl$ffltu         fz_ws.l(fflt_clz.o)
    0x08003d06   0x00000002   PAD
    0x08003d08   0x00000068   Code   RO         4653    x$fpl$fleqf         fz_ws.l(fleqf.o)
    0x08003d70   0x00000102   Code   RO         4655    x$fpl$fmul          fz_ws.l(fmul.o)
    0x08003e72   0x0000008c   Code   RO         4701    x$fpl$fnaninf       fz_ws.l(fnaninf.o)
    0x08003efe   0x0000000a   Code   RO         4703    x$fpl$fretinf       fz_ws.l(fretinf.o)
    0x08003f08   0x00000062   Code   RO         4657    x$fpl$frleqf        fz_ws.l(frleqf.o)
    0x08003f6a   0x00000002   PAD
    0x08003f6c   0x000000ea   Code   RO         4629    x$fpl$fsub          fz_ws.l(faddsub_clz.o)
    0x08004056   0x00000004   Code   RO         4659    x$fpl$printf1       fz_ws.l(printf1.o)
    0x0800405a   0x00000000   Code   RO         4707    x$fpl$usenofp       fz_ws.l(usenofp.o)
    0x0800405a   0x000005f0   Data   RO         3299    .constdata          oled.o
    0x0800464a   0x00000011   Data   RO         4586    .constdata          c_w.l(__printf_flags_wp.o)
    0x0800465b   0x00000001   PAD
    0x0800465c   0x00000094   Data   RO         4781    .constdata          c_w.l(bigflt0.o)
    0x080046f0   0x00000020   Data   RO         4971    Region$$Table       anon$$obj.o
    0x08004710   0x0000001c   Data   RO         4809    locale$$data        c_w.l(lc_numeric_c.o)


    Execution Region RW_IRAM1 (Base: 0x20000000, Size: 0x000011b0, Max: 0x00005000, ABSOLUTE)

    Base Addr    Size         Type   Attr      Idx    E Section Name        Object

    0x20000000   0x00000014   Data   RW         1805    .data               stm32f10x_rcc.o
    0x20000014   0x00000002   Data   RW         3228    .data               gui.o
    0x20000016   0x00000002   Data   RW         3400    .data               pwm.o
    0x20000018   0x00000008   Data   RW         3486    .data               csb.o
    0x20000020   0x00000004   Data   RW         3515    .data               adc_v.o
    0x20000024   0x00000001   Data   RW         3571    .data               key.o
    0x20000025   0x00000003   PAD
    0x20000028   0x00000009   Data   RW         3726    .data               usart.o
    0x20000031   0x00000003   PAD
    0x20000034   0x00000010   Data   RW         4474    .data               pid.o
    0x20000044   0x00000008   Data   RW         4514    .data               avoidance.o
    0x2000004c   0x0000012c   Zero   RW         3725    .bss                usart.o
    0x20000178   0x00000078   Zero   RW         4473    .bss                pid.o
    0x200001f0   0x00000960   Zero   RW         4513    .bss                avoidance.o
    0x20000b50   0x00000060   Zero   RW         4823    .bss                c_w.l(libspace.o)
    0x20000bb0   0x00000200   Zero   RW            2    HEAP                startup_stm32f10x_md.o
    0x20000db0   0x00000400   Zero   RW            1    STACK               startup_stm32f10x_md.o


==============================================================================

Image component sizes


      Code (inc. data)   RO Data    RW Data    ZI Data      Debug   Object Name

       284         36          0          4          0       1603   adc_v.o
       448         34          0          8       2400       2413   avoidance.o
         0          0          0          0          0       4508   core_cm3.o
       272         30          0          8          0       1677   csb.o
        70          0          0          0          0       1138   delay.o
       264         14          0          0          0       1410   encoder.o
       564        138          0          2          0       3202   gui.o
       230         26          0          1          0       2609   key.o
       132         20          0          0          0       1132   led.o
       280         38          0          0          0        767   main.o
       132         22          0          0          0     216619   misc.o
       814         22       1520          0          0       9069   oled.o
       484         64          0         16        120       4590   pid.o
       672         68          0          2          0       5686   pwm.o
        64         26        236          0       1536        900   startup_stm32f10x_md.o
       394         10          0          0          0      19605   stm32f10x_adc.o
       200         18          0          0          0       4596   stm32f10x_exti.o
       376          4          0          0          0      13620   stm32f10x_gpio.o
        26          0          0          0          0       4646   stm32f10x_it.o
       300         38          0         20          0      14189   stm32f10x_rcc.o
      2090        200          0          0          0      44859   stm32f10x_tim.o
       438          6          0          0          0      12192   stm32f10x_usart.o
       328         28          0          0          0      46025   system_stm32f10x.o
       480         46          0          9        300       6016   usart.o

    ----------------------------------------------------------------------
      9368        888       1788         76       4356     423071   Object Totals
         0          0         32          0          0          0   (incl. Generated)
        26          0          0          6          0          0   (incl. Padding)

    ----------------------------------------------------------------------

      Code (inc. data)   RO Data    RW Data    ZI Data      Debug   Library Member Name

         8          0          0          0          0         68   __main.o
       312          4         17          0          0         92   __printf_flags_wp.o
        14          0          0          0          0         68   __printf_wp.o
         0          0          0          0          0          0   __rtentry.o
        12          0          0          0          0          0   __rtentry2.o
         6          0          0          0          0          0   __rtentry4.o
        52          8          0          0          0          0   __scatter.o
        26          0          0          0          0          0   __scatter_copy.o
        28          0          0          0          0          0   __scatter_zi.o
        48          6          0          0          0         96   _printf_char_common.o
        36          4          0          0          0         80   _printf_char_file.o
         6          0          0          0          0          0   _printf_f.o
      1050          0          0          0          0        216   _printf_fp_dec.o
       128         16          0          0          0         84   _printf_fp_infnan.o
         0          0          0          0          0          0   _printf_percent.o
         4          0          0          0          0          0   _printf_percent_end.o
       220          4        148          0          0         96   bigflt0.o
      1910        128          0          0          0        672   btod.o
        18          0          0          0          0         80   exit.o
         8          0          0          0          0         68   ferror.o
         6          0          0          0          0        152   heapauxi.o
        44         10         28          0          0         76   lc_numeric_c.o
         2          0          0          0          0          0   libinit.o
        18          0          0          0          0          0   libinit2.o
         2          0          0          0          0          0   libshutdown.o
         2          0          0          0          0          0   libshutdown2.o
         8          4          0          0         96         68   libspace.o
       138          0          0          0          0         80   lludiv10.o
        24          4          0          0          0         84   noretval__2printf.o
         8          4          0          0          0         68   rt_locale_intlibspace.o
         2          0          0          0          0          0   rtexit.o
        10          0          0          0          0          0   rtexit2.o
       128          0          0          0          0         68   strcmpv7m.o
        74          0          0          0          0         80   sys_stackheap_outer.o
         2          0          0          0          0         68   use_no_semi.o
         2          0          0          0          0         68   use_no_semi_2.o
        98          4          0          0          0         92   d2f.o
       340         12          0          0          0        104   dmul.o
       156          4          0          0          0         92   dnaninf.o
        12          0          0          0          0         68   dretinf.o
        86          4          0          0          0         84   f2d.o
       430          8          0          0          0        168   faddsub_clz.o
        24          0          0          0          0         68   fcmpi.o
       388         76          0          0          0         96   fdiv.o
       104          4          0          0          0         84   feqf.o
        54          4          0          0          0         84   ffix.o
        62          4          0          0          0         84   ffixu.o
        86          0          0          0          0        136   fflt_clz.o
       104          4          0          0          0         84   fleqf.o
       258          4          0          0          0         84   fmul.o
       140          4          0          0          0         84   fnaninf.o
        10          0          0          0          0         68   fretinf.o
        98          0          0          0          0         68   frleqf.o
         4          0          0          0          0         68   printf1.o
         0          0          0          0          0          0   usenofp.o
        40          0          0          0          0         68   fpclassify.o

    ----------------------------------------------------------------------
      6870        324        194          0         96       4116   Library Totals
        20          0          1          0          0          0   (incl. Padding)

    ----------------------------------------------------------------------

      Code (inc. data)   RO Data    RW Data    ZI Data      Debug   Library Name

      4356        192        193          0         96       2432   c_w.l
      2454        132          0          0          0       1616   fz_ws.l
        40          0          0          0          0         68   m_ws.l

    ----------------------------------------------------------------------
      6870        324        194          0         96       4116   Library Totals

    ----------------------------------------------------------------------

==============================================================================


      Code (inc. data)   RO Data    RW Data    ZI Data      Debug   

     16238       1212       1982         76       4452     418187   Grand Totals
     16238       1212       1982         76       4452     418187   ELF Image Totals
     16238       1212       1982         76          0          0   ROM Totals

==============================================================================

    Total RO  Size (Code + RO Data)                18220 (  17.79kB)
    Total RW  Size (RW Data + ZI Data)              4528 (   4.42kB)
    Total ROM Size (Code + RO Data + RW Data)      18296 (  17.87kB)

==============================================================================

