Component: ARM Compiler 5.06 update 4 (build 422) Tool: armlink [4d35d2]

==============================================================================

Section Cross References

    startup_stm32f10x_md.o(STACK) refers (Special) to heapauxi.o(.text) for __use_two_region_memory
    startup_stm32f10x_md.o(HEAP) refers (Special) to heapauxi.o(.text) for __use_two_region_memory
    startup_stm32f10x_md.o(RESET) refers (Special) to heapauxi.o(.text) for __use_two_region_memory
    startup_stm32f10x_md.o(RESET) refers to startup_stm32f10x_md.o(STACK) for __initial_sp
    startup_stm32f10x_md.o(RESET) refers to startup_stm32f10x_md.o(.text) for Reset_Handler
    startup_stm32f10x_md.o(RESET) refers to stm32f10x_it.o(i.NMI_Handler) for NMI_Handler
    startup_stm32f10x_md.o(RESET) refers to stm32f10x_it.o(i.HardFault_Handler) for HardFault_Handler
    startup_stm32f10x_md.o(RESET) refers to stm32f10x_it.o(i.MemManage_Handler) for MemManage_Handler
    startup_stm32f10x_md.o(RESET) refers to stm32f10x_it.o(i.BusFault_Handler) for BusFault_Handler
    startup_stm32f10x_md.o(RESET) refers to stm32f10x_it.o(i.UsageFault_Handler) for UsageFault_Handler
    startup_stm32f10x_md.o(RESET) refers to stm32f10x_it.o(i.SVC_Handler) for SVC_Handler
    startup_stm32f10x_md.o(RESET) refers to stm32f10x_it.o(i.DebugMon_Handler) for DebugMon_Handler
    startup_stm32f10x_md.o(RESET) refers to stm32f10x_it.o(i.PendSV_Handler) for PendSV_Handler
    startup_stm32f10x_md.o(RESET) refers to stm32f10x_it.o(i.SysTick_Handler) for SysTick_Handler
    startup_stm32f10x_md.o(RESET) refers to exti.o(i.EXTI0_IRQHandler) for EXTI0_IRQHandler
    startup_stm32f10x_md.o(RESET) refers to exti.o(i.EXTI1_IRQHandler) for EXTI1_IRQHandler
    startup_stm32f10x_md.o(RESET) refers to exti.o(i.EXTI4_IRQHandler) for EXTI4_IRQHandler
    startup_stm32f10x_md.o(RESET) refers to exti.o(i.EXTI9_5_IRQHandler) for EXTI9_5_IRQHandler
    startup_stm32f10x_md.o(RESET) refers to suijishu.o(i.TIM2_IRQHandler) for TIM2_IRQHandler
    startup_stm32f10x_md.o(RESET) refers to usart2.o(i.TIM4_IRQHandler) for TIM4_IRQHandler
    startup_stm32f10x_md.o(RESET) refers to usart.o(i.USART1_IRQHandler) for USART1_IRQHandler
    startup_stm32f10x_md.o(RESET) refers to usart2.o(i.USART2_IRQHandler) for USART2_IRQHandler
    startup_stm32f10x_md.o(RESET) refers to exti.o(i.EXTI15_10_IRQHandler) for EXTI15_10_IRQHandler
    startup_stm32f10x_md.o(.text) refers (Special) to heapauxi.o(.text) for __use_two_region_memory
    startup_stm32f10x_md.o(.text) refers to system_stm32f10x.o(i.SystemInit) for SystemInit
    startup_stm32f10x_md.o(.text) refers to __main.o(!!!main) for __main
    startup_stm32f10x_md.o(.text) refers to startup_stm32f10x_md.o(HEAP) for Heap_Mem
    startup_stm32f10x_md.o(.text) refers to startup_stm32f10x_md.o(STACK) for Stack_Mem
    system_stm32f10x.o(i.SetSysClock) refers to system_stm32f10x.o(i.SetSysClockTo72) for SetSysClockTo72
    system_stm32f10x.o(i.SystemCoreClockUpdate) refers to system_stm32f10x.o(.data) for SystemCoreClock
    system_stm32f10x.o(i.SystemInit) refers to system_stm32f10x.o(i.SetSysClock) for SetSysClock
    stm32f10x_adc.o(i.ADC_DeInit) refers to stm32f10x_rcc.o(i.RCC_APB2PeriphResetCmd) for RCC_APB2PeriphResetCmd
    stm32f10x_bkp.o(i.BKP_DeInit) refers to stm32f10x_rcc.o(i.RCC_BackupResetCmd) for RCC_BackupResetCmd
    stm32f10x_can.o(i.CAN_DeInit) refers to stm32f10x_rcc.o(i.RCC_APB1PeriphResetCmd) for RCC_APB1PeriphResetCmd
    stm32f10x_can.o(i.CAN_GetITStatus) refers to stm32f10x_can.o(i.CheckITStatus) for CheckITStatus
    stm32f10x_cec.o(i.CEC_DeInit) refers to stm32f10x_rcc.o(i.RCC_APB1PeriphResetCmd) for RCC_APB1PeriphResetCmd
    stm32f10x_dac.o(i.DAC_DeInit) refers to stm32f10x_rcc.o(i.RCC_APB1PeriphResetCmd) for RCC_APB1PeriphResetCmd
    stm32f10x_flash.o(i.FLASH_EnableWriteProtection) refers to stm32f10x_flash.o(i.FLASH_WaitForLastOperation) for FLASH_WaitForLastOperation
    stm32f10x_flash.o(i.FLASH_EraseAllBank1Pages) refers to stm32f10x_flash.o(i.FLASH_WaitForLastBank1Operation) for FLASH_WaitForLastBank1Operation
    stm32f10x_flash.o(i.FLASH_EraseAllPages) refers to stm32f10x_flash.o(i.FLASH_WaitForLastOperation) for FLASH_WaitForLastOperation
    stm32f10x_flash.o(i.FLASH_EraseOptionBytes) refers to stm32f10x_flash.o(i.FLASH_GetReadOutProtectionStatus) for FLASH_GetReadOutProtectionStatus
    stm32f10x_flash.o(i.FLASH_EraseOptionBytes) refers to stm32f10x_flash.o(i.FLASH_WaitForLastOperation) for FLASH_WaitForLastOperation
    stm32f10x_flash.o(i.FLASH_ErasePage) refers to stm32f10x_flash.o(i.FLASH_WaitForLastOperation) for FLASH_WaitForLastOperation
    stm32f10x_flash.o(i.FLASH_ProgramHalfWord) refers to stm32f10x_flash.o(i.FLASH_WaitForLastOperation) for FLASH_WaitForLastOperation
    stm32f10x_flash.o(i.FLASH_ProgramOptionByteData) refers to stm32f10x_flash.o(i.FLASH_WaitForLastOperation) for FLASH_WaitForLastOperation
[...]
    HEAP                                     0x200015e8   Section      512  startup_stm32f10x_md.o(HEAP)
    Heap_Mem                                 0x200015e8   Data         512  startup_stm32f10x_md.o(HEAP)
    STACK                                    0x200017e8   Section     1024  startup_stm32f10x_md.o(STACK)
    Stack_Mem                                0x200017e8   Data        1024  startup_stm32f10x_md.o(STACK)
    __initial_sp                             0x20001be8   Data           0  startup_stm32f10x_md.o(STACK)

    Global Symbols

    Symbol Name                              Value     Ov Type        Size  Object(Section)

    BuildAttributes$$THM_ISAv4$P$D$K$B$S$PE$A:L22UL41UL21$X:L11$S22US41US21$IEEE1$IW$USESV6$~STKCKD$USESV7$~SHL$OTIME$ROPI$IEEEX$EBA8$UX$STANDARDLIB$REQ8$PRES8$EABIv2 0x00000000   Number         0  anon$$obj.o ABSOLUTE
    __ARM_use_no_argv                        0x00000000   Number         0  main.o ABSOLUTE
    _printf_flags                            0x00000000   Number         0  printf_stubs.o ABSOLUTE
    _printf_return_value                     0x00000000   Number         0  printf_stubs.o ABSOLUTE
    _printf_sizespec                         0x00000000   Number         0  printf_stubs.o ABSOLUTE
    _printf_widthprec                        0x00000000   Number         0  printf_stubs.o ABSOLUTE
    __ARM_exceptions_init                     - Undefined Weak Reference
    __alloca_initialize                       - Undefined Weak Reference
    __arm_preinit_                            - Undefined Weak Reference
    __cpp_initialize__aeabi_                  - Undefined Weak Reference
    __cxa_finalize                            - Undefined Weak Reference
    __sigvec_lookup                           - Undefined Weak Reference
    __user_heap_extent                        - Undefined Weak Reference
    _atexit_init                              - Undefined Weak Reference
    _call_atexit_fns                          - Undefined Weak Reference
    _clock_init                               - Undefined Weak Reference
    _fp_trap_init                             - Undefined Weak Reference
    _fp_trap_shutdown                         - Undefined Weak Reference
    _get_lc_collate                           - Undefined Weak Reference
    _get_lc_monetary                          - Undefined Weak Reference
    _get_lc_time                              - Undefined Weak Reference
    _getenv_init                              - Undefined Weak Reference
    _handle_redirection                       - Undefined Weak Reference
    _mutex_acquire                            - Undefined Weak Reference
    _mutex_free                               - Undefined Weak Reference
    _mutex_release                            - Undefined Weak Reference
    _printf_mbtowc                            - Undefined Weak Reference
    _printf_wc                                - Undefined Weak Reference
    _signal_finish                            - Undefined Weak Reference
    _signal_init                              - Undefined Weak Reference
    __Vectors_Size                           0x000000ec   Number         0  startup_stm32f10x_md.o ABSOLUTE
    __Vectors                                0x08000000   Data           4  startup_stm32f10x_md.o(RESET)
    __Vectors_End                            0x080000ec   Data           0  startup_stm32f10x_md.o(RESET)
    __main                                   0x080000ed   Thumb Code     8  __main.o(!!!main)
    __scatterload                            0x080000f5   Thumb Code     0  __scatter.o(!!!scatter)
    __scatterload_rt2                        0x080000f5   Thumb Code    44  __scatter.o(!!!scatter)
    __scatterload_rt2_thumb_only             0x080000f5   Thumb Code     0  __scatter.o(!!!scatter)
    __scatterload_null                       0x08000103   Thumb Code     0  __scatter.o(!!!scatter)
    __decompress                             0x08000129   Thumb Code    90  __dczerorl2.o(!!dczerorl2)
    __decompress1                            0x08000129   Thumb Code     0  __dczerorl2.o(!!dczerorl2)
    __scatterload_zeroinit                   0x08000185   Thumb Code    28  __scatter_zi.o(!!handler_zi)
    _printf_n                                0x080001a1   Thumb Code     0  _printf_n.o(.ARM.Collect$$_printf_percent$$00000001)
    _printf_percent                          0x080001a1   Thumb Code     0  _printf_percent.o(.ARM.Collect$$_printf_percent$$00000000)
    _printf_p                                0x080001a7   Thumb Code     0  _printf_p.o(.ARM.Collect$$_printf_percent$$00000002)
    _printf_f                                0x080001ad   Thumb Code     0  _printf_f.o(.ARM.Collect$$_printf_percent$$00000003)
    _printf_e                                0x080001b3   Thumb Code     0  _printf_e.o(.ARM.Collect$$_printf_percent$$00000004)
    _printf_g                                0x080001b9   Thumb Code     0  _printf_g.o(.ARM.Collect$$_printf_percent$$00000005)
    _printf_a                                0x080001bf   Thumb Code     0  _printf_a.o(.ARM.Collect$$_printf_percent$$00000006)
    _printf_ll                               0x080001c5   Thumb Code     0  _printf_ll.o(.ARM.Collect$$_printf_percent$$00000007)
    _printf_i                                0x080001cf   Thumb Code     0  _printf_i.o(.ARM.Collect$$_printf_percent$$00000008)
    _printf_d                                0x080001d5   Thumb Code     0  _printf_d.o(.ARM.Collect$$_printf_percent$$00000009)
    _printf_u                                0x080001db   Thumb Code     0  _printf_u.o(.ARM.Collect$$_printf_percent$$0000000A)
    _printf_o                                0x080001e1   Thumb Code     0  _printf_o.o(.ARM.Collect$$_printf_percent$$0000000B)
    _printf_x                                0x080001e7   Thumb Code     0  _printf_x.o(.ARM.Collect$$_printf_percent$$0000000C)
    _printf_lli                              0x080001ed   Thumb Code     0  _printf_lli.o(.ARM.Collect$$_printf_percent$$0000000D)
    _printf_lld                              0x080001f3   Thumb Code     0  _printf_lld.o(.ARM.Collect$$_printf_percent$$0000000E)
    _printf_llu                              0x080001f9   Thumb Code     0  _printf_llu.o(.ARM.Collect$$_printf_percent$$0000000F)
    _printf_llo                              0x080001ff   Thumb Code     0  _printf_llo.o(.ARM.Collect$$_printf_percent$$00000010)
    _printf_llx                              0x08000205   Thumb Code     0  _printf_llx.o(.ARM.Collect$$_printf_percent$$00000011)
    _printf_l                                0x0800020b   Thumb Code     0  _printf_l.o(.ARM.Collect$$_printf_percent$$00000012)
    _printf_c                                0x08000215   Thumb Code     0  _printf_c.o(.ARM.Collect$$_printf_percent$$00000013)
    _printf_s                                0x0800021b   Thumb Code     0  _printf_s.o(.ARM.Collect$$_printf_percent$$00000014)
    _printf_lc                               0x08000221   Thumb Code     0  _printf_lc.o(.ARM.Collect$$_printf_percent$$00000015)
    _printf_ls                               0x08000227   Thumb Code     0  _printf_ls.o(.ARM.Collect$$_printf_percent$$00000016)
    _printf_percent_end                      0x0800022d   Thumb Code     0  _printf_percent_end.o(.ARM.Collect$$_printf_percent$$00000017)
    __rt_lib_init                            0x08000231   Thumb Code     0  libinit.o(.ARM.Collect$$libinit$$00000000)
    __rt_lib_init_fp_1                       0x08000233   Thumb Code     0  libinit2.o(.ARM.Collect$$libinit$$00000002)
    __rt_lib_init_heap_1                     0x08000233   Thumb Code     0  libinit2.o(.ARM.Collect$$libinit$$0000000A)
    __rt_lib_init_preinit_1                  0x08000233   Thumb Code     0  libinit2.o(.ARM.Collect$$libinit$$00000004)
    __rt_lib_init_rand_2                     0x08000233   Thumb Code     0  libinit2.o(.ARM.Collect$$libinit$$0000000D)
    __rt_lib_init_user_alloc_1               0x08000233   Thumb Code     0  libinit2.o(.ARM.Collect$$libinit$$0000000C)
    __rt_lib_init_lc_common                  0x08000237   Thumb Code     0  libinit2.o(.ARM.Collect$$libinit$$0000000F)
    __rt_lib_init_rand_1                     0x08000237   Thumb Code     0  libinit2.o(.ARM.Collect$$libinit$$0000000E)
    __rt_lib_init_lc_collate_1               0x0800023d   Thumb Code     0  libinit2.o(.ARM.Collect$$libinit$$00000011)
    __rt_lib_init_lc_ctype_2                 0x0800023d   Thumb Code     0  libinit2.o(.ARM.Collect$$libinit$$00000012)
    __rt_lib_init_lc_ctype_1                 0x08000249   Thumb Code     0  libinit2.o(.ARM.Collect$$libinit$$00000013)
    __rt_lib_init_lc_monetary_1              0x08000249   Thumb Code     0  libinit2.o(.ARM.Collect$$libinit$$00000015)
    __rt_lib_init_lc_numeric_2               0x08000249   Thumb Code     0  libinit2.o(.ARM.Collect$$libinit$$00000016)
    __rt_lib_init_alloca_1                   0x08000253   Thumb Code     0  libinit2.o(.ARM.Collect$$libinit$$0000002E)
    __rt_lib_init_argv_1                     0x08000253   Thumb Code     0  libinit2.o(.ARM.Collect$$libinit$$0000002C)
    __rt_lib_init_atexit_1                   0x08000253   Thumb Code     0  libinit2.o(.ARM.Collect$$libinit$$0000001B)
    __rt_lib_init_clock_1                    0x08000253   Thumb Code     0  libinit2.o(.ARM.Collect$$libinit$$00000021)
    __rt_lib_init_cpp_1                      0x08000253   Thumb Code     0  libinit2.o(.ARM.Collect$$libinit$$00000032)
    __rt_lib_init_exceptions_1               0x08000253   Thumb Code     0  libinit2.o(.ARM.Collect$$libinit$$00000030)
    __rt_lib_init_fp_trap_1                  0x08000253   Thumb Code     0  libinit2.o(.ARM.Collect$$libinit$$0000001F)
    __rt_lib_init_getenv_1                   0x08000253   Thumb Code     0  libinit2.o(.ARM.Collect$$libinit$$00000023)
    __rt_lib_init_lc_numeric_1               0x08000253   Thumb Code     0  libinit2.o(.ARM.Collect$$libinit$$00000017)
    __rt_lib_init_lc_time_1                  0x08000253   Thumb Code     0  libinit2.o(.ARM.Collect$$libinit$$00000019)
    __rt_lib_init_return                     0x08000253   Thumb Code     0  libinit2.o(.ARM.Collect$$libinit$$00000033)
    __rt_lib_init_signal_1                   0x08000253   Thumb Code     0  libinit2.o(.ARM.Collect$$libinit$$0000001D)
    __rt_lib_init_stdio_1                    0x08000253   Thumb Code     0  libinit2.o(.ARM.Collect$$libinit$$00000025)
    __rt_lib_shutdown                        0x08000255   Thumb Code     0  libshutdown.o(.ARM.Collect$$libshutdown$$00000000)
    __rt_lib_shutdown_cpp_1                  0x08000257   Thumb Code     0  libshutdown2.o(.ARM.Collect$$libshutdown$$00000002)
    __rt_lib_shutdown_fp_trap_1              0x08000257   Thumb Code     0  libshutdown2.o(.ARM.Collect$$libshutdown$$00000007)
    __rt_lib_shutdown_heap_1                 0x08000257   Thumb Code     0  libshutdown2.o(.ARM.Collect$$libshutdown$$0000000F)
    __rt_lib_shutdown_return                 0x08000257   Thumb Code     0  libshutdown2.o(.ARM.Collect$$libshutdown$$00000010)
    __rt_lib_shutdown_signal_1               0x08000257   Thumb Code     0  libshutdown2.o(.ARM.Collect$$libshutdown$$0000000A)
    __rt_lib_shutdown_stdio_1                0x08000257   Thumb Code     0  libshutdown2.o(.ARM.Collect$$libshutdown$$00000004)
    __rt_lib_shutdown_user_alloc_1           0x08000257   Thumb Code     0  libshutdown2.o(.ARM.Collect$$libshutdown$$0000000C)
    __rt_entry                               0x08000259   Thumb Code     0  __rtentry.o(.ARM.Collect$$rtentry$$00000000)
    __rt_entry_presh_1                       0x08000259   Thumb Code     0  __rtentry2.o(.ARM.Collect$$rtentry$$00000002)
    __rt_entry_sh                            0x08000259   Thumb Code     0  __rtentry4.o(.ARM.Collect$$rtentry$$00000004)
    __rt_entry_li                            0x0800025f   Thumb Code     0  __rtentry2.o(.ARM.Collect$$rtentry$$0000000A)
    __rt_entry_postsh_1                      0x0800025f   Thumb Code     0  __rtentry2.o(.ARM.Collect$$rtentry$$00000009)
    __rt_entry_main                          0x08000263   Thumb Code     0  __rtentry2.o(.ARM.Collect$$rtentry$$0000000D)
    __rt_entry_postli_1                      0x08000263   Thumb Code     0  __rtentry2.o(.ARM.Collect$$rtentry$$0000000C)
    __rt_exit                                0x0800026b   Thumb Code     0  rtexit.o(.ARM.Collect$$rtexit$$00000000)
    __rt_exit_ls                             0x0800026d   Thumb Code     0  rtexit2.o(.ARM.Collect$$rtexit$$00000003)
    __rt_exit_prels_1                        0x0800026d   Thumb Code     0  rtexit2.o(.ARM.Collect$$rtexit$$00000002)
    __rt_exit_exit                           0x08000271   Thumb Code     0  rtexit2.o(.ARM.Collect$$rtexit$$00000004)
    rand                                     0x08000279   Thumb Code    48  rand.o(.emb_text)
    Reset_Handler                            0x080002ad   Thumb Code     8  startup_stm32f10x_md.o(.text)
    ADC1_2_IRQHandler                        0x080002c7   Thumb Code     0  startup_stm32f10x_md.o(.text)
    CAN1_RX1_IRQHandler                      0x080002c7   Thumb Code     0  startup_stm32f10x_md.o(.text)
    CAN1_SCE_IRQHandler                      0x080002c7   Thumb Code     0  startup_stm32f10x_md.o(.text)
    DMA1_Channel1_IRQHandler                 0x080002c7   Thumb Code     0  startup_stm32f10x_md.o(.text)
    DMA1_Channel2_IRQHandler                 0x080002c7   Thumb Code     0  startup_stm32f10x_md.o(.text)
    DMA1_Channel3_IRQHandler                 0x080002c7   Thumb Code     0  startup_stm32f10x_md.o(.text)
    DMA1_Channel4_IRQHandler                 0x080002c7   Thumb Code     0  startup_stm32f10x_md.o(.text)
    DMA1_Channel5_IRQHandler                 0x080002c7   Thumb Code     0  startup_stm32f10x_md.o(.text)
    DMA1_Channel6_IRQHandler                 0x080002c7   Thumb Code     0  startup_stm32f10x_md.o(.text)
    DMA1_Channel7_IRQHandler                 0x080002c7   Thumb Code     0  startup_stm32f10x_md.o(.text)
    EXTI2_IRQHandler                         0x080002c7   Thumb Code     0  startup_stm32f10x_md.o(.text)
    EXTI3_IRQHandler                         0x080002c7   Thumb Code     0  startup_stm32f10x_md.o(.text)
    FLASH_IRQHandler                         0x080002c7   Thumb Code     0  startup_stm32f10x_md.o(.text)
    I2C1_ER_IRQHandler                       0x080002c7   Thumb Code     0  startup_stm32f10x_md.o(.text)
    I2C1_EV_IRQHandler                       0x080002c7   Thumb Code     0  startup_stm32f10x_md.o(.text)
    I2C2_ER_IRQHandler                       0x080002c7   Thumb Code     0  startup_stm32f10x_md.o(.text)
    I2C2_EV_IRQHandler                       0x080002c7   Thumb Code     0  startup_stm32f10x_md.o(.text)
    PVD_IRQHandler                           0x080002c7   Thumb Code     0  startup_stm32f10x_md.o(.text)
    RCC_IRQHandler                           0x080002c7   Thumb Code     0  startup_stm32f10x_md.o(.text)
    RTCAlarm_IRQHandler                      0x080002c7   Thumb Code     0  startup_stm32f10x_md.o(.text)
    RTC_IRQHandler                           0x080002c7   Thumb Code     0  startup_stm32f10x_md.o(.text)
    SPI1_IRQHandler                          0x080002c7   Thumb Code     0  startup_stm32f10x_md.o(.text)
    SPI2_IRQHandler                          0x080002c7   Thumb Code     0  startup_stm32f10x_md.o(.text)
    TAMPER_IRQHandler                        0x080002c7   Thumb Code     0  startup_stm32f10x_md.o(.text)
    TIM1_BRK_IRQHandler                      0x080002c7   Thumb Code     0  startup_stm32f10x_md.o(.text)
    TIM1_CC_IRQHandler                       0x080002c7   Thumb Code     0  startup_stm32f10x_md.o(.text)
    TIM1_TRG_COM_IRQHandler                  0x080002c7   Thumb Code     0  startup_stm32f10x_md.o(.text)
    TIM1_UP_IRQHandler                       0x080002c7   Thumb Code     0  startup_stm32f10x_md.o(.text)
    TIM3_IRQHandler                          0x080002c7   Thumb Code     0  startup_stm32f10x_md.o(.text)
    USART3_IRQHandler                        0x080002c7   Thumb Code     0  startup_stm32f10x_md.o(.text)
    USBWakeUp_IRQHandler                     0x080002c7   Thumb Code     0  startup_stm32f10x_md.o(.text)
    USB_HP_CAN1_TX_IRQHandler                0x080002c7   Thumb Code     0  startup_stm32f10x_md.o(.text)
    USB_LP_CAN1_RX0_IRQHandler               0x080002c7   Thumb Code     0  startup_stm32f10x_md.o(.text)
    WWDG_IRQHandler                          0x080002c7   Thumb Code     0  startup_stm32f10x_md.o(.text)
    __user_initial_stackheap                 0x080002c9   Thumb Code     0  startup_stm32f10x_md.o(.text)
    __aeabi_uldivmod                         0x080002ed   Thumb Code     0  lludivv7m.o(.text)
    _ll_udiv                                 0x080002ed   Thumb Code   238  lludivv7m.o(.text)
    vsprintf                                 0x080003dd   Thumb Code    32  vsprintf.o(.text)
    __2sprintf                               0x08000401   Thumb Code    38  __2sprintf.o(.text)
    _printf_str                              0x0800042d   Thumb Code    82  _printf_str.o(.text)
    _printf_int_dec                          0x08000481   Thumb Code   104  _printf_dec.o(.text)
    _printf_longlong_dec                     0x080004f9   Thumb Code   108  _printf_longlong_dec.o(.text)
    __printf                                 0x08000575   Thumb Code   388  __printf_flags_ss_wp.o(.text)
    srand                                    0x080006fd   Thumb Code    42  rand.o(.text)
    _rand_init                               0x08000727   Thumb Code     4  rand.o(.text)
    strstr                                   0x08000739   Thumb Code    36  strstr.o(.text)
    strlen                                   0x0800075d   Thumb Code    62  strlen.o(.text)
    strcat                                   0x0800079b   Thumb Code    24  strcat.o(.text)
    __aeabi_memcpy4                          0x080007b3   Thumb Code     0  rt_memcpy_w.o(.text)
    __aeabi_memcpy8                          0x080007b3   Thumb Code     0  rt_memcpy_w.o(.text)
    __rt_memcpy_w                            0x080007b3   Thumb Code   100  rt_memcpy_w.o(.text)
    _memcpy_lastbytes_aligned                0x080007fb   Thumb Code     0  rt_memcpy_w.o(.text)
    strcmp                                   0x08000819   Thumb Code   128  strcmpv7m.o(.text)
    __use_two_region_memory                  0x08000899   Thumb Code     2  heapauxi.o(.text)
    __rt_heap_escrow                         0x0800089b   Thumb Code     2  heapauxi.o(.text)
    __rt_heap_expand                         0x0800089d   Thumb Code     2  heapauxi.o(.text)
    _ll_udiv10                               0x0800089f   Thumb Code   138  lludiv10.o(.text)
    _printf_pre_padding                      0x08000929   Thumb Code    44  _printf_pad.o(.text)
    _printf_post_padding                     0x08000955   Thumb Code    34  _printf_pad.o(.text)
    _printf_truncate_signed                  0x08000977   Thumb Code    18  _printf_truncate.o(.text)
    _printf_truncate_unsigned                0x08000989   Thumb Code    18  _printf_truncate.o(.text)
    _printf_int_common                       0x0800099b   Thumb Code   178  _printf_intcommon.o(.text)
    _printf_charcount                        0x08000a4d   Thumb Code    40  _printf_charcount.o(.text)
    _printf_char_common                      0x08000a7f   Thumb Code    32  _printf_char_common.o(.text)
    _sputc                                   0x08000aa5   Thumb Code    10  _sputc.o(.text)
    _printf_cs_common                        0x08000aaf   Thumb Code    20  _printf_char.o(.text)
    _printf_char                             0x08000ac3   Thumb Code    16  _printf_char.o(.text)
    _printf_string                           0x08000ad3   Thumb Code     8  _printf_char.o(.text)
    _printf_wctomb                           0x08000add   Thumb Code   182  _printf_wctomb.o(.text)
    _printf_longlong_oct                     0x08000b99   Thumb Code    66  _printf_oct_int_ll.o(.text)
    _printf_int_oct                          0x08000bdb   Thumb Code    24  _printf_oct_int_ll.o(.text)
    _printf_ll_oct                           0x08000bf3   Thumb Code    12  _printf_oct_int_ll.o(.text)
    _printf_longlong_hex                     0x08000c09   Thumb Code    86  _printf_hex_int_ll_ptr.o(.text)
    _printf_int_hex                          0x08000c5f   Thumb Code    28  _printf_hex_int_ll_ptr.o(.text)
    _printf_ll_hex                           0x08000c7b   Thumb Code    12  _printf_hex_int_ll_ptr.o(.text)
    _printf_hex_ptr                          0x08000c87   Thumb Code    18  _printf_hex_int_ll_ptr.o(.text)
    __user_libspace                          0x08000c9d   Thumb Code     8  libspace.o(.text)
    __user_perproc_libspace                  0x08000c9d   Thumb Code     0  libspace.o(.text)
    __user_perthread_libspace                0x08000c9d   Thumb Code     0  libspace.o(.text)
    __rt_ctype_table                         0x08000ca5   Thumb Code    16  rt_ctype_table.o(.text)
    __lib_sel_fp_printf                      0x08000cb5   Thumb Code     2  _printf_fp_dec.o(.text)
    _printf_fp_dec_real                      0x08000e63   Thumb Code   620  _printf_fp_dec.o(.text)
    _printf_fp_hex_real                      0x080010d1   Thumb Code   756  _printf_fp_hex.o(.text)
    _printf_lcs_common                       0x080013cd   Thumb Code    20  _printf_wchar.o(.text)
    _printf_wchar                            0x080013e1   Thumb Code    16  _printf_wchar.o(.text)
    _printf_wstring                          0x080013f1   Thumb Code     8  _printf_wchar.o(.text)
    _wcrtomb                                 0x080013f9   Thumb Code    64  _wcrtomb.o(.text)
    __user_setup_stackheap                   0x08001439   Thumb Code    74  sys_stackheap_outer.o(.text)
    __rt_locale                              0x08001485   Thumb Code     8  rt_locale_intlibspace.o(.text)
    _printf_fp_infnan                        0x0800148d   Thumb Code   112  _printf_fp_infnan.o(.text)
    _btod_etento                             0x0800150d   Thumb Code   216  bigflt0.o(.text)
    exit                                     0x080015e9   Thumb Code    18  exit.o(.text)
    __I$use$semihosting                      0x080015fb   Thumb Code     0  use_no_semi.o(.text)
    __use_no_semihosting_swi                 0x080015fb   Thumb Code     2  use_no_semi.o(.text)
    __semihosting_library_function           0x080015fd   Thumb Code     0  indicate_semi.o(.text)
    _sys_exit                                0x080015fd   Thumb Code     8  sys_exit.o(.text)
    _btod_d2e                                0x08001609   Thumb Code    62  btod.o(CL$$btod_d2e)
    _d2e_denorm_low                          0x08001647   Thumb Code    70  btod.o(CL$$btod_d2e_denorm_low)
    _d2e_norm_op1                            0x0800168d   Thumb Code    96  btod.o(CL$$btod_d2e_norm_op1)
    __btod_div_common                        0x080016ed   Thumb Code   696  btod.o(CL$$btod_div_common)
    _e2e                                     0x08001a25   Thumb Code   198  btod.o(CL$$btod_e2e)
    _btod_ediv                               0x08001aeb   Thumb Code    40  btod.o(CL$$btod_ediv)
    _btod_emul                               0x08001b13   Thumb Code    40  btod.o(CL$$btod_emul)
    __btod_mult_common                       0x08001b3b   Thumb Code   580  btod.o(CL$$btod_mult_common)
    AIR780_check_cmd                         0x08001d81   Thumb Code    44  air780.o(i.AIR780_check_cmd)
    AIR780_send_cmd                          0x08001db5   Thumb Code   120  air780.o(i.AIR780_send_cmd)
    ASCII_TO_Unicode                         0x08001e45   Thumb Code   110  ascii_to_unicode.o(i.ASCII_TO_Unicode)
    BusFault_Handler                         0x08001eb3   Thumb Code     4  stm32f10x_it.o(i.BusFault_Handler)
    DMA_Cmd                                  0x08001eb7   Thumb Code    24  stm32f10x_dma.o(i.DMA_Cmd)
    DMA_DeInit                               0x08001ed1   Thumb Code   324  stm32f10x_dma.o(i.DMA_DeInit)
    DMA_Init                                 0x0800201d   Thumb Code    60  stm32f10x_dma.o(i.DMA_Init)
    DMA_SetCurrDataCounter                   0x08002059   Thumb Code     4  stm32f10x_dma.o(i.DMA_SetCurrDataCounter)
    DS1302_Dis                               0x0800205d   Thumb Code   466  ds1302.o(i.DS1302_Dis)
    DS1302_Dis1                              0x08002269   Thumb Code   324  ds1302.o(i.DS1302_Dis1)
    DS1302_IN_GPIO_INIT                      0x080023c1   Thumb Code    38  ds1302.o(i.DS1302_IN_GPIO_INIT)
    DS1302_OUT_GPIO_INIT                     0x080023ed   Thumb Code    54  ds1302.o(i.DS1302_OUT_GPIO_INIT)
    DebugMon_Handler                         0x0800242d   Thumb Code     2  stm32f10x_it.o(i.DebugMon_Handler)
    Delay1us                                 0x0800242f   Thumb Code    10  ds1302.o(i.Delay1us)
    Ds1302Read                               0x08002439   Thumb Code   224  ds1302.o(i.Ds1302Read)
    Ds1302ReadTime                           0x0800251d   Thumb Code    28  ds1302.o(i.Ds1302ReadTime)
    EXTI0_IRQHandler                         0x08002541   Thumb Code    16  exti.o(i.EXTI0_IRQHandler)
    EXTI15_10_IRQHandler                     0x08002551   Thumb Code    38  exti.o(i.EXTI15_10_IRQHandler)
    EXTI1_IRQHandler                         0x0800257d   Thumb Code    24  exti.o(i.EXTI1_IRQHandler)
    EXTI4_IRQHandler                         0x08002599   Thumb Code    24  exti.o(i.EXTI4_IRQHandler)
    EXTI9_5_IRQHandler                       0x080025b5   Thumb Code    40  exti.o(i.EXTI9_5_IRQHandler)
    EXTI_ClearITPendingBit                   0x080025e1   Thumb Code     6  stm32f10x_exti.o(i.EXTI_ClearITPendingBit)
    EXTI_GetITStatus                         0x080025ed   Thumb Code    34  stm32f10x_exti.o(i.EXTI_GetITStatus)
    GPIO_Init                                0x08002615   Thumb Code   278  stm32f10x_gpio.o(i.GPIO_Init)
    GPIO_PinRemapConfig                      0x0800272d   Thumb Code   138  stm32f10x_gpio.o(i.GPIO_PinRemapConfig)
    GPIO_ReadInputDataBit                    0x080027bd   Thumb Code    18  stm32f10x_gpio.o(i.GPIO_ReadInputDataBit)
    GPIO_ResetBits                           0x080027cf   Thumb Code     4  stm32f10x_gpio.o(i.GPIO_ResetBits)
    GPIO_SetBits                             0x080027d3   Thumb Code     4  stm32f10x_gpio.o(i.GPIO_SetBits)
    GPIO_WriteBit                            0x080027d7   Thumb Code    10  stm32f10x_gpio.o(i.GPIO_WriteBit)
    HardFault_Handler                        0x080027e1   Thumb Code     4  stm32f10x_it.o(i.HardFault_Handler)
    KEY_4x4_Init                             0x080027e5   Thumb Code    90  keypad4x4.o(i.KEY_4x4_Init)
    KEY_Scan                                 0x08002849   Thumb Code  1202  keypad4x4.o(i.KEY_Scan)
    LED1_OFF                                 0x08002d09   Thumb Code    12  led.o(i.LED1_OFF)
    LED1_ON                                  0x08002d19   Thumb Code    12  led.o(i.LED1_ON)
    LED2_OFF                                 0x08002d29   Thumb Code    12  led.o(i.LED2_OFF)
    LED2_ON                                  0x08002d39   Thumb Code    12  led.o(i.LED2_ON)
    LED3_OFF                                 0x08002d49   Thumb Code    14  led.o(i.LED3_OFF)
    LED3_ON                                  0x08002d5d   Thumb Code    14  led.o(i.LED3_ON)
    LED4_OFF                                 0x08002d71   Thumb Code    14  led.o(i.LED4_OFF)
    LED4_ON                                  0x08002d85   Thumb Code    14  led.o(i.LED4_ON)
    LED_Init                                 0x08002d99   Thumb Code    84  led.o(i.LED_Init)
    MemManage_Handler                        0x08002df5   Thumb Code     4  stm32f10x_it.o(i.MemManage_Handler)
    MyUSART_Init                             0x08002df9   Thumb Code   182  usart.o(i.MyUSART_Init)
    NMI_Handler                              0x08002eb9   Thumb Code     2  stm32f10x_it.o(i.NMI_Handler)
    NVIC_Configuration                       0x08002ebb   Thumb Code    12  sys.o(i.NVIC_Configuration)
    NVIC_Init                                0x08002ec9   Thumb Code   100  misc.o(i.NVIC_Init)
    NVIC_PriorityGroupConfig                 0x08002f39   Thumb Code    10  misc.o(i.NVIC_PriorityGroupConfig)
    OLED_Clear                               0x08002f4d   Thumb Code    36  oled.o(i.OLED_Clear)
    OLED_ClearArea                           0x08002f75   Thumb Code   162  oled.o(i.OLED_ClearArea)
    OLED_DrawPoint                           0x0800301d   Thumb Code    74  oled.o(i.OLED_DrawPoint)
    OLED_DrawRectangle                       0x0800306d   Thumb Code   142  oled.o(i.OLED_DrawRectangle)
    OLED_GPIO_Init                           0x080030fd   Thumb Code    74  oled.o(i.OLED_GPIO_Init)
    OLED_I2C_SendByte                        0x0800314d   Thumb Code    62  oled.o(i.OLED_I2C_SendByte)
    OLED_I2C_Start                           0x0800318b   Thumb Code    28  oled.o(i.OLED_I2C_Start)
    OLED_I2C_Stop                            0x080031a7   Thumb Code    22  oled.o(i.OLED_I2C_Stop)
    OLED_Init                                0x080031bd   Thumb Code   146  oled.o(i.OLED_Init)
    OLED_Pow                                 0x0800324f   Thumb Code    20  oled.o(i.OLED_Pow)
    OLED_SetCursor                           0x08003263   Thumb Code    34  oled.o(i.OLED_SetCursor)
    OLED_ShowChar                            0x08003285   Thumb Code    74  oled.o(i.OLED_ShowChar)
    OLED_ShowChinese                         0x080032d9   Thumb Code   148  oled.o(i.OLED_ShowChinese)
    OLED_ShowImage                           0x08003375   Thumb Code   296  oled.o(i.OLED_ShowImage)
    OLED_ShowNum                             0x080034a1   Thumb Code    76  oled.o(i.OLED_ShowNum)
    OLED_ShowString                          0x080034ed   Thumb Code    46  oled.o(i.OLED_ShowString)
    OLED_Update                              0x0800351d   Thumb Code    36  oled.o(i.OLED_Update)
    OLED_W_SCL                               0x08003545   Thumb Code    16  oled.o(i.OLED_W_SCL)
    OLED_W_SDA                               0x08003559   Thumb Code    16  oled.o(i.OLED_W_SDA)
    OLED_WriteCommand                        0x0800356d   Thumb Code    32  oled.o(i.OLED_WriteCommand)
    OLED_WriteData                           0x0800358d   Thumb Code    46  oled.o(i.OLED_WriteData)
    PUD_AIR780_Init                          0x080035bd   Thumb Code   324  air780.o(i.PUD_AIR780_Init)
    PUD_AIR780_SendChMessage                 0x08003769   Thumb Code   234  air780.o(i.PUD_AIR780_SendChMessage)
    PUD_AIR_Dect                             0x080038b1   Thumb Code   104  air780.o(i.PUD_AIR_Dect)
    PWM_Init                                 0x080039a1   Thumb Code   186  pwm.o(i.PWM_Init)
    PWM_SetCompare1                          0x08003a69   Thumb Code    14  pwm.o(i.PWM_SetCompare1)
    PWM_SetCompare2                          0x08003a7d   Thumb Code    14  pwm.o(i.PWM_SetCompare2)
    PWM_SetCompare3                          0x08003a91   Thumb Code    14  pwm.o(i.PWM_SetCompare3)
    PWM_SetCompare4                          0x08003aa5   Thumb Code    14  pwm.o(i.PWM_SetCompare4)
    PendSV_Handler                           0x08003ab9   Thumb Code     2  stm32f10x_it.o(i.PendSV_Handler)
    PhoneNum                                 0x08003abd   Thumb Code    48  phonenum.o(i.PhoneNum)
    RCC_AHBPeriphClockCmd                    0x08003af5   Thumb Code    26  stm32f10x_rcc.o(i.RCC_AHBPeriphClockCmd)
    RCC_APB1PeriphClockCmd                   0x08003b15   Thumb Code    26  stm32f10x_rcc.o(i.RCC_APB1PeriphClockCmd)
    RCC_APB1PeriphResetCmd                   0x08003b35   Thumb Code    26  stm32f10x_rcc.o(i.RCC_APB1PeriphResetCmd)
    RCC_APB2PeriphClockCmd                   0x08003b55   Thumb Code    26  stm32f10x_rcc.o(i.RCC_APB2PeriphClockCmd)
    RCC_APB2PeriphResetCmd                   0x08003b75   Thumb Code    26  stm32f10x_rcc.o(i.RCC_APB2PeriphResetCmd)
    RCC_GetClocksFreq                        0x08003b95   Thumb Code   192  stm32f10x_rcc.o(i.RCC_GetClocksFreq)
    SVC_Handler                              0x08003c69   Thumb Code     2  stm32f10x_it.o(i.SVC_Handler)
    Servo_Init                               0x08003c6b   Thumb Code    32  servo.o(i.Servo_Init)
    Servo_SetAngle1                          0x08003c8d   Thumb Code    48  servo.o(i.Servo_SetAngle1)
    Servo_SetAngle2                          0x08003cc9   Thumb Code    48  servo.o(i.Servo_SetAngle2)
    Servo_SetAngle3                          0x08003d05   Thumb Code    48  servo.o(i.Servo_SetAngle3)
    Servo_SetAngle4                          0x08003d41   Thumb Code    48  servo.o(i.Servo_SetAngle4)
    SuiJiShu                                 0x08003e65   Thumb Code    42  suijishu.o(i.SuiJiShu)
    SuiJiShuBY                               0x08003e99   Thumb Code    40  suijishu.o(i.SuiJiShuBY)
    SysTick_Handler                          0x08003ecd   Thumb Code     2  stm32f10x_it.o(i.SysTick_Handler)
    SystemInit                               0x08003ed1   Thumb Code    78  system_stm32f10x.o(i.SystemInit)
    TIM2_IRQHandler                          0x08003f31   Thumb Code   442  suijishu.o(i.TIM2_IRQHandler)
    TIM4_IRQHandler                          0x08004115   Thumb Code    94  usart2.o(i.TIM4_IRQHandler)
    TIM4_Init                                0x08004191   Thumb Code    82  usart2.o(i.TIM4_Init)
    TIM4_Set                                 0x080041e9   Thumb Code    34  usart2.o(i.TIM4_Set)
    TIM_ClearFlag                            0x08004211   Thumb Code     6  stm32f10x_tim.o(i.TIM_ClearFlag)
    TIM_ClearITPendingBit                    0x08004217   Thumb Code     6  stm32f10x_tim.o(i.TIM_ClearITPendingBit)
    TIM_Cmd                                  0x0800421d   Thumb Code    24  stm32f10x_tim.o(i.TIM_Cmd)
    TIM_GetITStatus                          0x08004235   Thumb Code    34  stm32f10x_tim.o(i.TIM_GetITStatus)
    TIM_ITConfig                             0x08004257   Thumb Code    18  stm32f10x_tim.o(i.TIM_ITConfig)
    TIM_InternalClockConfig                  0x08004269   Thumb Code    12  stm32f10x_tim.o(i.TIM_InternalClockConfig)
    TIM_OC1Init                              0x08004275   Thumb Code   132  stm32f10x_tim.o(i.TIM_OC1Init)
    TIM_OC2Init                              0x0800430d   Thumb Code   154  stm32f10x_tim.o(i.TIM_OC2Init)
    TIM_OC3Init                              0x080043b1   Thumb Code   150  stm32f10x_tim.o(i.TIM_OC3Init)
    TIM_OC4Init                              0x08004451   Thumb Code   114  stm32f10x_tim.o(i.TIM_OC4Init)
    TIM_OCStructInit                         0x080044cd   Thumb Code    20  stm32f10x_tim.o(i.TIM_OCStructInit)
    TIM_SetCompare1                          0x080044e1   Thumb Code     4  stm32f10x_tim.o(i.TIM_SetCompare1)
    TIM_SetCompare2                          0x080044e5   Thumb Code     4  stm32f10x_tim.o(i.TIM_SetCompare2)
    TIM_SetCompare3                          0x080044e9   Thumb Code     4  stm32f10x_tim.o(i.TIM_SetCompare3)
    TIM_SetCompare4                          0x080044ed   Thumb Code     6  stm32f10x_tim.o(i.TIM_SetCompare4)
    TIM_SetCounter                           0x080044f3   Thumb Code     4  stm32f10x_tim.o(i.TIM_SetCounter)
    TIM_TimeBaseInit                         0x080044f9   Thumb Code   122  stm32f10x_tim.o(i.TIM_TimeBaseInit)
    Timer_Init                               0x0800459d   Thumb Code   126  timer.o(i.Timer_Init)
    UART2SendByte                            0x0800461d   Thumb Code    28  usart2.o(i.UART2SendByte)
    UART2SendString                          0x0800463d   Thumb Code    30  usart2.o(i.UART2SendString)
    UART3SendByte                            0x0800465d   Thumb Code    28  usart2.o(i.UART3SendByte)
    UART3SendString                          0x0800467d   Thumb Code    30  usart2.o(i.UART3SendString)
    UART_DMA_Config                          0x0800469b   Thumb Code    72  usart2.o(i.UART_DMA_Config)
    UART_DMA_Enable                          0x080046e3   Thumb Code    32  usart2.o(i.UART_DMA_Enable)
    USART1_IRQHandler                        0x08004705   Thumb Code    32  usart.o(i.USART1_IRQHandler)
    USART2_IRQHandler                        0x08004729   Thumb Code    84  usart2.o(i.USART2_IRQHandler)
    USART2_Init                              0x0800478d   Thumb Code   206  usart2.o(i.USART2_Init)
    USART3_Init                              0x08004871   Thumb Code   124  usart2.o(i.USART3_Init)
    USART_Cmd                                0x080048f5   Thumb Code    24  stm32f10x_usart.o(i.USART_Cmd)
    USART_DMACmd                             0x0800490d   Thumb Code    18  stm32f10x_usart.o(i.USART_DMACmd)
    USART_DeInit                             0x08004921   Thumb Code   134  stm32f10x_usart.o(i.USART_DeInit)
    USART_GetFlagStatus                      0x080049bd   Thumb Code    26  stm32f10x_usart.o(i.USART_GetFlagStatus)
    USART_GetITStatus                        0x080049d7   Thumb Code    84  stm32f10x_usart.o(i.USART_GetITStatus)
    USART_ITConfig                           0x08004a2b   Thumb Code    74  stm32f10x_usart.o(i.USART_ITConfig)
    USART_Init                               0x08004a75   Thumb Code   210  stm32f10x_usart.o(i.USART_Init)
    USART_ReceiveData                        0x08004b4d   Thumb Code    10  stm32f10x_usart.o(i.USART_ReceiveData)
    USART_SendData                           0x08004b57   Thumb Code     8  stm32f10x_usart.o(i.USART_SendData)
    UsageFault_Handler                       0x08004b5f   Thumb Code     4  stm32f10x_it.o(i.UsageFault_Handler)
    Usart_SendByte                           0x08004b63   Thumb Code    30  usart.o(i.Usart_SendByte)
    Usart_SendString                         0x08004b81   Thumb Code    42  usart.o(i.Usart_SendString)
    __ARM_fpclassify                         0x08004bab   Thumb Code    40  fpclassify.o(i.__ARM_fpclassify)
    _is_digit                                0x08004bd3   Thumb Code    14  __printf_wp.o(i._is_digit)
    delay_ms                                 0x08004be1   Thumb Code    24  delay.o(i.delay_ms)
    delay_us                                 0x08004bf9   Thumb Code    46  delay.o(i.delay_us)
    main                                     0x08004c29   Thumb Code   378  main.o(i.main)
    my_testA0                                0x08004e21   Thumb Code    58  menu.o(i.my_testA0)
    my_testB1                                0x08004e91   Thumb Code   292  menu.o(i.my_testB1)
    my_testB2                                0x08005001   Thumb Code   116  menu.o(i.my_testB2)
    my_testC3                                0x080050b1   Thumb Code 12900  menu.o(i.my_testC3)
    my_testC4                                0x08008351   Thumb Code   386  menu.o(i.my_testC4)
    my_testD5                                0x0800854d   Thumb Code   202  menu.o(i.my_testD5)
    my_testD6                                0x0800869d   Thumb Code   202  menu.o(i.my_testD6)
    my_testE7                                0x080087ed   Thumb Code  1916  menu.o(i.my_testE7)
    my_testE8                                0x080090a1   Thumb Code  1892  menu.o(i.my_testE8)
    swapCharactersInString                   0x0800992d   Thumb Code    38  phonenum.o(i.swapCharactersInString)
    u2_printf                                0x08009955   Thumb Code    56  usart2.o(i.u2_printf)
    _get_lc_ctype                            0x08009995   Thumb Code    44  lc_ctype_c.o(locale$$code)
    _get_lc_numeric                          0x080099c1   Thumb Code    44  lc_numeric_c.o(locale$$code)
    __aeabi_fadd                             0x080099ed   Thumb Code     0  faddsub_clz.o(x$fpl$fadd)
    _fadd                                    0x080099ed   Thumb Code   196  faddsub_clz.o(x$fpl$fadd)
    __aeabi_fdiv                             0x08009ab1   Thumb Code     0  fdiv.o(x$fpl$fdiv)
    _fdiv                                    0x08009ab1   Thumb Code   384  fdiv.o(x$fpl$fdiv)
    __aeabi_f2uiz                            0x08009c35   Thumb Code     0  ffixu.o(x$fpl$ffixu)
    _ffixu                                   0x08009c35   Thumb Code    62  ffixu.o(x$fpl$ffixu)
    __aeabi_i2f                              0x08009c75   Thumb Code     0  fflt_clz.o(x$fpl$fflt)
    _fflt                                    0x08009c75   Thumb Code    48  fflt_clz.o(x$fpl$fflt)
    __aeabi_fmul                             0x08009ca5   Thumb Code     0  fmul.o(x$fpl$fmul)
    _fmul                                    0x08009ca5   Thumb Code   258  fmul.o(x$fpl$fmul)
    __fpl_fnaninf                            0x08009da7   Thumb Code   140  fnaninf.o(x$fpl$fnaninf)
    __fpl_fretinf                            0x08009e33   Thumb Code    10  fretinf.o(x$fpl$fretinf)
    __aeabi_fsub                             0x08009e3d   Thumb Code     0  faddsub_clz.o(x$fpl$fsub)
    _fsub                                    0x08009e3d   Thumb Code   234  faddsub_clz.o(x$fpl$fsub)
    _printf_fp_dec                           0x08009f27   Thumb Code     4  printf1.o(x$fpl$printf1)
    _printf_fp_hex                           0x08009f2b   Thumb Code     4  printf2.o(x$fpl$printf2)
    OLED_F8x16                               0x08009f2e   Data        1520  oled_data.o(.constdata)
    __I$use$fp                               0x08009f2e   Number         0  usenofp.o(x$fpl$usenofp)
    OLED_F6x8                                0x0800a51e   Data         570  oled_data.o(.constdata)
    OLED_CF16x16                             0x0800a758   Data        3745  oled_data.o(.constdata)
    Smile                                    0x0800b5f9   Data          32  oled_data.o(.constdata)
    Diode                                    0x0800b619   Data          32  oled_data.o(.constdata)
    JianTou                                  0x0800b639   Data          32  oled_data.o(.constdata)
    KuaiDi                                   0x0800b659   Data         630  oled_data.o(.constdata)
    DUIHAO                                   0x0800b8cf   Data          32  oled_data.o(.constdata)
    Citrus_1                                 0x0800b8ef   Data         480  oled_data.o(.constdata)
    Citrus_2                                 0x0800bacf   Data         480  oled_data.o(.constdata)
    Citrus_3                                 0x0800bcaf   Data         480  oled_data.o(.constdata)
    Qing                                     0x0800be8f   Data         480  oled_data.o(.constdata)
    Star                                     0x0800c06f   Data         480  oled_data.o(.constdata)
    Change_lock                              0x0800c24f   Data         480  oled_data.o(.constdata)
    Region$$Table$$Base                      0x0800c6d4   Number         0  anon$$obj.o(Region$$Table)
    Region$$Table$$Limit                     0x0800c6f4   Number         0  anon$$obj.o(Region$$Table)
    __ctype                                  0x0800c701   Data           0  lc_ctype_c.o(locale$$data)
    USART2_RX_REC_ATCOMMAD                   0x20000014   Data           1  usart2.o(.data)
    USART2_RX_STA                            0x20000016   Data           2  usart2.o(.data)
    Flag_Rec_Call                            0x20000018   Data           1  usart2.o(.data)
    FLAG                                     0x20000019   Data           1  keypad4x4.o(.data)
    TIMELED1_S_NUM_JS                        0x20000020   Data           1  suijishu.o(.data)
    TIMELED1_M_NUM_JS                        0x20000021   Data           1  suijishu.o(.data)
    TIMELED1_H_NUM_JS                        0x20000022   Data           1  suijishu.o(.data)
    TIMELED1_SMH                             0x20000024   Data           4  suijishu.o(.data)
    NUMLED1_JS                               0x20000028   Data           8  suijishu.o(.data)
    NUMLED2_JS                               0x20000030   Data           8  suijishu.o(.data)
    NUMLED3_JS                               0x20000038   Data           8  suijishu.o(.data)
    NUMLED4_JS                               0x20000040   Data           8  suijishu.o(.data)
    Num                                      0x20000048   Data           8  suijishu.o(.data)
    READ_RTC_ADDR                            0x20000050   Data           7  ds1302.o(.data)
    WRITE_RTC_ADDR                           0x20000057   Data           7  ds1302.o(.data)
    TIMELED1_S_NUM                           0x2000005e   Data           1  ds1302.o(.data)
    TIMELED1_M_NUM                           0x2000005f   Data           1  ds1302.o(.data)
    TIMELED1_H_NUM                           0x20000060   Data           1  ds1302.o(.data)
    TIME                                     0x20000061   Data           7  ds1302.o(.data)
    phone_number2                            0x20000068   Data         100  main.o(.data)
    SJS                                      0x200000cc   Data           4  main.o(.data)
    SJSBY                                    0x200000d0   Data           4  main.o(.data)
    GUI1_LED                                 0x200000d4   Data           4  main.o(.data)
    GUI2_LED                                 0x200000d8   Data           4  main.o(.data)
    GUI3_LED                                 0x200000dc   Data           4  main.o(.data)
    GUI4_LED                                 0x200000e0   Data           4  main.o(.data)
    MSG                                      0x200000e4   Data         100  main.o(.data)
    MSG1                                     0x20000148   Data         100  main.o(.data)
    MSG2                                     0x200001ac   Data         100  main.o(.data)
    MSG3                                     0x20000210   Data         100  main.o(.data)
    MSG4                                     0x20000274   Data         100  main.o(.data)
    year                                     0x200002d8   Data           1  main.o(.data)
    week                                     0x200002d9   Data           2  main.o(.data)
    KEY0_Num                                 0x200002db   Data           1  main.o(.data)
    RES                                      0x200002dc   Data           4  main.o(.data)
    RETURN                                   0x200002e0   Data           4  main.o(.data)
    QuJianMa1                                0x200002e8   Data           8  main.o(.data)
    QuJianMa2                                0x200002f0   Data           8  main.o(.data)
    QuJianMa3                                0x200002f8   Data           8  main.o(.data)
    QuJianMa4                                0x20000300   Data           8  main.o(.data)
    KeyNum                                   0x20000308   Data           4  main.o(.data)
    func_index                               0x2000030c   Data           1  main.o(.data)
    last_index                               0x2000030d   Data           1  main.o(.data)
    table                                    0x20000310   Data          72  main.o(.data)
    current_operation_index                  0x20000358   Data           4  main.o(.data)
    MSGBZ                                    0x20000360   Data           4  menu.o(.data)
    res                                      0x20000364   Data           1  menu.o(.data)
    GUI1                                     0x20000368   Data           4  menu.o(.data)
    GUI2                                     0x2000036c   Data           4  menu.o(.data)
    GUI3                                     0x20000370   Data           4  menu.o(.data)
    GUI4                                     0x20000374   Data           4  menu.o(.data)
    KEY                                      0x20000378   Data           4  menu.o(.data)
    K                                        0x2000037c   Data           4  menu.o(.data)
    QuJianMa1PhoneNum                        0x20000380   Data           8  menu.o(.data)
    QuJianMa2PhoneNum                        0x20000388   Data           8  menu.o(.data)
    QuJianMa3PhoneNum                        0x20000390   Data           8  menu.o(.data)
    QuJianMa4PhoneNum                        0x20000398   Data           8  menu.o(.data)
    OLED_DisplayBuf                          0x200003a0   Data        1024  oled.o(.bss)
    USART2_TX_BUF                            0x200007a0   Data        1024  usart2.o(.bss)
    USART2_RX_BUF                            0x20000ba0   Data        1024  usart2.o(.bss)
    PhoneUnicode                             0x20000fa0   Data         100  main.o(.bss)
    QuJianMa1_1                              0x20001004   Data         100  main.o(.bss)
    QuJianMa1Unicode                         0x20001068   Data         100  main.o(.bss)
    phone_number1                            0x200010cc   Data         100  main.o(.bss)
    phone_Num                                0x20001130   Data         100  main.o(.bss)
    phone_NumOK                              0x20001194   Data         100  main.o(.bss)
    QJM                                      0x200011f8   Data          10  main.o(.bss)
    QJMUnicode                               0x20001202   Data          10  main.o(.bss)
    XH                                       0x2000120c   Data          10  main.o(.bss)
    XHUnicode                                0x20001216   Data          10  main.o(.bss)
    D_Buf                                    0x20001220   Data          11  main.o(.bss)
    Time_Buf                                 0x2000122b   Data          10  main.o(.bss)
    qhmUnicode                               0x20001235   Data         100  main.o(.bss)
    qhm                                      0x20001299   Data         100  main.o(.bss)
    bufe                                     0x20001300   Data          20  menu.o(.bss)
    TIMELED1_S                               0x20001314   Data         100  menu.o(.bss)
    TIMELED1_M                               0x20001378   Data         100  menu.o(.bss)
    TIMELED1_H                               0x200013dc   Data         100  menu.o(.bss)
    TX                                       0x20001440   Data         100  menu.o(.bss)
    _random_number_data                      0x200014a4   Data         228  rand.o(.bss)
    __libspace_start                         0x20001588   Data          96  libspace.o(.bss)
    __temporary_stack_top$libspace           0x200015e8   Data           0  libspace.o(.bss)



==============================================================================

Memory Map of the image

  Image Entry point : 0x080000ed

  Load Region LR_IROM1 (Base: 0x08000000, Size: 0x0000cbc0, Max: 0x00010000, ABSOLUTE, COMPRESSED[0x0000c8d4])

    Execution Region ER_IROM1 (Base: 0x08000000, Size: 0x0000c820, Max: 0x00010000, ABSOLUTE)

    Base Addr    Size         Type   Attr      Idx    E Section Name        Object

    0x08000000   0x000000ec   Data   RO            3    RESET               startup_stm32f10x_md.o
    0x080000ec   0x00000008   Code   RO         4613  * !!!main             c_w.l(__main.o)
    0x080000f4   0x00000034   Code   RO         5184    !!!scatter          c_w.l(__scatter.o)
    0x08000128   0x0000005a   Code   RO         5182    !!dczerorl2         c_w.l(__dczerorl2.o)
    0x08000182   0x00000002   PAD
    0x08000184   0x0000001c   Code   RO         5186    !!handler_zi        c_w.l(__scatter_zi.o)
    0x080001a0   0x00000000   Code   RO         4588    .ARM.Collect$$_printf_percent$$00000000  c_w.l(_printf_percent.o)
    0x080001a0   0x00000006   Code   RO         4740    .ARM.Collect$$_printf_percent$$00000001  c_w.l(_printf_n.o)
    0x080001a6   0x00000006   Code   RO         4742    .ARM.Collect$$_printf_percent$$00000002  c_w.l(_printf_p.o)
    0x080001ac   0x00000006   Code   RO         4746    .ARM.Collect$$_printf_percent$$00000003  c_w.l(_printf_f.o)
    0x080001b2   0x00000006   Code   RO         4747    .ARM.Collect$$_printf_percent$$00000004  c_w.l(_printf_e.o)
    0x080001b8   0x00000006   Code   RO         4748    .ARM.Collect$$_printf_percent$$00000005  c_w.l(_printf_g.o)
    0x080001be   0x00000006   Code   RO         4749    .ARM.Collect$$_printf_percent$$00000006  c_w.l(_printf_a.o)
    0x080001c4   0x0000000a   Code   RO         4753    .ARM.Collect$$_printf_percent$$00000007  c_w.l(_printf_ll.o)
    0x080001ce   0x00000006   Code   RO         4744    .ARM.Collect$$_printf_percent$$00000008  c_w.l(_printf_i.o)
    0x080001d4   0x00000006   Code   RO         4587    .ARM.Collect$$_printf_percent$$00000009  c_w.l(_printf_d.o)
    0x080001da   0x00000006   Code   RO         4745    .ARM.Collect$$_printf_percent$$0000000A  c_w.l(_printf_u.o)
    0x080001e0   0x00000006   Code   RO         4743    .ARM.Collect$$_printf_percent$$0000000B  c_w.l(_printf_o.o)
    0x080001e6   0x00000006   Code   RO         4741    .ARM.Collect$$_printf_percent$$0000000C  c_w.l(_printf_x.o)
    0x080001ec   0x00000006   Code   RO         4751    .ARM.Collect$$_printf_percent$$0000000D  c_w.l(_printf_lli.o)
    0x080001f2   0x00000006   Code   RO         4589    .ARM.Collect$$_printf_percent$$0000000E  c_w.l(_printf_lld.o)
    0x080001f8   0x00000006   Code   RO         4752    .ARM.Collect$$_printf_percent$$0000000F  c_w.l(_printf_llu.o)
    0x080001fe   0x00000006   Code   RO         4757    .ARM.Collect$$_printf_percent$$00000010  c_w.l(_printf_llo.o)
    0x08000204   0x00000006   Code   RO         4758    .ARM.Collect$$_printf_percent$$00000011  c_w.l(_printf_llx.o)
    0x0800020a   0x0000000a   Code   RO         4754    .ARM.Collect$$_printf_percent$$00000012  c_w.l(_printf_l.o)
    0x08000214   0x00000006   Code   RO         4739    .ARM.Collect$$_printf_percent$$00000013  c_w.l(_printf_c.o)
    0x0800021a   0x00000006   Code   RO         4586    .ARM.Collect$$_printf_percent$$00000014  c_w.l(_printf_s.o)
    0x08000220   0x00000006   Code   RO         4755    .ARM.Collect$$_printf_percent$$00000015  c_w.l(_printf_lc.o)
    0x08000226   0x00000006   Code   RO         4756    .ARM.Collect$$_printf_percent$$00000016  c_w.l(_printf_ls.o)
    0x0800022c   0x00000004   Code   RO         4750    .ARM.Collect$$_printf_percent$$00000017  c_w.l(_printf_percent_end.o)
    0x08000230   0x00000002   Code   RO         5046    .ARM.Collect$$libinit$$00000000  c_w.l(libinit.o)
    0x08000232   0x00000000   Code   RO         4768    .ARM.Collect$$libinit$$00000002  c_w.l(libinit2.o)
    0x08000232   0x00000000   Code   RO         4770    .ARM.Collect$$libinit$$00000004  c_w.l(libinit2.o)
    0x08000232   0x00000000   Code   RO         4773    .ARM.Collect$$libinit$$0000000A  c_w.l(libinit2.o)
    0x08000232   0x00000000   Code   RO         4775    .ARM.Collect$$libinit$$0000000C  c_w.l(libinit2.o)
    0x08000232   0x00000004   Code   RO         4776    .ARM.Collect$$libinit$$0000000D  c_w.l(libinit2.o)
    0x08000236   0x00000000   Code   RO         4777    .ARM.Collect$$libinit$$0000000E  c_w.l(libinit2.o)
    0x08000236   0x00000006   Code   RO         4778    .ARM.Collect$$libinit$$0000000F  c_w.l(libinit2.o)
    0x0800023c   0x00000000   Code   RO         4780    .ARM.Collect$$libinit$$00000011  c_w.l(libinit2.o)
    0x0800023c   0x0000000c   Code   RO         4781    .ARM.Collect$$libinit$$00000012  c_w.l(libinit2.o)
    0x08000248   0x00000000   Code   RO         4782    .ARM.Collect$$libinit$$00000013  c_w.l(libinit2.o)
    0x08000248   0x00000000   Code   RO         4784    .ARM.Collect$$libinit$$00000015  c_w.l(libinit2.o)
    0x08000248   0x0000000a   Code   RO         4785    .ARM.Collect$$libinit$$00000016  c_w.l(libinit2.o)
    0x08000252   0x00000000   Code   RO         4786    .ARM.Collect$$libinit$$00000017  c_w.l(libinit2.o)
    0x08000252   0x00000000   Code   RO         4788    .ARM.Collect$$libinit$$00000019  c_w.l(libinit2.o)
    0x08000252   0x00000000   Code   RO         4790    .ARM.Collect$$libinit$$0000001B  c_w.l(libinit2.o)
    0x08000252   0x00000000   Code   RO         4792    .ARM.Collect$$libinit$$0000001D  c_w.l(libinit2.o)
    0x08000252   0x00000000   Code   RO         4794    .ARM.Collect$$libinit$$0000001F  c_w.l(libinit2.o)
    0x08000252   0x00000000   Code   RO         4796    .ARM.Collect$$libinit$$00000021  c_w.l(libinit2.o)
    0x08000252   0x00000000   Code   RO         4798    .ARM.Collect$$libinit$$00000023  c_w.l(libinit2.o)
    0x08000252   0x00000000   Code   RO         4800    .ARM.Collect$$libinit$$00000025  c_w.l(libinit2.o)
    0x08000252   0x00000000   Code   RO         4804    .ARM.Collect$$libinit$$0000002C  c_w.l(libinit2.o)
    0x08000252   0x00000000   Code   RO         4806    .ARM.Collect$$libinit$$0000002E  c_w.l(libinit2.o)
    0x08000252   0x00000000   Code   RO         4808    .ARM.Collect$$libinit$$00000030  c_w.l(libinit2.o)
    0x08000252   0x00000000   Code   RO         4810    .ARM.Collect$$libinit$$00000032  c_w.l(libinit2.o)
    0x08000252   0x00000002   Code   RO         4811    .ARM.Collect$$libinit$$00000033  c_w.l(libinit2.o)
    0x08000254   0x00000002   Code   RO         5163    .ARM.Collect$$libshutdown$$00000000  c_w.l(libshutdown.o)
    0x08000256   0x00000000   Code   RO         5048    .ARM.Collect$$libshutdown$$00000002  c_w.l(libshutdown2.o)
    0x08000256   0x00000000   Code   RO         5050    .ARM.Collect$$libshutdown$$00000004  c_w.l(libshutdown2.o)
    0x08000256   0x00000000   Code   RO         5053    .ARM.Collect$$libshutdown$$00000007  c_w.l(libshutdown2.o)
    0x08000256   0x00000000   Code   RO         5056    .ARM.Collect$$libshutdown$$0000000A  c_w.l(libshutdown2.o)
    0x08000256   0x00000000   Code   RO         5058    .ARM.Collect$$libshutdown$$0000000C  c_w.l(libshutdown2.o)
    0x08000256   0x00000000   Code   RO         5061    .ARM.Collect$$libshutdown$$0000000F  c_w.l(libshutdown2.o)
    0x08000256   0x00000002   Code   RO         5062    .ARM.Collect$$libshutdown$$00000010  c_w.l(libshutdown2.o)
    0x08000258   0x00000000   Code   RO         4679    .ARM.Collect$$rtentry$$00000000  c_w.l(__rtentry.o)
    0x08000258   0x00000000   Code   RO         4862    .ARM.Collect$$rtentry$$00000002  c_w.l(__rtentry2.o)
    0x08000258   0x00000006   Code   RO         4874    .ARM.Collect$$rtentry$$00000004  c_w.l(__rtentry4.o)
    0x0800025e   0x00000000   Code   RO         4864    .ARM.Collect$$rtentry$$00000009  c_w.l(__rtentry2.o)
    0x0800025e   0x00000004   Code   RO         4865    .ARM.Collect$$rtentry$$0000000A  c_w.l(__rtentry2.o)
    0x08000262   0x00000000   Code   RO         4867    .ARM.Collect$$rtentry$$0000000C  c_w.l(__rtentry2.o)
    0x08000262   0x00000008   Code   RO         4868    .ARM.Collect$$rtentry$$0000000D  c_w.l(__rtentry2.o)
    0x0800026a   0x00000002   Code   RO         5072    .ARM.Collect$$rtexit$$00000000  c_w.l(rtexit.o)
    0x0800026c   0x00000000   Code   RO         5124    .ARM.Collect$$rtexit$$00000002  c_w.l(rtexit2.o)
    0x0800026c   0x00000004   Code   RO         5125    .ARM.Collect$$rtexit$$00000003  c_w.l(rtexit2.o)
    0x08000270   0x00000006   Code   RO         5126    .ARM.Collect$$rtexit$$00000004  c_w.l(rtexit2.o)
    0x08000276   0x00000002   PAD
    0x08000278   0x00000034   Code   RO         4592    .emb_text           c_w.l(rand.o)
    0x080002ac   0x00000040   Code   RO            4    .text               startup_stm32f10x_md.o
    0x080002ec   0x000000ee   Code   RO         4546    .text               c_w.l(lludivv7m.o)
    0x080003da   0x00000002   PAD
    0x080003dc   0x00000024   Code   RO         4548    .text               c_w.l(vsprintf.o)
    0x08000400   0x0000002c   Code   RO         4552    .text               c_w.l(__2sprintf.o)
    0x0800042c   0x00000052   Code   RO         4560    .text               c_w.l(_printf_str.o)
    0x0800047e   0x00000002   PAD
    0x08000480   0x00000078   Code   RO         4562    .text               c_w.l(_printf_dec.o)
    0x080004f8   0x0000007c   Code   RO         4564    .text               c_w.l(_printf_longlong_dec.o)
    0x08000574   0x00000188   Code   RO         4583    .text               c_w.l(__printf_flags_ss_wp.o)
    0x080006fc   0x0000003c   Code   RO         4593    .text               c_w.l(rand.o)
    0x08000738   0x00000024   Code   RO         4597    .text               c_w.l(strstr.o)
    0x0800075c   0x0000003e   Code   RO         4599    .text               c_w.l(strlen.o)
    0x0800079a   0x00000018   Code   RO         4601    .text               c_w.l(strcat.o)
    0x080007b2   0x00000064   Code   RO         4603    .text               c_w.l(rt_memcpy_w.o)
    0x08000816   0x00000002   PAD
    0x08000818   0x00000080   Code   RO         4609    .text               c_w.l(strcmpv7m.o)
    0x08000898   0x00000006   Code   RO         4611    .text               c_w.l(heapauxi.o)
    0x0800089e   0x0000008a   Code   RO         4689    .text               c_w.l(lludiv10.o)
    0x08000928   0x0000004e   Code   RO         4693    .text               c_w.l(_printf_pad.o)
    0x08000976   0x00000024   Code   RO         4695    .text               c_w.l(_printf_truncate.o)
    0x0800099a   0x000000b2   Code   RO         4697    .text               c_w.l(_printf_intcommon.o)
    0x08000a4c   0x00000028   Code   RO         4699    .text               c_w.l(_printf_charcount.o)
    0x08000a74   0x00000030   Code   RO         4701    .text               c_w.l(_printf_char_common.o)
    0x08000aa4   0x0000000a   Code   RO         4703    .text               c_w.l(_sputc.o)
    0x08000aae   0x0000002c   Code   RO         4705    .text               c_w.l(_printf_char.o)
    0x08000ada   0x00000002   PAD
    0x08000adc   0x000000bc   Code   RO         4709    .text               c_w.l(_printf_wctomb.o)
    0x08000b98   0x00000070   Code   RO         4716    .text               c_w.l(_printf_oct_int_ll.o)
    0x08000c08   0x00000094   Code   RO         4736    .text               c_w.l(_printf_hex_int_ll_ptr.o)
    0x08000c9c   0x00000008   Code   RO         4858    .text               c_w.l(libspace.o)
    0x08000ca4   0x00000010   Code   RO         4876    .text               c_w.l(rt_ctype_table.o)
    0x08000cb4   0x0000041a   Code   RO         4880    .text               c_w.l(_printf_fp_dec.o)
    0x080010ce   0x00000002   PAD
    0x080010d0   0x000002fc   Code   RO         4882    .text               c_w.l(_printf_fp_hex.o)
    0x080013cc   0x0000002c   Code   RO         4887    .text               c_w.l(_printf_wchar.o)
    0x080013f8   0x00000040   Code   RO         4899    .text               c_w.l(_wcrtomb.o)
    0x08001438   0x0000004a   Code   RO         4918    .text               c_w.l(sys_stackheap_outer.o)
    0x08001482   0x00000002   PAD
    0x08001484   0x00000008   Code   RO         4923    .text               c_w.l(rt_locale_intlibspace.o)
    0x0800148c   0x00000080   Code   RO         4981    .text               c_w.l(_printf_fp_infnan.o)
    0x0800150c   0x000000dc   Code   RO         4985    .text               c_w.l(bigflt0.o)
    0x080015e8   0x00000012   Code   RO         5027    .text               c_w.l(exit.o)
    0x080015fa   0x00000002   Code   RO         5069    .text               c_w.l(use_no_semi.o)
    0x080015fc   0x00000000   Code   RO         5071    .text               c_w.l(indicate_semi.o)
    0x080015fc   0x0000000c   Code   RO         5121    .text               c_w.l(sys_exit.o)
    0x08001608   0x0000003e   Code   RO         4988    CL$$btod_d2e        c_w.l(btod.o)
    0x08001646   0x00000046   Code   RO         4990    CL$$btod_d2e_denorm_low  c_w.l(btod.o)
    0x0800168c   0x00000060   Code   RO         4989    CL$$btod_d2e_norm_op1  c_w.l(btod.o)
    0x080016ec   0x00000338   Code   RO         4998    CL$$btod_div_common  c_w.l(btod.o)
    0x08001a24   0x000000c6   Code   RO         4995    CL$$btod_e2e        c_w.l(btod.o)
    0x08001aea   0x00000028   Code   RO         4992    CL$$btod_ediv       c_w.l(btod.o)
    0x08001b12   0x00000028   Code   RO         4991    CL$$btod_emul       c_w.l(btod.o)
    0x08001b3a   0x00000244   Code   RO         4997    CL$$btod_mult_common  c_w.l(btod.o)
    0x08001d7e   0x00000002   PAD
    0x08001d80   0x00000034   Code   RO         4111    i.AIR780_check_cmd  air780.o
    0x08001db4   0x00000090   Code   RO         4112    i.AIR780_send_cmd   air780.o
    0x08001e44   0x0000006e   Code   RO         4015    i.ASCII_TO_Unicode  ascii_to_unicode.o
    0x08001eb2   0x00000004   Code   RO         4408    i.BusFault_Handler  stm32f10x_it.o
    0x08001eb6   0x00000018   Code   RO          911    i.DMA_Cmd           stm32f10x_dma.o
    0x08001ece   0x00000002   PAD
    0x08001ed0   0x0000014c   Code   RO          912    i.DMA_DeInit        stm32f10x_dma.o
    0x0800201c   0x0000003c   Code   RO          917    i.DMA_Init          stm32f10x_dma.o
    0x08002058   0x00000004   Code   RO          918    i.DMA_SetCurrDataCounter  stm32f10x_dma.o
    0x0800205c   0x0000020c   Code   RO         4293    i.DS1302_Dis        ds1302.o
    0x08002268   0x00000158   Code   RO         4294    i.DS1302_Dis1       ds1302.o
    0x080023c0   0x0000002c   Code   RO         4296    i.DS1302_IN_GPIO_INIT  ds1302.o
    0x080023ec   0x00000040   Code   RO         4297    i.DS1302_OUT_GPIO_INIT  ds1302.o
    0x0800242c   0x00000002   Code   RO         4409    i.DebugMon_Handler  stm32f10x_it.o
    0x0800242e   0x0000000a   Code   RO         4298    i.Delay1us          ds1302.o
    0x08002438   0x000000e4   Code   RO         4300    i.Ds1302Read        ds1302.o
    0x0800251c   0x00000024   Code   RO         4301    i.Ds1302ReadTime    ds1302.o
    0x08002540   0x00000010   Code   RO         3250    i.EXTI0_IRQHandler  exti.o
    0x08002550   0x0000002c   Code   RO         3251    i.EXTI15_10_IRQHandler  exti.o
    0x0800257c   0x0000001c   Code   RO         3252    i.EXTI1_IRQHandler  exti.o
    0x08002598   0x0000001c   Code   RO         3253    i.EXTI4_IRQHandler  exti.o
    0x080025b4   0x0000002c   Code   RO         3254    i.EXTI9_5_IRQHandler  exti.o
    0x080025e0   0x0000000c   Code   RO          985    i.EXTI_ClearITPendingBit  stm32f10x_exti.o
    0x080025ec   0x00000028   Code   RO          989    i.EXTI_GetITStatus  stm32f10x_exti.o
    0x08002614   0x00000116   Code   RO         1347    i.GPIO_Init         stm32f10x_gpio.o
    0x0800272a   0x00000002   PAD
    0x0800272c   0x00000090   Code   RO         1349    i.GPIO_PinRemapConfig  stm32f10x_gpio.o
    0x080027bc   0x00000012   Code   RO         1351    i.GPIO_ReadInputDataBit  stm32f10x_gpio.o
    0x080027ce   0x00000004   Code   RO         1354    i.GPIO_ResetBits    stm32f10x_gpio.o
    0x080027d2   0x00000004   Code   RO         1355    i.GPIO_SetBits      stm32f10x_gpio.o
    0x080027d6   0x0000000a   Code   RO         1358    i.GPIO_WriteBit     stm32f10x_gpio.o
    0x080027e0   0x00000004   Code   RO         4410    i.HardFault_Handler  stm32f10x_it.o
    0x080027e4   0x00000064   Code   RO         4030    i.KEY_4x4_Init      keypad4x4.o
    0x08002848   0x000004c0   Code   RO         4031    i.KEY_Scan          keypad4x4.o
    0x08002d08   0x00000010   Code   RO         3391    i.LED1_OFF          led.o
    0x08002d18   0x00000010   Code   RO         3392    i.LED1_ON           led.o
    0x08002d28   0x00000010   Code   RO         3394    i.LED2_OFF          led.o
    0x08002d38   0x00000010   Code   RO         3395    i.LED2_ON           led.o
    0x08002d48   0x00000014   Code   RO         3397    i.LED3_OFF          led.o
    0x08002d5c   0x00000014   Code   RO         3398    i.LED3_ON           led.o
    0x08002d70   0x00000014   Code   RO         3400    i.LED4_OFF          led.o
    0x08002d84   0x00000014   Code   RO         3401    i.LED4_ON           led.o
    0x08002d98   0x0000005c   Code   RO         3403    i.LED_Init          led.o
    0x08002df4   0x00000004   Code   RO         4411    i.MemManage_Handler  stm32f10x_it.o
    0x08002df8   0x000000c0   Code   RO         3336    i.MyUSART_Init      usart.o
    0x08002eb8   0x00000002   Code   RO         4412    i.NMI_Handler       stm32f10x_it.o
    0x08002eba   0x0000000c   Code   RO         3220    i.NVIC_Configuration  sys.o
    0x08002ec6   0x00000002   PAD
    0x08002ec8   0x00000070   Code   RO          137    i.NVIC_Init         misc.o
    0x08002f38   0x00000014   Code   RO          138    i.NVIC_PriorityGroupConfig  misc.o
    0x08002f4c   0x00000028   Code   RO         3511    i.OLED_Clear        oled.o
    0x08002f74   0x000000a8   Code   RO         3512    i.OLED_ClearArea    oled.o
    0x0800301c   0x00000050   Code   RO         3517    i.OLED_DrawPoint    oled.o
    0x0800306c   0x0000008e   Code   RO         3518    i.OLED_DrawRectangle  oled.o
    0x080030fa   0x00000002   PAD
    0x080030fc   0x00000050   Code   RO         3520    i.OLED_GPIO_Init    oled.o
    0x0800314c   0x0000003e   Code   RO         3522    i.OLED_I2C_SendByte  oled.o
    0x0800318a   0x0000001c   Code   RO         3523    i.OLED_I2C_Start    oled.o
    0x080031a6   0x00000016   Code   RO         3524    i.OLED_I2C_Stop     oled.o
    0x080031bc   0x00000092   Code   RO         3525    i.OLED_Init         oled.o
    0x0800324e   0x00000014   Code   RO         3527    i.OLED_Pow          oled.o
    0x08003262   0x00000022   Code   RO         3531    i.OLED_SetCursor    oled.o
    0x08003284   0x00000054   Code   RO         3533    i.OLED_ShowChar     oled.o
    0x080032d8   0x0000009c   Code   RO         3534    i.OLED_ShowChinese  oled.o
    0x08003374   0x0000012c   Code   RO         3537    i.OLED_ShowImage    oled.o
    0x080034a0   0x0000004c   Code   RO         3538    i.OLED_ShowNum      oled.o
    0x080034ec   0x0000002e   Code   RO         3540    i.OLED_ShowString   oled.o
    0x0800351a   0x00000002   PAD
    0x0800351c   0x00000028   Code   RO         3541    i.OLED_Update       oled.o
    0x08003544   0x00000014   Code   RO         3543    i.OLED_W_SCL        oled.o
    0x08003558   0x00000014   Code   RO         3544    i.OLED_W_SDA        oled.o
    0x0800356c   0x00000020   Code   RO         3545    i.OLED_WriteCommand  oled.o
    0x0800358c   0x0000002e   Code   RO         3546    i.OLED_WriteData    oled.o
    0x080035ba   0x00000002   PAD
    0x080035bc   0x000001ac   Code   RO         4115    i.PUD_AIR780_Init   air780.o
    0x08003768   0x00000148   Code   RO         4116    i.PUD_AIR780_SendChMessage  air780.o
    0x080038b0   0x000000f0   Code   RO         4117    i.PUD_AIR_Dect      air780.o
    0x080039a0   0x000000c8   Code   RO         3760    i.PWM_Init          pwm.o
    0x08003a68   0x00000014   Code   RO         3761    i.PWM_SetCompare1   pwm.o
    0x08003a7c   0x00000014   Code   RO         3762    i.PWM_SetCompare2   pwm.o
    0x08003a90   0x00000014   Code   RO         3763    i.PWM_SetCompare3   pwm.o
    0x08003aa4   0x00000014   Code   RO         3764    i.PWM_SetCompare4   pwm.o
    0x08003ab8   0x00000002   Code   RO         4413    i.PendSV_Handler    stm32f10x_it.o
    0x08003aba   0x00000002   PAD
    0x08003abc   0x00000038   Code   RO         4264    i.PhoneNum          phonenum.o
    0x08003af4   0x00000020   Code   RO         1774    i.RCC_AHBPeriphClockCmd  stm32f10x_rcc.o
    0x08003b14   0x00000020   Code   RO         1775    i.RCC_APB1PeriphClockCmd  stm32f10x_rcc.o
    0x08003b34   0x00000020   Code   RO         1776    i.RCC_APB1PeriphResetCmd  stm32f10x_rcc.o
    0x08003b54   0x00000020   Code   RO         1777    i.RCC_APB2PeriphClockCmd  stm32f10x_rcc.o
    0x08003b74   0x00000020   Code   RO         1778    i.RCC_APB2PeriphResetCmd  stm32f10x_rcc.o
    0x08003b94   0x000000d4   Code   RO         1785    i.RCC_GetClocksFreq  stm32f10x_rcc.o
    0x08003c68   0x00000002   Code   RO         4414    i.SVC_Handler       stm32f10x_it.o
    0x08003c6a   0x00000020   Code   RO         4222    i.Servo_Init        servo.o
    0x08003c8a   0x00000002   PAD
    0x08003c8c   0x0000003c   Code   RO         4223    i.Servo_SetAngle1   servo.o
    0x08003cc8   0x0000003c   Code   RO         4224    i.Servo_SetAngle2   servo.o
    0x08003d04   0x0000003c   Code   RO         4225    i.Servo_SetAngle3   servo.o
    0x08003d40   0x0000003c   Code   RO         4226    i.Servo_SetAngle4   servo.o
    0x08003d7c   0x00000008   Code   RO           24    i.SetSysClock       system_stm32f10x.o
    0x08003d84   0x000000e0   Code   RO           25    i.SetSysClockTo72   system_stm32f10x.o
    0x08003e64   0x00000034   Code   RO         4054    i.SuiJiShu          suijishu.o
    0x08003e98   0x00000034   Code   RO         4055    i.SuiJiShuBY        suijishu.o
    0x08003ecc   0x00000002   Code   RO         4415    i.SysTick_Handler   stm32f10x_it.o
    0x08003ece   0x00000002   PAD
    0x08003ed0   0x00000060   Code   RO           27    i.SystemInit        system_stm32f10x.o
    0x08003f30   0x000001e4   Code   RO         4056    i.TIM2_IRQHandler   suijishu.o
    0x08004114   0x0000007c   Code   RO         3872    i.TIM4_IRQHandler   usart2.o
    0x08004190   0x00000058   Code   RO         3873    i.TIM4_Init         usart2.o
    0x080041e8   0x00000028   Code   RO         3874    i.TIM4_Set          usart2.o
    0x08004210   0x00000006   Code   RO         2415    i.TIM_ClearFlag     stm32f10x_tim.o
    0x08004216   0x00000006   Code   RO         2416    i.TIM_ClearITPendingBit  stm32f10x_tim.o
    0x0800421c   0x00000018   Code   RO         2421    i.TIM_Cmd           stm32f10x_tim.o
    0x08004234   0x00000022   Code   RO         2442    i.TIM_GetITStatus   stm32f10x_tim.o
    0x08004256   0x00000012   Code   RO         2446    i.TIM_ITConfig      stm32f10x_tim.o
    0x08004268   0x0000000c   Code   RO         2448    i.TIM_InternalClockConfig  stm32f10x_tim.o
    0x08004274   0x00000098   Code   RO         2450    i.TIM_OC1Init       stm32f10x_tim.o
    0x0800430c   0x000000a4   Code   RO         2455    i.TIM_OC2Init       stm32f10x_tim.o
    0x080043b0   0x000000a0   Code   RO         2460    i.TIM_OC3Init       stm32f10x_tim.o
    0x08004450   0x0000007c   Code   RO         2465    i.TIM_OC4Init       stm32f10x_tim.o
    0x080044cc   0x00000014   Code   RO         2468    i.TIM_OCStructInit  stm32f10x_tim.o
    0x080044e0   0x00000004   Code   RO         2482    i.TIM_SetCompare1   stm32f10x_tim.o
    0x080044e4   0x00000004   Code   RO         2483    i.TIM_SetCompare2   stm32f10x_tim.o
    0x080044e8   0x00000004   Code   RO         2484    i.TIM_SetCompare3   stm32f10x_tim.o
    0x080044ec   0x00000006   Code   RO         2485    i.TIM_SetCompare4   stm32f10x_tim.o
    0x080044f2   0x00000004   Code   RO         2486    i.TIM_SetCounter    stm32f10x_tim.o
    0x080044f6   0x00000002   PAD
    0x080044f8   0x000000a4   Code   RO         2492    i.TIM_TimeBaseInit  stm32f10x_tim.o
    0x0800459c   0x0000007e   Code   RO         3235    i.Timer_Init        timer.o
    0x0800461a   0x00000002   PAD
    0x0800461c   0x00000020   Code   RO         3875    i.UART2SendByte     usart2.o
    0x0800463c   0x0000001e   Code   RO         3876    i.UART2SendString   usart2.o
    0x0800465a   0x00000002   PAD
    0x0800465c   0x00000020   Code   RO         3877    i.UART3SendByte     usart2.o
    0x0800467c   0x0000001e   Code   RO         3878    i.UART3SendString   usart2.o
    0x0800469a   0x00000048   Code   RO         3879    i.UART_DMA_Config   usart2.o
    0x080046e2   0x00000020   Code   RO         3880    i.UART_DMA_Enable   usart2.o
    0x08004702   0x00000002   PAD
    0x08004704   0x00000024   Code   RO         3337    i.USART1_IRQHandler  usart.o
    0x08004728   0x00000064   Code   RO         3881    i.USART2_IRQHandler  usart2.o
    0x0800478c   0x000000e4   Code   RO         3882    i.USART2_Init       usart2.o
    0x08004870   0x00000084   Code   RO         3883    i.USART3_Init       usart2.o
    0x080048f4   0x00000018   Code   RO         2960    i.USART_Cmd         stm32f10x_usart.o
    0x0800490c   0x00000012   Code   RO         2961    i.USART_DMACmd      stm32f10x_usart.o
    0x0800491e   0x00000002   PAD
    0x08004920   0x0000009c   Code   RO         2962    i.USART_DeInit      stm32f10x_usart.o
    0x080049bc   0x0000001a   Code   RO         2963    i.USART_GetFlagStatus  stm32f10x_usart.o
    0x080049d6   0x00000054   Code   RO         2964    i.USART_GetITStatus  stm32f10x_usart.o
    0x08004a2a   0x0000004a   Code   RO         2966    i.USART_ITConfig    stm32f10x_usart.o
    0x08004a74   0x000000d8   Code   RO         2967    i.USART_Init        stm32f10x_usart.o
    0x08004b4c   0x0000000a   Code   RO         2974    i.USART_ReceiveData  stm32f10x_usart.o
    0x08004b56   0x00000008   Code   RO         2977    i.USART_SendData    stm32f10x_usart.o
    0x08004b5e   0x00000004   Code   RO         4416    i.UsageFault_Handler  stm32f10x_it.o
    0x08004b62   0x0000001e   Code   RO         3338    i.Usart_SendByte    usart.o
    0x08004b80   0x0000002a   Code   RO         3339    i.Usart_SendString  usart.o
    0x08004baa   0x00000028   Code   RO         4907    i.__ARM_fpclassify  m_ws.l(fpclassify.o)
    0x08004bd2   0x0000000e   Code   RO         4576    i._is_digit         c_w.l(__printf_wp.o)
    0x08004be0   0x00000018   Code   RO         3196    i.delay_ms          delay.o
    0x08004bf8   0x0000002e   Code   RO         3198    i.delay_us          delay.o
    0x08004c26   0x00000002   PAD
    0x08004c28   0x000001f8   Code   RO         4369    i.main              main.o
    0x08004e20   0x00000070   Code   RO         4471    i.my_testA0         menu.o
    0x08004e90   0x00000170   Code   RO         4472    i.my_testB1         menu.o
    0x08005000   0x000000b0   Code   RO         4473    i.my_testB2         menu.o
    0x080050b0   0x000032a0   Code   RO         4474    i.my_testC3         menu.o
    0x08008350   0x000001fc   Code   RO         4475    i.my_testC4         menu.o
    0x0800854c   0x00000150   Code   RO         4476    i.my_testD5         menu.o
    0x0800869c   0x00000150   Code   RO         4477    i.my_testD6         menu.o
    0x080087ec   0x000008b4   Code   RO         4478    i.my_testE7         menu.o
    0x080090a0   0x0000088c   Code   RO         4479    i.my_testE8         menu.o
    0x0800992c   0x00000026   Code   RO         4266    i.swapCharactersInString  phonenum.o
    0x08009952   0x00000002   PAD
    0x08009954   0x00000040   Code   RO         3884    i.u2_printf         usart2.o
    0x08009994   0x0000002c   Code   RO         5022    locale$$code        c_w.l(lc_ctype_c.o)
    0x080099c0   0x0000002c   Code   RO         5025    locale$$code        c_w.l(lc_numeric_c.o)
    0x080099ec   0x000000c4   Code   RO         4647    x$fpl$fadd          fz_ws.l(faddsub_clz.o)
    0x08009ab0   0x00000184   Code   RO         4654    x$fpl$fdiv          fz_ws.l(fdiv.o)
    0x08009c34   0x0000003e   Code   RO         4657    x$fpl$ffixu         fz_ws.l(ffixu.o)
    0x08009c72   0x00000002   PAD
    0x08009c74   0x00000030   Code   RO         4662    x$fpl$fflt          fz_ws.l(fflt_clz.o)
    0x08009ca4   0x00000102   Code   RO         4669    x$fpl$fmul          fz_ws.l(fmul.o)
    0x08009da6   0x0000008c   Code   RO         4820    x$fpl$fnaninf       fz_ws.l(fnaninf.o)
    0x08009e32   0x0000000a   Code   RO         4822    x$fpl$fretinf       fz_ws.l(fretinf.o)
    0x08009e3c   0x000000ea   Code   RO         4649    x$fpl$fsub          fz_ws.l(faddsub_clz.o)
    0x08009f26   0x00000004   Code   RO         4824    x$fpl$printf1       fz_ws.l(printf1.o)
    0x08009f2a   0x00000004   Code   RO         4826    x$fpl$printf2       fz_ws.l(printf2.o)
    0x08009f2e   0x00000000   Code   RO         4832    x$fpl$usenofp       fz_ws.l(usenofp.o)
    0x08009f2e   0x00002501   Data   RO         4209    .constdata          oled_data.o
    0x0800c42f   0x00000001   PAD
    0x0800c430   0x0000000a   Data   RO         4267    .constdata          phonenum.o
    0x0800c43a   0x00000002   PAD
    0x0800c43c   0x000000c8   Data   RO         4481    .constdata          menu.o
    0x0800c504   0x00000011   Data   RO         4584    .constdata          c_w.l(__printf_flags_ss_wp.o)
    0x0800c515   0x00000003   PAD
    0x0800c518   0x00000008   Data   RO         4710    .constdata          c_w.l(_printf_wctomb.o)
    0x0800c520   0x00000028   Data   RO         4737    .constdata          c_w.l(_printf_hex_int_ll_ptr.o)
    0x0800c548   0x00000026   Data   RO         4883    .constdata          c_w.l(_printf_fp_hex.o)
    0x0800c56e   0x00000002   PAD
    0x0800c570   0x00000094   Data   RO         4986    .constdata          c_w.l(bigflt0.o)
    0x0800c604   0x000000cd   Data   RO         4482    .conststring        menu.o
    0x0800c6d1   0x00000003   PAD
    0x0800c6d4   0x00000020   Data   RO         5180    Region$$Table       anon$$obj.o
    0x0800c6f4   0x00000110   Data   RO         5021    locale$$data        c_w.l(lc_ctype_c.o)
    0x0800c804   0x0000001c   Data   RO         5024    locale$$data        c_w.l(lc_numeric_c.o)


    Execution Region RW_IRAM1 (Base: 0x20000000, Size: 0x00001be8, Max: 0x00005000, ABSOLUTE, COMPRESSED[0x000000b4])

    Base Addr    Size         Type   Attr      Idx    E Section Name        Object

    0x20000000   0x00000014   Data   RW         1805    .data               stm32f10x_rcc.o
    0x20000014   0x00000005   Data   RW         3886    .data               usart2.o
    0x20000019   0x00000001   Data   RW         4032    .data               keypad4x4.o
    0x2000001a   0x00000006   PAD
    0x20000020   0x00000030   Data   RW         4057    .data               suijishu.o
    0x20000050   0x00000018   Data   RW         4303    .data               ds1302.o
    0x20000068   0x000002f4   Data   RW         4371    .data               main.o
    0x2000035c   0x00000004   PAD
    0x20000360   0x00000040   Data   RW         4483    .data               menu.o
    0x200003a0   0x00000400   Zero   RW         3548    .bss                oled.o
    0x200007a0   0x00000800   Zero   RW         3885    .bss                usart2.o
    0x20000fa0   0x0000035d   Zero   RW         4370    .bss                main.o
    0x200012fd   0x00000003   PAD
    0x20001300   0x000001a4   Zero   RW         4480    .bss                menu.o
    0x200014a4   0x000000e4   Zero   RW         4594    .bss                c_w.l(rand.o)
    0x20001588   0x00000060   Zero   RW         4859    .bss                c_w.l(libspace.o)
    0x200015e8   0x00000200   Zero   RW            2    HEAP                startup_stm32f10x_md.o
    0x200017e8   0x00000400   Zero   RW            1    STACK               startup_stm32f10x_md.o


==============================================================================

Image component sizes


      Code (inc. data)   RO Data    RW Data    ZI Data      Debug   Object Name

      1192        366          0          0          0       4512   air780.o
       110          0          0          0          0        727   ascii_to_unicode.o
         0          0          0          0          0       4508   core_cm3.o
        70          0          0          0          0       1042   delay.o
      1250        114          0         24          0       5459   ds1302.o
       160         18          0          0          0       2525   exti.o
      1316         38          0          1          0       2113   keypad4x4.o
       236         48          0          0          0       4343   led.o
       504        126          0        756        861       3370   main.o
     19212       3120        405         64        420      14866   menu.o
       132         22          0          0          0     205043   misc.o
      1642         56          0          0       1024      14938   oled.o
         0          0       9473          0          0       1728   oled_data.o
        94          8         10          0          0       1352   phonenum.o
       280         38          0          0          0       2879   pwm.o
       272         48          0          0          0       2729   servo.o
        64         26        236          0       1536        864   startup_stm32f10x_md.o
         0          0          0          0          0       1716   stm32f10x_adc.o
       420          8          0          0          0      13931   stm32f10x_dma.o
        52         12          0          0          0       1176   stm32f10x_exti.o
       458          6          0          0          0      13598   stm32f10x_gpio.o
        26          0          0          0          0       4262   stm32f10x_it.o
       372         50          0         20          0      15088   stm32f10x_rcc.o
       906         92          0          0          0      31412   stm32f10x_tim.o
       616         28          0          0          0      13651   stm32f10x_usart.o
       588         64          0         48          0       2323   suijishu.o
        12          0          0          0          0        489   sys.o
       328         28          0          0          0      55545   system_stm32f10x.o
       126          0          0          0          0        609   timer.o
       300         14          0          0          0       2979   usart.o
      1004        104          0          5       2048       9234   usart2.o

    ----------------------------------------------------------------------
     31774       4434      10162        928       5892     439011   Object Totals
         0          0         32          0          0          0   (incl. Generated)
        32          0          6         10          3          0   (incl. Padding)

    ----------------------------------------------------------------------

      Code (inc. data)   RO Data    RW Data    ZI Data      Debug   Library Member Name

        44          6          0          0          0         84   __2sprintf.o
        90          0          0          0          0          0   __dczerorl2.o
         8          0          0          0          0         68   __main.o
       392          4         17          0          0         92   __printf_flags_ss_wp.o
        14          0          0          0          0         68   __printf_wp.o
         0          0          0          0          0          0   __rtentry.o
        12          0          0          0          0          0   __rtentry2.o
         6          0          0          0          0          0   __rtentry4.o
        52          8          0          0          0          0   __scatter.o
        28          0          0          0          0          0   __scatter_zi.o
         6          0          0          0          0          0   _printf_a.o
         6          0          0          0          0          0   _printf_c.o
        44          0          0          0          0        108   _printf_char.o
        48          6          0          0          0         96   _printf_char_common.o
        40          0          0          0          0         68   _printf_charcount.o
         6          0          0          0          0          0   _printf_d.o
       120         16          0          0          0         92   _printf_dec.o
         6          0          0          0          0          0   _printf_e.o
         6          0          0          0          0          0   _printf_f.o
      1050          0          0          0          0        216   _printf_fp_dec.o
       764          8         38          0          0        100   _printf_fp_hex.o
       128         16          0          0          0         84   _printf_fp_infnan.o
         6          0          0          0          0          0   _printf_g.o
       148          4         40          0          0        160   _printf_hex_int_ll_ptr.o
         6          0          0          0          0          0   _printf_i.o
       178          0          0          0          0         88   _printf_intcommon.o
        10          0          0          0          0          0   _printf_l.o
         6          0          0          0          0          0   _printf_lc.o
        10          0          0          0          0          0   _printf_ll.o
         6          0          0          0          0          0   _printf_lld.o
         6          0          0          0          0          0   _printf_lli.o
         6          0          0          0          0          0   _printf_llo.o
         6          0          0          0          0          0   _printf_llu.o
         6          0          0          0          0          0   _printf_llx.o
       124         16          0          0          0         92   _printf_longlong_dec.o
         6          0          0          0          0          0   _printf_ls.o
         6          0          0          0          0          0   _printf_n.o
         6          0          0          0          0          0   _printf_o.o
       112         10          0          0          0        124   _printf_oct_int_ll.o
         6          0          0          0          0          0   _printf_p.o
        78          0          0          0          0        108   _printf_pad.o
         0          0          0          0          0          0   _printf_percent.o
         4          0          0          0          0          0   _printf_percent_end.o
         6          0          0          0          0          0   _printf_s.o
        82          0          0          0          0         80   _printf_str.o
        36          0          0          0          0         84   _printf_truncate.o
         6          0          0          0          0          0   _printf_u.o
        44          0          0          0          0        108   _printf_wchar.o
       188          6          8          0          0         92   _printf_wctomb.o
         6          0          0          0          0          0   _printf_x.o
        10          0          0          0          0         68   _sputc.o
        64          0          0          0          0         92   _wcrtomb.o
       220          4        148          0          0         96   bigflt0.o
      1910        128          0          0          0        672   btod.o
        18          0          0          0          0         80   exit.o
         6          0          0          0          0        152   heapauxi.o
         0          0          0          0          0          0   indicate_semi.o
        44         10        272          0          0         76   lc_ctype_c.o
        44         10         28          0          0         76   lc_numeric_c.o
         2          0          0          0          0          0   libinit.o
        34          0          0          0          0          0   libinit2.o
         2          0          0          0          0          0   libshutdown.o
         2          0          0          0          0          0   libshutdown2.o
         8          4          0          0         96         68   libspace.o
       138          0          0          0          0         80   lludiv10.o
       238          0          0          0          0        100   lludivv7m.o
       112         18          0          0        228        160   rand.o
        16          4          0          0          0         76   rt_ctype_table.o
         8          4          0          0          0         68   rt_locale_intlibspace.o
       100          0          0          0          0         80   rt_memcpy_w.o
         2          0          0          0          0          0   rtexit.o
        10          0          0          0          0          0   rtexit2.o
        24          0          0          0          0         68   strcat.o
       128          0          0          0          0         68   strcmpv7m.o
        62          0          0          0          0         76   strlen.o
        36          0          0          0          0         80   strstr.o
        12          4          0          0          0         68   sys_exit.o
        74          0          0          0          0         80   sys_stackheap_outer.o
         2          0          0          0          0         68   use_no_semi.o
        36          4          0          0          0         76   vsprintf.o
       430          8          0          0          0        168   faddsub_clz.o
       388         76          0          0          0         96   fdiv.o
        62          4          0          0          0         84   ffixu.o
        48          0          0          0          0         68   fflt_clz.o
       258          4          0          0          0         84   fmul.o
       140          4          0          0          0         84   fnaninf.o
        10          0          0          0          0         68   fretinf.o
         4          0          0          0          0         68   printf1.o
         4          0          0          0          0         68   printf2.o
         0          0          0          0          0          0   usenofp.o
        40          0          0          0          0         68   fpclassify.o

    ----------------------------------------------------------------------
      8740        386        556          0        324       5396   Library Totals
        20          0          5          0          0          0   (incl. Padding)

    ----------------------------------------------------------------------

      Code (inc. data)   RO Data    RW Data    ZI Data      Debug   Library Name

      7336        290        551          0        324       4540   c_w.l
      1344         96          0          0          0        788   fz_ws.l
        40          0          0          0          0         68   m_ws.l

    ----------------------------------------------------------------------
      8740        386        556          0        324       5396   Library Totals

    ----------------------------------------------------------------------

==============================================================================


      Code (inc. data)   RO Data    RW Data    ZI Data      Debug   

     40514       4820      10718        928       6216     433535   Grand Totals
     40514       4820      10718        180       6216     433535   ELF Image Totals (compressed)
     40514       4820      10718        180          0          0   ROM Totals

==============================================================================

    Total RO  Size (Code + RO Data)                51232 (  50.03kB)
    Total RW  Size (RW Data + ZI Data)              7144 (   6.98kB)
    Total ROM Size (Code + RO Data + RW Data)      51412 (  50.21kB)

==============================================================================

