<html>
<body>
<pre>
<h1>礦ision Build Log</h1>
<h2>Tool Versions:</h2>
IDE-Version: μVision V5.23.0.0
Copyright (C) 2017 ARM Ltd and ARM Germany GmbH. All rights reserved.
License Information: admin admin, admin, LIC=14HV2-9Q6W3-PCVJ8-3DTKX-CJLC2-Z76LU
 
Tool Versions:
Toolchain:       MDK-ARM Plus  Version: 5.23
Toolchain Path:  C:\Keil_v5\ARM\ARMCC\Bin
C Compiler:      Armcc.exe V5.06 update 4 (build 422)
Assembler:       Armasm.exe V5.06 update 4 (build 422)
Linker/Locator:  ArmLink.exe V5.06 update 4 (build 422)
Library Manager: ArmAr.exe V5.06 update 4 (build 422)
Hex Converter:   FromElf.exe V5.06 update 4 (build 422)
CPU DLL:         SARMCM3.DLL V5.23
Dialog DLL:      DCM.DLL V1.15.0.0
Target DLL:      STLink\ST-LINKIII-KEIL_SWO.dll V2.0.18.0
Dialog DLL:      TCM.DLL V1.27.0.0
 
<h2>Project:</h2>
C:\Users\Administrator\Desktop\03 grocery\03.01 嵌入式\c书籍\视觉小车资料\程序源码\STM32F1\2240707321钟卓良基于STM32F1的视觉巡线小车\Project.uvprojx
Project File Date:  12/16/2023

<h2>Output:</h2>
*** Using Compiler 'V5.06 update 4 (build 422)', folder: 'C:\Keil_v5\ARM\ARMCC\Bin'
Build target 'Target 1'
assembling startup_stm32f10x_md.s...
compiling misc.c...
compiling core_cm3.c...
compiling system_stm32f10x.c...
compiling stm32f10x_dbgmcu.c...
compiling stm32f10x_crc.c...
compiling stm32f10x_bkp.c...
compiling stm32f10x_cec.c...
compiling stm32f10x_dac.c...
compiling stm32f10x_adc.c...
compiling stm32f10x_dma.c...
compiling stm32f10x_can.c...
compiling stm32f10x_exti.c...
compiling stm32f10x_flash.c...
compiling stm32f10x_gpio.c...
compiling stm32f10x_fsmc.c...
compiling stm32f10x_iwdg.c...
compiling stm32f10x_i2c.c...
compiling stm32f10x_spi.c...
compiling stm32f10x_rtc.c...
compiling stm32f10x_pwr.c...
compiling stm32f10x_sdio.c...
compiling stm32f10x_rcc.c...
compiling stm32f10x_tim.c...
compiling stm32f10x_usart.c...
compiling Delay.c...
compiling stm32f10x_wwdg.c...
compiling GUI.c...
compiling OLED.c...
compiling csb.c...
compiling pwm.c...
Hardware\pwm.c(72): warning:  #186-D: pointless comparison of unsigned integer with zero
      else if (speed1 <0) speed = 0;
Hardware\pwm.c(81): warning:  #186-D: pointless comparison of unsigned integer with zero
      else if (speed1 <0) speed = 0;
Hardware\pwm.c: 2 warnings, 0 errors
compiling adc_v.c...
compiling Encoder.c...
compiling led.c...
compiling key.c...
compiling stm32f10x_it.c...
compiling main.c...
User\main.c(21): warning:  #177-D: variable "n"  was declared but never referenced
      u16 n = 0;
User\main.c(24): warning:  #177-D: variable "pitch"  was declared but never referenced
      float pitch,roll,yaw;
User\main.c(24): warning:  #177-D: variable "roll"  was declared but never referenced
      float pitch,roll,yaw;
User\main.c(24): warning:  #177-D: variable "yaw"  was declared but never referenced
      float pitch,roll,yaw;
User\main.c: 4 warnings, 0 errors
compiling usart.c...
compiling mpuiic.c...
compiling mpu6050.c...
compiling Avoidance.c...
compiling pid.c...
compiling inv_mpu_dmp_motion_driver.c...
compiling inv_mpu.c...
linking...
Program Size: Code=16238 RO-data=1982 RW-data=76 ZI-data=4452  
".\Objects\Project.axf" - 0 Error(s), 6 Warning(s).

<h2>Collection of Component include folders:</h2>
  .\RTE\_Target_1
  C:\Keil_v5\ARM\PACK\Keil\STM32F1xx_DFP\2.4.1\Device\Include

<h2>Collection of Component Files used:</h2>
Build Time Elapsed:  00:00:03
</pre>
</body>
</html>
